 gol

 Timestamp is 58febb0b (Mon Apr 24 22:57:15 2017)

 Preferred load address is 0000000180000000

 Start         Length     Name                   Class
 0001:00000000 000000a0H .text$di                CODE
 0001:000000a0 00028c60H .text$mn                CODE
 0001:00028d00 00000020H .text$mn$00             CODE
 0001:00028d20 000003f0H .text$x                 CODE
 0001:00029110 0000013cH .text$yd                CODE
 0002:00000000 000002b0H .idata$5                DATA
 0002:000002b0 00000010H .00cfg                  DATA
 0002:000002c0 00000008H .CRT$XCA                DATA
 0002:000002c8 00000018H .CRT$XCC                DATA
 0002:000002e0 00000010H .CRT$XCL                DATA
 0002:000002f0 00000010H .CRT$XCU                DATA
 0002:00000300 00000008H .CRT$XCZ                DATA
 0002:00000308 00000008H .CRT$XIA                DATA
 0002:00000310 00000030H .CRT$XIC                DATA
 0002:00000340 00000008H .CRT$XIZ                DATA
 0002:00000348 00000008H .CRT$XLA                DATA
 0002:00000350 00000008H .CRT$XLZ                DATA
 0002:00000358 00000008H .CRT$XPA                DATA
 0002:00000360 00000010H .CRT$XPX                DATA
 0002:00000370 00000008H .CRT$XPXA               DATA
 0002:00000378 00000008H .CRT$XPZ                DATA
 0002:00000380 00000008H .CRT$XTA                DATA
 0002:00000388 00000008H .CRT$XTZ                DATA
 0002:00000390 00010148H .rdata                  DATA
 0002:000104d8 00000028H .rdata$T                DATA
 0002:00010500 0000090cH .rdata$r                DATA
 0002:00010e0c 00000494H .rdata$zzzdbg           DATA
 0002:000112a0 00000008H .rtc$IAA                DATA
 0002:000112a8 00000008H .rtc$IZZ                DATA
 0002:000112b0 00000008H .rtc$TAA                DATA
 0002:000112b8 00000008H .rtc$TZZ                DATA
 0002:000112c0 00002298H .xdata                  DATA
 0002:00013558 000002acH .xdata$x                DATA
 0002:00013804 00000020H .didat$2                DATA
 0002:00013824 00000024H .didat$3                DATA
 0002:00013848 00000090H .didat$4                DATA
 0002:000138d8 00000420H .didat$6                DATA
 0002:00013cf8 00000098H .didat$7                DATA
 0002:00013d90 0000004cH .edata                  DATA
 0002:00013ddc 00000014H .idata$2                DATA
 0002:00013df0 00000018H .idata$3                DATA
 0002:00013e08 000002b0H .idata$4                DATA
 0002:000140b8 0000063aH .idata$6                DATA
 0003:00000000 00000ab0H .data                   DATA
 0003:00000ab0 00000320H .data$r                 DATA
 0003:00000dd0 00000090H .didat$5                DATA
 0003:00000e60 00001864H .bss                    DATA
 0004:00000000 000025b0H .pdata                  DATA
 0005:00000000 000000b8H .gfids$x                DATA
 0005:000000b8 00000130H .gfids$y                DATA
 0006:00000000 00000004H .tls                    DATA
 0006:00000004 00000004H .tls$                   DATA
 0006:00000008 00000001H .tls$ZZZ                DATA
 0007:00000000 00000060H .rsrc$01                DATA
 0007:00000060 00000180H .rsrc$02                DATA

  Address         Publics by Value              Rva+Base               Lib:Object

 0000:00000000       __guard_iat_count          0000000000000000     <absolute>
 0000:00000000       __dynamic_value_reloc_table 0000000000000000     <absolute>
 0000:00000000       __guard_iat_table          0000000000000000     <absolute>
 0000:00000000       __guard_longjmp_table      0000000000000000     <absolute>
 0000:00000000       __guard_longjmp_count      0000000000000000     <absolute>
 0000:00000000       __guard_fids_count         0000000000000000     <absolute>
 0000:00000000       ___safe_se_handler_table   0000000000000000     <absolute>
 0000:00000000       ___safe_se_handler_count   0000000000000000     <absolute>
 0000:00000000       __guard_fids_table         0000000000000000     <absolute>
 0000:00000100       __guard_flags              0000000000000100     <absolute>
 0000:00000000       __ImageBase                0000000180000000     <linker-defined>
 0001:000000a0       __local_stdio_printf_options 00000001800010a0 f i gameOfLife.obj
 0001:000000b0       ?what@exception@stdext@@UEBAPEBDXZ 00000001800010b0 f i gameOfLife.obj
 0001:000000d0       ?imbue@?$basic_streambuf@DU?$char_traits@D@std@@@std@@MEAAXAEBVlocale@2@@Z 00000001800010d0 f i gameOfLife.obj
 0001:000000d0       _guard_check_icall_nop     00000001800010d0 f i LIBCMT:guard_support.obj
 0001:000000d0       ?_Unlock@?$basic_streambuf@DU?$char_traits@D@std@@@std@@UEAAXXZ 00000001800010d0 f i gameOfLife.obj
 0001:000000d0       __except_validate_context_record 00000001800010d0 f i libvcruntime:jbcxrval.obj
 0001:000000d0       ?_Doraise@exception@stdext@@MEBAXXZ 00000001800010d0 f i gameOfLife.obj
 0001:000000d0       ?_Lock@?$basic_streambuf@DU?$char_traits@D@std@@@std@@UEAAXXZ 00000001800010d0 f i gameOfLife.obj
 0001:000000e0       ??_Eruntime_error@std@@UEAAPEAXI@Z 00000001800010e0 f i * CIL library *:* CIL module *
 0001:000000e0       ??_Gruntime_error@std@@UEAAPEAXI@Z 00000001800010e0 f i gameOfLife.obj
 0001:000000e0       ??_Eexception@stdext@@UEAAPEAXI@Z 00000001800010e0 f i * CIL library *:* CIL module *
 0001:000000e0       ??_Gexception@stdext@@UEAAPEAXI@Z 00000001800010e0 f i gameOfLife.obj
 0001:00000110       sprintf_s                  0000000180001110 f i gameOfLife.obj
 0001:00000170       ?_Deallocate@std@@YAXPEAX_K1@Z 0000000180001170 f i gameOfLife.obj
 0001:000001e0       ?_Doraise@failure@ios_base@std@@MEBAXXZ 00000001800011e0 f i gameOfLife.obj
 0001:000001e0       ?_Doraise@runtime_error@std@@MEBAXXZ 00000001800011e0 f i gameOfLife.obj
 0001:00000200       ?_Decref@_Ref_count_base@std@@QEAAXXZ 0000000180001200 f i gameOfLife.obj
 0001:00000270       ?showmanyc@?$basic_streambuf@DU?$char_traits@D@std@@@std@@MEAA_JXZ 0000000180001270 f i gameOfLife.obj
 0001:00000270       ?sync@?$basic_streambuf@DU?$char_traits@D@std@@@std@@MEAAHXZ 0000000180001270 f i gameOfLife.obj
 0001:00000270       ?_Get_deleter@_Ref_count_base@std@@UEBAPEAXAEBVtype_info@@@Z 0000000180001270 f i gameOfLife.obj
 0001:00000280       ??_E_Ref_count_base@std@@UEAAPEAXI@Z 0000000180001280 f i * CIL library *:* CIL module *
 0001:00000280       ??_G_Ref_count_base@std@@UEAAPEAXI@Z 0000000180001280 f i gameOfLife.obj
 0001:000002b0       ??0_Locinfo@std@@QEAA@PEBD@Z 00000001800012b0 f i gameOfLife.obj
 0001:00000370       ??1_Locinfo@std@@QEAA@XZ   0000000180001370 f i gameOfLife.obj
 0001:00000410       ??_G_Facet_base@std@@UEAAPEAXI@Z 0000000180001410 f i gameOfLife.obj
 0001:00000410       ??_E_Facet_base@std@@UEAAPEAXI@Z 0000000180001410 f i * CIL library *:* CIL module *
 0001:00000440       ?_Incref@facet@locale@std@@UEAAXXZ 0000000180001440 f i gameOfLife.obj
 0001:00000450       ?_Decref@facet@locale@std@@UEAAPEAV_Facet_base@3@XZ 0000000180001450 f i gameOfLife.obj
 0001:00000460       ?_Getcat@?$ctype@D@std@@SA_KPEAPEBVfacet@locale@2@PEBV42@@Z 0000000180001460 f i gameOfLife.obj
 0001:00000520       ?do_tolower@?$ctype@D@std@@MEBADD@Z 0000000180001520 f i gameOfLife.obj
 0001:00000530       ?do_tolower@?$ctype@D@std@@MEBAPEBDPEADPEBD@Z 0000000180001530 f i gameOfLife.obj
 0001:00000590       ?do_toupper@?$ctype@D@std@@MEBADD@Z 0000000180001590 f i gameOfLife.obj
 0001:000005a0       ?do_toupper@?$ctype@D@std@@MEBAPEBDPEADPEBD@Z 00000001800015a0 f i gameOfLife.obj
 0001:00000600       ?do_widen@?$ctype@D@std@@MEBADD@Z 0000000180001600 f i gameOfLife.obj
 0001:00000600       ?do_narrow@?$ctype@D@std@@MEBADDD@Z 0000000180001600 f i gameOfLife.obj
 0001:00000610       ?do_widen@?$ctype@D@std@@MEBAPEBDPEBD0PEAD@Z 0000000180001610 f i gameOfLife.obj
 0001:00000630       ?do_narrow@?$ctype@D@std@@MEBAPEBDPEBD0DPEAD@Z 0000000180001630 f i gameOfLife.obj
 0001:00000650       ??_G?$ctype@D@std@@MEAAPEAXI@Z 0000000180001650 f i gameOfLife.obj
 0001:00000650       ??_E?$ctype@D@std@@MEAAPEAXI@Z 0000000180001650 f i * CIL library *:* CIL module *
 0001:000006c0       ??_Gerror_category@std@@UEAAPEAXI@Z 00000001800016c0 f i gameOfLife.obj
 0001:000006c0       ??_G_Iostream_error_category@std@@UEAAPEAXI@Z 00000001800016c0 f i gameOfLife.obj
 0001:000006c0       ??_Eerror_category@std@@UEAAPEAXI@Z 00000001800016c0 f i * CIL library *:* CIL module *
 0001:000006c0       ??_E_Iostream_error_category@std@@UEAAPEAXI@Z 00000001800016c0 f i * CIL library *:* CIL module *
 0001:000006f0       ?default_error_condition@error_category@std@@UEBA?AVerror_condition@2@H@Z 00000001800016f0 f i gameOfLife.obj
 0001:00000700       ?equivalent@error_category@std@@UEBA_NHAEBVerror_condition@2@@Z 0000000180001700 f i gameOfLife.obj
 0001:00000720       ?equivalent@error_category@std@@UEBA_NAEBVerror_code@2@H@Z 0000000180001720 f i gameOfLife.obj
 0001:00000740       ??0_System_error@std@@IEAA@Verror_code@1@AEBV?$basic_string@DU?$char_traits@D@std@@V?$allocator@D@2@@1@@Z 0000000180001740 f i gameOfLife.obj
 0001:00000960       ??_G_System_error@std@@UEAAPEAXI@Z 0000000180001960 f i gameOfLife.obj
 0001:00000960       ??_E_System_error@std@@UEAAPEAXI@Z 0000000180001960 f i * CIL library *:* CIL module *
 0001:00000960       ??_Efailure@ios_base@std@@UEAAPEAXI@Z 0000000180001960 f i * CIL library *:* CIL module *
 0001:00000960       ??_Gfailure@ios_base@std@@UEAAPEAXI@Z 0000000180001960 f i gameOfLife.obj
 0001:00000990       ?name@_Iostream_error_category@std@@UEBAPEBDXZ 0000000180001990 f i gameOfLife.obj
 0001:000009a0       ?message@_Iostream_error_category@std@@UEBA?AV?$basic_string@DU?$char_traits@D@std@@V?$allocator@D@2@@2@H@Z 00000001800019a0 f i gameOfLife.obj
 0001:00000a20       ?clear@ios_base@std@@QEAAXH_N@Z 0000000180001a20 f i gameOfLife.obj
 0001:00000d90       ??_Eios_base@std@@UEAAPEAXI@Z 0000000180001d90 f i * CIL library *:* CIL module *
 0001:00000d90       ??_Gios_base@std@@UEAAPEAXI@Z 0000000180001d90 f i gameOfLife.obj
 0001:00000dd0       ?id@Cell@gol@@QEBA?AV?$basic_string@DU?$char_traits@D@std@@V?$allocator@D@2@@std@@XZ 0000000180001dd0 f i gameOfLife.obj
 0001:00001050       ??0Environment@gol@@QEAA@HH@Z 0000000180002050 f i gameOfLife.obj
 0001:000012d0       ?NextGeneration@Environment@gol@@QEAAXXZ 00000001800022d0 f i gameOfLife.obj
 0001:00001800       ?setColorAndFlipCell@Environment@gol@@QEAAXHHK@Z 0000000180002800 f i gameOfLife.obj
 0001:00001890       ?flipCell@Environment@gol@@QEAAXHH@Z 0000000180002890 f i gameOfLife.obj
 0001:00001a10       ?neighborCountAndAverageColor@Environment@gol@@QEAA?AUCountAndColor@2@HH@Z 0000000180002a10 f i gameOfLife.obj
 0001:00001ca0       ?hexStringToColor@Environment@gol@@QEAAKV?$basic_string@DU?$char_traits@D@std@@V?$allocator@D@2@@std@@@Z 0000000180002ca0 f i gameOfLife.obj
 0001:00001ff0       ?NODE_SET_METHOD@node@@YAXV?$Local@VObject@v8@@@v8@@PEBDP6AXAEBV?$FunctionCallbackInfo@VValue@v8@@@3@@Z@Z 0000000180002ff0 f i gameOfLife.obj
 0001:000020d0       ?createNewEnvironment@node@@YAXAEBV?$FunctionCallbackInfo@VValue@v8@@@v8@@@Z 00000001800030d0 f   gameOfLife.obj
 0001:00002230       ?nextGeneration@node@@YAXAEBV?$FunctionCallbackInfo@VValue@v8@@@v8@@@Z 0000000180003230 f   gameOfLife.obj
 0001:000022a0       ?getGenerationNumber@node@@YAXAEBV?$FunctionCallbackInfo@VValue@v8@@@v8@@@Z 00000001800032a0 f   gameOfLife.obj
 0001:000022f0       ?setColorAndFlipCell@node@@YAXAEBV?$FunctionCallbackInfo@VValue@v8@@@v8@@@Z 00000001800032f0 f   gameOfLife.obj
 0001:000026e0       ?mapToJSObject@node@@YA?AV?$Local@VObject@v8@@@v8@@V?$map@V?$basic_string@DU?$char_traits@D@std@@V?$allocator@D@2@@std@@KU?$less@V?$basic_string@DU?$char_traits@D@std@@V?$allocator@D@2@@std@@@2@V?$allocator@U?$pair@$$CBV?$basic_string@DU?$char_traits@D@std@@V?$allocator@D@2@@std@@K@std@@@2@@std@@PEAVIsolate@3@@Z 00000001800036e0 f   gameOfLife.obj
 0001:00002bc0       ?getLiveCells@node@@YAXAEBV?$FunctionCallbackInfo@VValue@v8@@@v8@@@Z 0000000180003bc0 f   gameOfLife.obj
 0001:00002c30       ?getCellsBorn@node@@YAXAEBV?$FunctionCallbackInfo@VValue@v8@@@v8@@@Z 0000000180003c30 f   gameOfLife.obj
 0001:00002ec0       ?getCellsDied@node@@YAXAEBV?$FunctionCallbackInfo@VValue@v8@@@v8@@@Z 0000000180003ec0 f   gameOfLife.obj
 0001:00003150       ?init@node@@YAXV?$Local@VObject@v8@@@v8@@@Z 0000000180004150 f   gameOfLife.obj
 0001:00003220       ?erase@?$_Tree@V?$_Tmap_traits@V?$basic_string@DU?$char_traits@D@std@@V?$allocator@D@2@@std@@KU?$less@V?$basic_string@DU?$char_traits@D@std@@V?$allocator@D@2@@std@@@2@V?$allocator@U?$pair@$$CBV?$basic_string@DU?$char_traits@D@std@@V?$allocator@D@2@@std@@K@std@@@2@$0A@@std@@@std@@QEAA_KAEBV?$basic_string@DU?$char_traits@D@std@@V?$allocator@D@2@@2@@Z 0000000180004220 f i gameOfLife.obj
 0001:00003370       ??4?$shared_ptr@V?$map@V?$basic_string@DU?$char_traits@D@std@@V?$allocator@D@2@@std@@KU?$less@V?$basic_string@DU?$char_traits@D@std@@V?$allocator@D@2@@std@@@2@V?$allocator@U?$pair@$$CBV?$basic_string@DU?$char_traits@D@std@@V?$allocator@D@2@@std@@K@std@@@2@@std@@@std@@QEAAAEAV01@$$QEAV01@@Z 0000000180004370 f i gameOfLife.obj
 0001:00003420       ?resize@?$vector@VCell@gol@@V?$allocator@VCell@gol@@@std@@@std@@QEAAX_K@Z 0000000180004420 f i gameOfLife.obj
 0001:00003530       ??1?$basic_string@DU?$char_traits@D@std@@V?$allocator@D@2@@std@@QEAA@XZ 0000000180004530 f i gameOfLife.obj
 0001:000035c0       ??0?$basic_string@DU?$char_traits@D@std@@V?$allocator@D@2@@std@@QEAA@$$QEAV01@@Z 00000001800045c0 f i gameOfLife.obj
 0001:00003660       ??0?$basic_string@DU?$char_traits@D@std@@V?$allocator@D@2@@std@@QEAA@PEBD@Z 0000000180004660 f i gameOfLife.obj
 0001:000036a0       ??1?$basic_stringstream@DU?$char_traits@D@std@@V?$allocator@D@2@@std@@UEAA@XZ 00000001800046a0 f i gameOfLife.obj
 0001:000037d0       ?seekpos@?$basic_stringbuf@DU?$char_traits@D@std@@V?$allocator@D@2@@std@@MEAA?AV?$fpos@U_Mbstatet@@@2@V32@H@Z 00000001800047d0 f i gameOfLife.obj
 0001:000038e0       ?seekoff@?$basic_stringbuf@DU?$char_traits@D@std@@V?$allocator@D@2@@std@@MEAA?AV?$fpos@U_Mbstatet@@@2@_JHH@Z 00000001800048e0 f i gameOfLife.obj
 0001:00003a70       ?underflow@?$basic_stringbuf@DU?$char_traits@D@std@@V?$allocator@D@2@@std@@MEAAHXZ 0000000180004a70 f i gameOfLife.obj
 0001:00003ad0       ?pbackfail@?$basic_stringbuf@DU?$char_traits@D@std@@V?$allocator@D@2@@std@@MEAAHH@Z 0000000180004ad0 f i gameOfLife.obj
 0001:00003b20       ?overflow@?$basic_stringbuf@DU?$char_traits@D@std@@V?$allocator@D@2@@std@@MEAAHH@Z 0000000180004b20 f i gameOfLife.obj
 0001:00003d90       ??6?$basic_ostream@DU?$char_traits@D@std@@@std@@QEAAAEAV01@K@Z 0000000180004d90 f i gameOfLife.obj
 0001:00003f70       ?setbuf@?$basic_streambuf@DU?$char_traits@D@std@@@std@@MEAAPEAV12@PEAD_J@Z 0000000180004f70 f i gameOfLife.obj
 0001:00003f80       ?seekoff@?$basic_streambuf@DU?$char_traits@D@std@@@std@@MEAA?AV?$fpos@U_Mbstatet@@@2@_JHH@Z 0000000180004f80 f i gameOfLife.obj
 0001:00003f80       ?seekpos@?$basic_streambuf@DU?$char_traits@D@std@@@std@@MEAA?AV?$fpos@U_Mbstatet@@@2@V32@H@Z 0000000180004f80 f i gameOfLife.obj
 0001:00003fa0       ?xsputn@?$basic_streambuf@DU?$char_traits@D@std@@@std@@MEAA_JPEBD_J@Z 0000000180004fa0 f i gameOfLife.obj
 0001:00004060       ?xsgetn@?$basic_streambuf@DU?$char_traits@D@std@@@std@@MEAA_JPEAD_J@Z 0000000180005060 f i gameOfLife.obj
 0001:00004160       ?uflow@?$basic_streambuf@DU?$char_traits@D@std@@@std@@MEAAHXZ 0000000180005160 f i gameOfLife.obj
 0001:000041a0       ?overflow@?$basic_streambuf@DU?$char_traits@D@std@@@std@@MEAAHH@Z 00000001800051a0 f i gameOfLife.obj
 0001:000041a0       ?underflow@?$basic_streambuf@DU?$char_traits@D@std@@@std@@MEAAHXZ 00000001800051a0 f i gameOfLife.obj
 0001:000041a0       ?pbackfail@?$basic_streambuf@DU?$char_traits@D@std@@@std@@MEAAHH@Z 00000001800051a0 f i gameOfLife.obj
 0001:000041b0       ??_E?$basic_stringstream@DU?$char_traits@D@std@@V?$allocator@D@2@@std@@UEAAPEAXI@Z 00000001800051b0 f i * CIL library *:* CIL module *
 0001:000041b0       ??_G?$basic_stringstream@DU?$char_traits@D@std@@V?$allocator@D@2@@std@@UEAAPEAXI@Z 00000001800051b0 f i gameOfLife.obj
 0001:00004200       ??_G?$basic_stringbuf@DU?$char_traits@D@std@@V?$allocator@D@2@@std@@UEAAPEAXI@Z 0000000180005200 f i gameOfLife.obj
 0001:00004200       ??_E?$basic_stringbuf@DU?$char_traits@D@std@@V?$allocator@D@2@@std@@UEAAPEAXI@Z 0000000180005200 f i * CIL library *:* CIL module *
 0001:00004290       ??_E?$basic_iostream@DU?$char_traits@D@std@@@std@@UEAAPEAXI@Z 0000000180005290 f i * CIL library *:* CIL module *
 0001:00004290       ??_G?$basic_iostream@DU?$char_traits@D@std@@@std@@UEAAPEAXI@Z 0000000180005290 f i gameOfLife.obj
 0001:000042d0       ??_G?$basic_ostream@DU?$char_traits@D@std@@@std@@UEAAPEAXI@Z 00000001800052d0 f i gameOfLife.obj
 0001:000042d0       ??_E?$basic_ostream@DU?$char_traits@D@std@@@std@@UEAAPEAXI@Z 00000001800052d0 f i * CIL library *:* CIL module *
 0001:00004340       ??_G?$basic_istream@DU?$char_traits@D@std@@@std@@UEAAPEAXI@Z 0000000180005340 f i gameOfLife.obj
 0001:00004340       ??_E?$basic_istream@DU?$char_traits@D@std@@@std@@UEAAPEAXI@Z 0000000180005340 f i * CIL library *:* CIL module *
 0001:000043b0       ??_E?$basic_streambuf@DU?$char_traits@D@std@@@std@@UEAAPEAXI@Z 00000001800053b0 f i * CIL library *:* CIL module *
 0001:000043b0       ??_G?$basic_streambuf@DU?$char_traits@D@std@@@std@@UEAAPEAXI@Z 00000001800053b0 f i gameOfLife.obj
 0001:00004430       ??_Glocale@std@@QEAAPEAXI@Z 0000000180005430 f i gameOfLife.obj
 0001:00004490       ??_D?$basic_iostream@DU?$char_traits@D@std@@@std@@QEAAXXZ 0000000180005490 f i gameOfLife.obj
 0001:00004520       ??0sentry@?$basic_ostream@DU?$char_traits@D@std@@@std@@QEAA@AEAV12@@Z 0000000180005520 f i gameOfLife.obj
 0001:000045a0       ?do_put@?$num_put@DV?$ostreambuf_iterator@DU?$char_traits@D@std@@@std@@@std@@MEBA?AV?$ostreambuf_iterator@DU?$char_traits@D@std@@@2@V32@AEAVios_base@2@DPEBX@Z 00000001800055a0 f i gameOfLife.obj
 0001:00004640       ?do_put@?$num_put@DV?$ostreambuf_iterator@DU?$char_traits@D@std@@@std@@@std@@MEBA?AV?$ostreambuf_iterator@DU?$char_traits@D@std@@@2@V32@AEAVios_base@2@DO@Z 0000000180005640 f i gameOfLife.obj
 0001:000048b0       ?do_put@?$num_put@DV?$ostreambuf_iterator@DU?$char_traits@D@std@@@std@@@std@@MEBA?AV?$ostreambuf_iterator@DU?$char_traits@D@std@@@2@V32@AEAVios_base@2@DN@Z 00000001800058b0 f i gameOfLife.obj
 0001:00004b20       ?do_put@?$num_put@DV?$ostreambuf_iterator@DU?$char_traits@D@std@@@std@@@std@@MEBA?AV?$ostreambuf_iterator@DU?$char_traits@D@std@@@2@V32@AEAVios_base@2@D_K@Z 0000000180005b20 f i gameOfLife.obj
 0001:00004c20       ?do_put@?$num_put@DV?$ostreambuf_iterator@DU?$char_traits@D@std@@@std@@@std@@MEBA?AV?$ostreambuf_iterator@DU?$char_traits@D@std@@@2@V32@AEAVios_base@2@D_J@Z 0000000180005c20 f i gameOfLife.obj
 0001:00004d20       ?do_put@?$num_put@DV?$ostreambuf_iterator@DU?$char_traits@D@std@@@std@@@std@@MEBA?AV?$ostreambuf_iterator@DU?$char_traits@D@std@@@2@V32@AEAVios_base@2@DK@Z 0000000180005d20 f i gameOfLife.obj
 0001:00004e20       ?do_put@?$num_put@DV?$ostreambuf_iterator@DU?$char_traits@D@std@@@std@@@std@@MEBA?AV?$ostreambuf_iterator@DU?$char_traits@D@std@@@2@V32@AEAVios_base@2@DJ@Z 0000000180005e20 f i gameOfLife.obj
 0001:00004f20       ?do_put@?$num_put@DV?$ostreambuf_iterator@DU?$char_traits@D@std@@@std@@@std@@MEBA?AV?$ostreambuf_iterator@DU?$char_traits@D@std@@@2@V32@AEAVios_base@2@D_N@Z 0000000180005f20 f i gameOfLife.obj
 0001:000054d0       ?_Erase@?$_Tree@V?$_Tmap_traits@V?$basic_string@DU?$char_traits@D@std@@V?$allocator@D@2@@std@@KU?$less@V?$basic_string@DU?$char_traits@D@std@@V?$allocator@D@2@@std@@@2@V?$allocator@U?$pair@$$CBV?$basic_string@DU?$char_traits@D@std@@V?$allocator@D@2@@std@@K@std@@@2@$0A@@std@@@std@@IEAAXPEAU?$_Tree_node@U?$pair@$$CBV?$basic_string@DU?$char_traits@D@std@@V?$allocator@D@2@@std@@K@std@@PEAX@2@@Z 00000001800064d0 f i gameOfLife.obj
 0001:000055b0       ?erase@?$_Tree@V?$_Tmap_traits@V?$basic_string@DU?$char_traits@D@std@@V?$allocator@D@2@@std@@KU?$less@V?$basic_string@DU?$char_traits@D@std@@V?$allocator@D@2@@std@@@2@V?$allocator@U?$pair@$$CBV?$basic_string@DU?$char_traits@D@std@@V?$allocator@D@2@@std@@K@std@@@2@$0A@@std@@@std@@QEAA?AV?$_Tree_iterator@V?$_Tree_val@U?$_Tree_simple_types@U?$pair@$$CBV?$basic_string@DU?$char_traits@D@std@@V?$allocator@D@2@@std@@K@std@@@std@@@std@@@2@V?$_Tree_const_iterator@V?$_Tree_val@U?$_Tree_simple_types@U?$pair@$$CBV?$basic_string@DU?$char_traits@D@std@@V?$allocator@D@2@@std@@K@std@@@std@@@std@@@2@0@Z 00000001800065b0 f i gameOfLife.obj
 0001:000056b0       ?_Tidy@?$vector@VCell@gol@@V?$allocator@VCell@gol@@@std@@@std@@IEAAXXZ 00000001800066b0 f i gameOfLife.obj
 0001:00005740       ?assign@?$basic_string@DU?$char_traits@D@std@@V?$allocator@D@2@@std@@QEAAAEAV12@_KD@Z 0000000180006740 f i gameOfLife.obj
 0001:00005840       ?assign@?$basic_string@DU?$char_traits@D@std@@V?$allocator@D@2@@std@@QEAAAEAV12@PEBD_K@Z 0000000180006840 f i gameOfLife.obj
 0001:00005970       ?assign@?$basic_string@DU?$char_traits@D@std@@V?$allocator@D@2@@std@@QEAAAEAV12@AEBV12@_K1@Z 0000000180006970 f i gameOfLife.obj
 0001:00005aa0       ?append@?$basic_string@DU?$char_traits@D@std@@V?$allocator@D@2@@std@@QEAAAEAV12@PEBD_K@Z 0000000180006aa0 f i gameOfLife.obj
 0001:00005bf0       ?append@?$basic_string@DU?$char_traits@D@std@@V?$allocator@D@2@@std@@QEAAAEAV12@AEBV12@_K1@Z 0000000180006bf0 f i gameOfLife.obj
 0001:00005d20       ?_Assign_rv@?$basic_string@DU?$char_traits@D@std@@V?$allocator@D@2@@std@@QEAAX$$QEAV12@@Z 0000000180006d20 f i gameOfLife.obj
 0001:00005da0       ?_Tidy@?$basic_stringbuf@DU?$char_traits@D@std@@V?$allocator@D@2@@std@@IEAAXXZ 0000000180006da0 f i gameOfLife.obj
 0001:00005e60       ?str@?$basic_stringbuf@DU?$char_traits@D@std@@V?$allocator@D@2@@std@@QEBA?AV?$basic_string@DU?$char_traits@D@std@@V?$allocator@D@2@@2@XZ 0000000180006e60 f i gameOfLife.obj
 0001:00005ff0       ?allocate@?$allocator@D@std@@QEAAPEAD_K@Z 0000000180006ff0 f i gameOfLife.obj
 0001:00006050       ?deallocate@?$allocator@D@std@@QEAAXPEAD_K@Z 0000000180007050 f i gameOfLife.obj
 0001:000060b0       ?_Pnavail@?$basic_streambuf@DU?$char_traits@D@std@@@std@@IEBA_JXZ 00000001800070b0 f i gameOfLife.obj
 0001:000060d0       ?_Gnavail@?$basic_streambuf@DU?$char_traits@D@std@@@std@@IEBA_JXZ 00000001800070d0 f i gameOfLife.obj
 0001:000060f0       ??_E?$num_put@DV?$ostreambuf_iterator@DU?$char_traits@D@std@@@std@@@std@@MEAAPEAXI@Z 00000001800070f0 f i * CIL library *:* CIL module *
 0001:000060f0       ??_G?$num_put@DV?$ostreambuf_iterator@DU?$char_traits@D@std@@@std@@@std@@MEAAPEAXI@Z 00000001800070f0 f i gameOfLife.obj
 0001:00006120       ??1Environment@gol@@QEAA@XZ 0000000180007120 f i gameOfLife.obj
 0001:00006250       ?do_truename@?$numpunct@D@std@@MEBA?AV?$basic_string@DU?$char_traits@D@std@@V?$allocator@D@2@@2@XZ 0000000180007250 f i gameOfLife.obj
 0001:000062a0       ?do_falsename@?$numpunct@D@std@@MEBA?AV?$basic_string@DU?$char_traits@D@std@@V?$allocator@D@2@@2@XZ 00000001800072a0 f i gameOfLife.obj
 0001:000062f0       ?do_grouping@?$numpunct@D@std@@MEBA?AV?$basic_string@DU?$char_traits@D@std@@V?$allocator@D@2@@2@XZ 00000001800072f0 f i gameOfLife.obj
 0001:00006340       ?do_thousands_sep@?$numpunct@D@std@@MEBADXZ 0000000180007340 f i gameOfLife.obj
 0001:00006350       ?do_decimal_point@?$numpunct@D@std@@MEBADXZ 0000000180007350 f i gameOfLife.obj
 0001:00006360       ?_Iput@?$num_put@DV?$ostreambuf_iterator@DU?$char_traits@D@std@@@std@@@std@@AEBA?AV?$ostreambuf_iterator@DU?$char_traits@D@std@@@2@V32@AEAVios_base@2@DPEAD_K@Z 0000000180007360 f i gameOfLife.obj
 0001:00006b40       ?_Fput@?$num_put@DV?$ostreambuf_iterator@DU?$char_traits@D@std@@@std@@@std@@AEBA?AV?$ostreambuf_iterator@DU?$char_traits@D@std@@@2@V32@AEAVios_base@2@DPEBD_K@Z 0000000180007b40 f i gameOfLife.obj
 0001:000073a0       ?erase@?$_Tree@V?$_Tmap_traits@V?$basic_string@DU?$char_traits@D@std@@V?$allocator@D@2@@std@@KU?$less@V?$basic_string@DU?$char_traits@D@std@@V?$allocator@D@2@@std@@@2@V?$allocator@U?$pair@$$CBV?$basic_string@DU?$char_traits@D@std@@V?$allocator@D@2@@std@@K@std@@@2@$0A@@std@@@std@@QEAA?AV?$_Tree_iterator@V?$_Tree_val@U?$_Tree_simple_types@U?$pair@$$CBV?$basic_string@DU?$char_traits@D@std@@V?$allocator@D@2@@std@@K@std@@@std@@@std@@@2@V?$_Tree_const_iterator@V?$_Tree_val@U?$_Tree_simple_types@U?$pair@$$CBV?$basic_string@DU?$char_traits@D@std@@V?$allocator@D@2@@std@@K@std@@@std@@@std@@@2@@Z 00000001800083a0 f i gameOfLife.obj
 0001:00007870       ?_Reallocate@?$vector@VCell@gol@@V?$allocator@VCell@gol@@@std@@@std@@IEAAX_K@Z 0000000180008870 f i gameOfLife.obj
 0001:000079c0       ?erase@?$basic_string@DU?$char_traits@D@std@@V?$allocator@D@2@@std@@QEAAAEAV12@_K0@Z 00000001800089c0 f i gameOfLife.obj
 0001:00007a90       ?append@?$basic_string@DU?$char_traits@D@std@@V?$allocator@D@2@@std@@QEAAAEAV12@_KD@Z 0000000180008a90 f i gameOfLife.obj
 0001:00007ba0       ?flush@?$basic_ostream@DU?$char_traits@D@std@@@std@@QEAAAEAV12@XZ 0000000180008ba0 f i gameOfLife.obj
 0001:00007cc0       ??_E?$numpunct@D@std@@MEAAPEAXI@Z 0000000180008cc0 f i * CIL library *:* CIL module *
 0001:00007cc0       ??_G?$numpunct@D@std@@MEAAPEAXI@Z 0000000180008cc0 f i gameOfLife.obj
 0001:00007d20       ?_Rrotate@?$_Tree@V?$_Tmap_traits@V?$basic_string@DU?$char_traits@D@std@@V?$allocator@D@2@@std@@KU?$less@V?$basic_string@DU?$char_traits@D@std@@V?$allocator@D@2@@std@@@2@V?$allocator@U?$pair@$$CBV?$basic_string@DU?$char_traits@D@std@@V?$allocator@D@2@@std@@K@std@@@2@$0A@@std@@@std@@IEAAXPEAU?$_Tree_node@U?$pair@$$CBV?$basic_string@DU?$char_traits@D@std@@V?$allocator@D@2@@std@@K@std@@PEAX@2@@Z 0000000180008d20 f i gameOfLife.obj
 0001:00007d80       ?_Lrotate@?$_Tree@V?$_Tmap_traits@V?$basic_string@DU?$char_traits@D@std@@V?$allocator@D@2@@std@@KU?$less@V?$basic_string@DU?$char_traits@D@std@@V?$allocator@D@2@@std@@@2@V?$allocator@U?$pair@$$CBV?$basic_string@DU?$char_traits@D@std@@V?$allocator@D@2@@std@@K@std@@@2@$0A@@std@@@std@@IEAAXPEAU?$_Tree_node@U?$pair@$$CBV?$basic_string@DU?$char_traits@D@std@@V?$allocator@D@2@@std@@K@std@@PEAX@2@@Z 0000000180008d80 f i gameOfLife.obj
 0001:00007de0       ?_Copy@?$basic_string@DU?$char_traits@D@std@@V?$allocator@D@2@@std@@QEAAX_K0@Z 0000000180008de0 f i gameOfLife.obj
 0001:00007f60       ??$use_facet@V?$ctype@D@std@@@std@@YAAEBV?$ctype@D@0@AEBVlocale@0@@Z 0000000180008f60 f i gameOfLife.obj
 0001:00008090       ??$_Immortalize@V_Iostream_error_category@std@@@std@@YAAEAV_Iostream_error_category@0@XZ 0000000180009090 f i gameOfLife.obj
 0001:00008110       ??$_Integral_to_string@DH@std@@YA?AV?$basic_string@DU?$char_traits@D@std@@V?$allocator@D@2@@0@H@Z 0000000180009110 f i gameOfLife.obj
 0001:000081f0       ??$make_shared@V?$map@V?$basic_string@DU?$char_traits@D@std@@V?$allocator@D@2@@std@@KU?$less@V?$basic_string@DU?$char_traits@D@std@@V?$allocator@D@2@@std@@@2@V?$allocator@U?$pair@$$CBV?$basic_string@DU?$char_traits@D@std@@V?$allocator@D@2@@std@@K@std@@@2@@std@@$$V@std@@YA?AV?$shared_ptr@V?$map@V?$basic_string@DU?$char_traits@D@std@@V?$allocator@D@2@@std@@KU?$less@V?$basic_string@DU?$char_traits@D@std@@V?$allocator@D@2@@std@@@2@V?$allocator@U?$pair@$$CBV?$basic_string@DU?$char_traits@D@std@@V?$allocator@D@2@@std@@K@std@@@2@@std@@@0@XZ 00000001800091f0 f i gameOfLife.obj
 0001:000082a0       ??$_Insert_or_assign@V?$basic_string@DU?$char_traits@D@std@@V?$allocator@D@2@@std@@AEAK@?$map@V?$basic_string@DU?$char_traits@D@std@@V?$allocator@D@2@@std@@KU?$less@V?$basic_string@DU?$char_traits@D@std@@V?$allocator@D@2@@std@@@2@V?$allocator@U?$pair@$$CBV?$basic_string@DU?$char_traits@D@std@@V?$allocator@D@2@@std@@K@std@@@2@@std@@QEAA?AU?$pair@V?$_Tree_iterator@V?$_Tree_val@U?$_Tree_simple_types@U?$pair@$$CBV?$basic_string@DU?$char_traits@D@std@@V?$allocator@D@2@@std@@K@std@@@std@@@std@@@std@@_N@1@$$QEAV?$basic_string@DU?$char_traits@D@std@@V?$allocator@D@2@@1@AEAK@Z 00000001800092a0 f i gameOfLife.obj
 0001:00008390       ??$?6U?$char_traits@D@std@@@std@@YAAEAV?$basic_ostream@DU?$char_traits@D@std@@@0@AEAV10@PEBD@Z 0000000180009390 f i gameOfLife.obj
 0001:000085f0       ??$?0U?$_Wrap_alloc@V?$allocator@U?$_Tree_node@U?$pair@$$CBV?$basic_string@DU?$char_traits@D@std@@V?$allocator@D@2@@std@@K@std@@PEAX@std@@@std@@@std@@@?$_Tree@V?$_Tmap_traits@V?$basic_string@DU?$char_traits@D@std@@V?$allocator@D@2@@std@@KU?$less@V?$basic_string@DU?$char_traits@D@std@@V?$allocator@D@2@@std@@@2@V?$allocator@U?$pair@$$CBV?$basic_string@DU?$char_traits@D@std@@V?$allocator@D@2@@std@@K@std@@@2@$0A@@std@@@std@@QEAA@AEBV01@$$QEAU?$_Wrap_alloc@V?$allocator@U?$_Tree_node@U?$pair@$$CBV?$basic_string@DU?$char_traits@D@std@@V?$allocator@D@2@@std@@K@std@@PEAX@std@@@std@@@1@@Z 00000001800095f0 f i gameOfLife.obj
 0001:000086f0       ??$use_facet@V?$num_put@DV?$ostreambuf_iterator@DU?$char_traits@D@std@@@std@@@std@@@std@@YAAEBV?$num_put@DV?$ostreambuf_iterator@DU?$char_traits@D@std@@@std@@@0@AEBVlocale@0@@Z 00000001800096f0 f i gameOfLife.obj
 0001:00008870       ??$use_facet@V?$numpunct@D@std@@@std@@YAAEBV?$numpunct@D@0@AEBVlocale@0@@Z 0000000180009870 f i gameOfLife.obj
 0001:000089a0       ?_Delete_this@?$_Ref_count_obj@V?$map@V?$basic_string@DU?$char_traits@D@std@@V?$allocator@D@2@@std@@KU?$less@V?$basic_string@DU?$char_traits@D@std@@V?$allocator@D@2@@std@@@2@V?$allocator@U?$pair@$$CBV?$basic_string@DU?$char_traits@D@std@@V?$allocator@D@2@@std@@K@std@@@2@@std@@@std@@EEAAXXZ 00000001800099a0 f i gameOfLife.obj
 0001:000089c0       ?_Destroy@?$_Ref_count_obj@V?$map@V?$basic_string@DU?$char_traits@D@std@@V?$allocator@D@2@@std@@KU?$less@V?$basic_string@DU?$char_traits@D@std@@V?$allocator@D@2@@std@@@2@V?$allocator@U?$pair@$$CBV?$basic_string@DU?$char_traits@D@std@@V?$allocator@D@2@@std@@K@std@@@2@@std@@@std@@EEAAXXZ 00000001800099c0 f i gameOfLife.obj
 0001:000089f0       ?_Getcat@?$numpunct@D@std@@SA_KPEAPEBVfacet@locale@2@PEBV42@@Z 00000001800099f0 f i gameOfLife.obj
 0001:00008ab0       ??R?$less@V?$basic_string@DU?$char_traits@D@std@@V?$allocator@D@2@@std@@@std@@QEBA_NAEBV?$basic_string@DU?$char_traits@D@std@@V?$allocator@D@2@@1@0@Z 0000000180009ab0 f i gameOfLife.obj
 0001:00008b30       ?insert@?$basic_string@DU?$char_traits@D@std@@V?$allocator@D@2@@std@@QEAAAEAV12@_KAEBV12@00@Z 0000000180009b30 f i gameOfLife.obj
 0001:00008ca0       ?_Init@?$numpunct@D@std@@IEAAXAEBV_Locinfo@2@_N@Z 0000000180009ca0 f i gameOfLife.obj
 0001:00008e20       ??$_Eqrange@V?$basic_string@DU?$char_traits@D@std@@V?$allocator@D@2@@std@@@?$_Tree@V?$_Tmap_traits@V?$basic_string@DU?$char_traits@D@std@@V?$allocator@D@2@@std@@KU?$less@V?$basic_string@DU?$char_traits@D@std@@V?$allocator@D@2@@std@@@2@V?$allocator@U?$pair@$$CBV?$basic_string@DU?$char_traits@D@std@@V?$allocator@D@2@@std@@K@std@@@2@$0A@@std@@@std@@IEBA?AU?$pair@V?$_Tree_const_iterator@V?$_Tree_val@U?$_Tree_simple_types@U?$pair@$$CBV?$basic_string@DU?$char_traits@D@std@@V?$allocator@D@2@@std@@K@std@@@std@@@std@@@std@@V12@@1@AEBV?$basic_string@DU?$char_traits@D@std@@V?$allocator@D@2@@1@@Z 0000000180009e20 f i gameOfLife.obj
 0001:00008fb0       ??$_Lbound@V?$basic_string@DU?$char_traits@D@std@@V?$allocator@D@2@@std@@@?$_Tree@V?$_Tmap_traits@V?$basic_string@DU?$char_traits@D@std@@V?$allocator@D@2@@std@@KU?$less@V?$basic_string@DU?$char_traits@D@std@@V?$allocator@D@2@@std@@@2@V?$allocator@U?$pair@$$CBV?$basic_string@DU?$char_traits@D@std@@V?$allocator@D@2@@std@@K@std@@@2@$0A@@std@@@std@@IEBAPEAU?$_Tree_node@U?$pair@$$CBV?$basic_string@DU?$char_traits@D@std@@V?$allocator@D@2@@std@@K@std@@PEAX@1@AEBV?$basic_string@DU?$char_traits@D@std@@V?$allocator@D@2@@1@@Z 0000000180009fb0 f i gameOfLife.obj
 0001:00009050       ??_E?$_Ref_count_obj@V?$map@V?$basic_string@DU?$char_traits@D@std@@V?$allocator@D@2@@std@@KU?$less@V?$basic_string@DU?$char_traits@D@std@@V?$allocator@D@2@@std@@@2@V?$allocator@U?$pair@$$CBV?$basic_string@DU?$char_traits@D@std@@V?$allocator@D@2@@std@@K@std@@@2@@std@@@std@@UEAAPEAXI@Z 000000018000a050 f i * CIL library *:* CIL module *
 0001:00009050       ??_G?$_Ref_count_obj@V?$map@V?$basic_string@DU?$char_traits@D@std@@V?$allocator@D@2@@std@@KU?$less@V?$basic_string@DU?$char_traits@D@std@@V?$allocator@D@2@@std@@@2@V?$allocator@U?$pair@$$CBV?$basic_string@DU?$char_traits@D@std@@V?$allocator@D@2@@std@@K@std@@@2@@std@@@std@@UEAAPEAXI@Z 000000018000a050 f i gameOfLife.obj
 0001:00009080       ?_Reset0@?$_Ptr_base@V?$map@V?$basic_string@DU?$char_traits@D@std@@V?$allocator@D@2@@std@@KU?$less@V?$basic_string@DU?$char_traits@D@std@@V?$allocator@D@2@@std@@@2@V?$allocator@U?$pair@$$CBV?$basic_string@DU?$char_traits@D@std@@V?$allocator@D@2@@std@@K@std@@@2@@std@@@std@@QEAAXPEAV?$map@V?$basic_string@DU?$char_traits@D@std@@V?$allocator@D@2@@std@@KU?$less@V?$basic_string@DU?$char_traits@D@std@@V?$allocator@D@2@@std@@@2@V?$allocator@U?$pair@$$CBV?$basic_string@DU?$char_traits@D@std@@V?$allocator@D@2@@std@@K@std@@@2@@2@PEAV_Ref_count_base@2@@Z 000000018000a080 f i gameOfLife.obj
 0001:00009120       ??$_Insert_hint@AEAU?$pair@$$CBV?$basic_string@DU?$char_traits@D@std@@V?$allocator@D@2@@std@@K@std@@PEAU?$_Tree_node@U?$pair@$$CBV?$basic_string@DU?$char_traits@D@std@@V?$allocator@D@2@@std@@K@std@@PEAX@2@@?$_Tree@V?$_Tmap_traits@V?$basic_string@DU?$char_traits@D@std@@V?$allocator@D@2@@std@@KU?$less@V?$basic_string@DU?$char_traits@D@std@@V?$allocator@D@2@@std@@@2@V?$allocator@U?$pair@$$CBV?$basic_string@DU?$char_traits@D@std@@V?$allocator@D@2@@std@@K@std@@@2@$0A@@std@@@std@@IEAA?AV?$_Tree_iterator@V?$_Tree_val@U?$_Tree_simple_types@U?$pair@$$CBV?$basic_string@DU?$char_traits@D@std@@V?$allocator@D@2@@std@@K@std@@@std@@@std@@@1@V?$_Tree_const_iterator@V?$_Tree_val@U?$_Tree_simple_types@U?$pair@$$CBV?$basic_string@DU?$char_traits@D@std@@V?$allocator@D@2@@std@@K@std@@@std@@@std@@@1@AEAU?$pair@$$CBV?$basic_string@DU?$char_traits@D@std@@V?$allocator@D@2@@std@@K@1@PEAU?$_Tree_node@U?$pair@$$CBV?$basic_string@DU?$char_traits@D@std@@V?$allocator@D@2@@std@@K@std@@PEAX@1@@Z 000000018000a120 f i gameOfLife.obj
 0001:00009370       ??$_Copy_nodes@U_Copy_tag@?$_Tree@V?$_Tmap_traits@V?$basic_string@DU?$char_traits@D@std@@V?$allocator@D@2@@std@@KU?$less@V?$basic_string@DU?$char_traits@D@std@@V?$allocator@D@2@@std@@@2@V?$allocator@U?$pair@$$CBV?$basic_string@DU?$char_traits@D@std@@V?$allocator@D@2@@std@@K@std@@@2@$0A@@std@@@std@@@?$_Tree@V?$_Tmap_traits@V?$basic_string@DU?$char_traits@D@std@@V?$allocator@D@2@@std@@KU?$less@V?$basic_string@DU?$char_traits@D@std@@V?$allocator@D@2@@std@@@2@V?$allocator@U?$pair@$$CBV?$basic_string@DU?$char_traits@D@std@@V?$allocator@D@2@@std@@K@std@@@2@$0A@@std@@@std@@IEAAPEAU?$_Tree_node@U?$pair@$$CBV?$basic_string@DU?$char_traits@D@std@@V?$allocator@D@2@@std@@K@std@@PEAX@1@PEAU21@0U_Copy_tag@01@@Z 000000018000a370 f i gameOfLife.obj
 0001:00009400       ??F?$_Tree_const_iterator@V?$_Tree_val@U?$_Tree_simple_types@U?$pair@$$CBV?$basic_string@DU?$char_traits@D@std@@V?$allocator@D@2@@std@@K@std@@@std@@@std@@@std@@QEAAAEAV01@XZ 000000018000a400 f i gameOfLife.obj
 0001:00009480       ??$construct@U?$pair@$$CBV?$basic_string@DU?$char_traits@D@std@@V?$allocator@D@2@@std@@K@std@@V?$basic_string@DU?$char_traits@D@std@@V?$allocator@D@2@@2@AEAK@?$_Wrap_alloc@V?$allocator@U?$_Tree_node@U?$pair@$$CBV?$basic_string@DU?$char_traits@D@std@@V?$allocator@D@2@@std@@K@std@@PEAX@std@@@std@@@std@@QEAAXPEAU?$pair@$$CBV?$basic_string@DU?$char_traits@D@std@@V?$allocator@D@2@@std@@K@1@$$QEAV?$basic_string@DU?$char_traits@D@std@@V?$allocator@D@2@@1@AEAK@Z 000000018000a480 f i gameOfLife.obj
 0001:00009530       ??$_Insert_at@AEAU?$pair@$$CBV?$basic_string@DU?$char_traits@D@std@@V?$allocator@D@2@@std@@K@std@@PEAU?$_Tree_node@U?$pair@$$CBV?$basic_string@DU?$char_traits@D@std@@V?$allocator@D@2@@std@@K@std@@PEAX@2@@?$_Tree@V?$_Tmap_traits@V?$basic_string@DU?$char_traits@D@std@@V?$allocator@D@2@@std@@KU?$less@V?$basic_string@DU?$char_traits@D@std@@V?$allocator@D@2@@std@@@2@V?$allocator@U?$pair@$$CBV?$basic_string@DU?$char_traits@D@std@@V?$allocator@D@2@@std@@K@std@@@2@$0A@@std@@@std@@IEAA?AV?$_Tree_iterator@V?$_Tree_val@U?$_Tree_simple_types@U?$pair@$$CBV?$basic_string@DU?$char_traits@D@std@@V?$allocator@D@2@@std@@K@std@@@std@@@std@@@1@_NPEAU?$_Tree_node@U?$pair@$$CBV?$basic_string@DU?$char_traits@D@std@@V?$allocator@D@2@@std@@K@std@@PEAX@1@AEAU?$pair@$$CBV?$basic_string@DU?$char_traits@D@std@@V?$allocator@D@2@@std@@K@1@1@Z 000000018000a530 f i gameOfLife.obj
 0001:000097e0       ??$_Insert_nohint@AEAU?$pair@$$CBV?$basic_string@DU?$char_traits@D@std@@V?$allocator@D@2@@std@@K@std@@PEAU?$_Tree_node@U?$pair@$$CBV?$basic_string@DU?$char_traits@D@std@@V?$allocator@D@2@@std@@K@std@@PEAX@2@@?$_Tree@V?$_Tmap_traits@V?$basic_string@DU?$char_traits@D@std@@V?$allocator@D@2@@std@@KU?$less@V?$basic_string@DU?$char_traits@D@std@@V?$allocator@D@2@@std@@@2@V?$allocator@U?$pair@$$CBV?$basic_string@DU?$char_traits@D@std@@V?$allocator@D@2@@std@@K@std@@@2@$0A@@std@@@std@@IEAA?AU?$pair@V?$_Tree_iterator@V?$_Tree_val@U?$_Tree_simple_types@U?$pair@$$CBV?$basic_string@DU?$char_traits@D@std@@V?$allocator@D@2@@std@@K@std@@@std@@@std@@@std@@_N@1@_NAEAU?$pair@$$CBV?$basic_string@DU?$char_traits@D@std@@V?$allocator@D@2@@std@@K@1@PEAU?$_Tree_node@U?$pair@$$CBV?$basic_string@DU?$char_traits@D@std@@V?$allocator@D@2@@std@@K@std@@PEAX@1@@Z 000000018000a7e0 f i gameOfLife.obj
 0001:000099b0       ??$_Buynode@AEAU?$pair@$$CBV?$basic_string@DU?$char_traits@D@std@@V?$allocator@D@2@@std@@K@std@@@?$_Tree_comp_alloc@V?$_Tmap_traits@V?$basic_string@DU?$char_traits@D@std@@V?$allocator@D@2@@std@@KU?$less@V?$basic_string@DU?$char_traits@D@std@@V?$allocator@D@2@@std@@@2@V?$allocator@U?$pair@$$CBV?$basic_string@DU?$char_traits@D@std@@V?$allocator@D@2@@std@@K@std@@@2@$0A@@std@@@std@@QEAAPEAU?$_Tree_node@U?$pair@$$CBV?$basic_string@DU?$char_traits@D@std@@V?$allocator@D@2@@std@@K@std@@PEAX@1@AEAU?$pair@$$CBV?$basic_string@DU?$char_traits@D@std@@V?$allocator@D@2@@std@@K@1@@Z 000000018000a9b0 f i gameOfLife.obj
 0001:00009a48       ??_E?$basic_ostream@DU?$char_traits@D@std@@@std@@$4PPPPPPPM@A@EAAPEAXI@Z 000000018000aa48 f i gameOfLife.obj
 0001:00009a54       ??_E?$basic_stringstream@DU?$char_traits@D@std@@V?$allocator@D@2@@std@@$4PPPPPPPM@A@EAAPEAXI@Z 000000018000aa54 f i gameOfLife.obj
 0001:00009a60       ??_E?$basic_istream@DU?$char_traits@D@std@@@std@@$4PPPPPPPM@A@EAAPEAXI@Z 000000018000aa60 f i gameOfLife.obj
 0001:00009a6c       ??_E?$basic_iostream@DU?$char_traits@D@std@@@std@@$4PPPPPPPM@A@EAAPEAXI@Z 000000018000aa6c f i gameOfLife.obj
 0001:00009acc       __imp_load_?ThrowException@Isolate@v8@@QEAA?AV?$Local@VValue@v8@@@2@V32@@Z 000000018000aacc f   node:node.exe
 0001:00009ad8       __tailMerge_node_exe       000000018000aad8 f i node:node.exe
 0001:00009b51       __imp_load_?GetCurrent@Isolate@v8@@SAPEAV12@XZ 000000018000ab51 f   node:node.exe
 0001:00009b5d       __imp_load_??1HandleScope@v8@@QEAA@XZ 000000018000ab5d f   node:node.exe
 0001:00009b69       __imp_load_??0HandleScope@v8@@QEAA@PEAVIsolate@1@@Z 000000018000ab69 f   node:node.exe
 0001:00009b75       __imp_load_?TypeError@Exception@v8@@SA?AV?$Local@VValue@v8@@@2@V?$Local@VString@v8@@@2@@Z 000000018000ab75 f   node:node.exe
 0001:00009b81       __imp_load_?GetFunction@FunctionTemplate@v8@@QEAA?AV?$Local@VFunction@v8@@@2@XZ 000000018000ab81 f   node:node.exe
 0001:00009b8d       __imp_load_?New@FunctionTemplate@v8@@SA?AV?$Local@VFunctionTemplate@v8@@@2@PEAVIsolate@2@P6AXAEBV?$FunctionCallbackInfo@VValue@v8@@@2@@ZV?$Local@VValue@v8@@@2@V?$Local@VSignature@v8@@@2@HW4ConstructorBehavior@2@@Z 000000018000ab8d f   node:node.exe
 0001:00009b99       __imp_load_?NumberValue@Value@v8@@QEBANXZ 000000018000ab99 f   node:node.exe
 0001:00009ba5       __imp_load_?IsNumber@Value@v8@@QEBA_NXZ 000000018000aba5 f   node:node.exe
 0001:00009bb1       __imp_load_??1Utf8Value@String@v8@@QEAA@XZ 000000018000abb1 f   node:node.exe
 0001:00009bbd       __imp_load_??0Utf8Value@String@v8@@QEAA@V?$Local@VValue@v8@@@2@@Z 000000018000abbd f   node:node.exe
 0001:00009bc9       __imp_load_?NewFromUtf8@String@v8@@SA?AV?$Local@VString@v8@@@2@PEAVIsolate@2@PEBDW4NewStringType@12@H@Z 000000018000abc9 f   node:node.exe
 0001:00009bd5       __imp_load_?New@Number@v8@@SA?AV?$Local@VNumber@v8@@@2@PEAVIsolate@2@N@Z 000000018000abd5 f   node:node.exe
 0001:00009be1       __imp_load_?New@Object@v8@@SA?AV?$Local@VObject@v8@@@2@PEAVIsolate@2@@Z 000000018000abe1 f   node:node.exe
 0001:00009bed       __imp_load_?Set@Object@v8@@QEAA_NV?$Local@VValue@v8@@@2@0@Z 000000018000abed f   node:node.exe
 0001:00009bf9       __imp_load_?SetName@Function@v8@@QEAAXV?$Local@VString@v8@@@2@@Z 000000018000abf9 f   node:node.exe
 0001:00009c05       __imp_load_node_module_register 000000018000ac05 f   node:node.exe
 0001:00009c14       ??0_Init_locks@std@@QEAA@XZ 000000018000ac14 f   libcpmt:xlock.obj
 0001:00009c60       ??0_Lockit@std@@QEAA@H@Z   000000018000ac60 f   libcpmt:xlock.obj
 0001:00009c9c       ??1_Init_locks@std@@QEAA@XZ 000000018000ac9c f   libcpmt:xlock.obj
 0001:00009ce0       ??1_Lockit@std@@QEAA@XZ    000000018000ace0 f   libcpmt:xlock.obj
 0001:00009d14       ??4?$_Yarn@D@std@@QEAAAEAV01@PEBD@Z 000000018000ad14 f i libcpmt:locale0.obj
 0001:00009d8c       ??_G_Fac_node@std@@QEAAPEAXI@Z 000000018000ad8c f i libcpmt:locale0.obj
 0001:00009e18       ??_E_Locimp@locale@std@@MEAAPEAXI@Z 000000018000ae18 f i libcpmt:locale0.obj
 0001:00009e18       ??_G_Locimp@locale@std@@MEAAPEAXI@Z 000000018000ae18 f i libcpmt:locale0.obj
 0001:00009e84       ?_Facet_Register@std@@YAXPEAV_Facet_base@1@@Z 000000018000ae84 f   libcpmt:locale0.obj
 0001:00009ebc       ?_Getgloballocale@locale@std@@CAPEAV_Locimp@12@XZ 000000018000aebc f   libcpmt:locale0.obj
 0001:00009ec4       ?_Init@locale@std@@CAPEAV_Locimp@12@_N@Z 000000018000aec4 f   libcpmt:locale0.obj
 0001:00009f80       ?_Locimp_dtor@_Locimp@locale@std@@CAXPEAV123@@Z 000000018000af80 f   libcpmt:locale0.obj
 0001:0000a028       ?_Locinfo_ctor@_Locinfo@std@@SAXPEAV12@PEBD@Z 000000018000b028 f   libcpmt:locale0.obj
 0001:0000a094       ?_Locinfo_dtor@_Locinfo@std@@SAXPEAV12@@Z 000000018000b094 f   libcpmt:locale0.obj
 0001:0000a0b8       ?_New_Locimp@_Locimp@locale@std@@CAPEAV123@_N@Z 000000018000b0b8 f   libcpmt:locale0.obj
 0001:0000a128       ?_Setgloballocale@locale@std@@CAXPEAX@Z 000000018000b128 f   libcpmt:locale0.obj
 0001:0000a15c       _Deletegloballocale        000000018000b15c f   libcpmt:locale0.obj
 0001:0000a1e4       ??0bad_alloc@std@@QEAA@AEBV01@@Z 000000018000b1e4 f i libcpmt:xthrow.obj
 0001:0000a224       ??0bad_alloc@std@@QEAA@XZ  000000018000b224 f i libcpmt:xthrow.obj
 0001:0000a244       ??0exception@std@@QEAA@AEBV01@@Z 000000018000b244 f i libcpmt:xthrow.obj
 0001:0000a27c       ??0invalid_argument@std@@QEAA@AEBV01@@Z 000000018000b27c f i libcpmt:xthrow.obj
 0001:0000a2bc       ??0invalid_argument@std@@QEAA@PEBD@Z 000000018000b2bc f i libcpmt:xthrow.obj
 0001:0000a308       ??0length_error@std@@QEAA@AEBV01@@Z 000000018000b308 f i libcpmt:xthrow.obj
 0001:0000a348       ??0length_error@std@@QEAA@PEBD@Z 000000018000b348 f i libcpmt:xthrow.obj
 0001:0000a394       ??0logic_error@std@@QEAA@AEBV01@@Z 000000018000b394 f i libcpmt:xthrow.obj
 0001:0000a3d4       ??0out_of_range@std@@QEAA@AEBV01@@Z 000000018000b3d4 f i libcpmt:xthrow.obj
 0001:0000a414       ??0out_of_range@std@@QEAA@PEBD@Z 000000018000b414 f i libcpmt:xthrow.obj
 0001:0000a460       ??_Gbad_exception@std@@UEAAPEAXI@Z 000000018000b460 f i libvcruntime:frame.obj
 0001:0000a460       ??_Gbad_array_new_length@std@@UEAAPEAXI@Z 000000018000b460 f i LIBCMT:throw_bad_alloc.obj
 0001:0000a460       ??_Glogic_error@std@@UEAAPEAXI@Z 000000018000b460 f i libcpmt:xthrow.obj
 0001:0000a460       ??_Ginvalid_argument@std@@UEAAPEAXI@Z 000000018000b460 f i libcpmt:xthrow.obj
 0001:0000a460       ??_Gbad_alloc@std@@UEAAPEAXI@Z 000000018000b460 f i libcpmt:xthrow.obj
 0001:0000a460       ??_Elength_error@std@@UEAAPEAXI@Z 000000018000b460 f i libcpmt:xthrow.obj
 0001:0000a460       ??_Eout_of_range@std@@UEAAPEAXI@Z 000000018000b460 f i libcpmt:xthrow.obj
 0001:0000a460       ??_Ebad_exception@std@@UEAAPEAXI@Z 000000018000b460 f i libvcruntime:frame.obj
 0001:0000a460       ??_Elogic_error@std@@UEAAPEAXI@Z 000000018000b460 f i libcpmt:xthrow.obj
 0001:0000a460       ??_Ebad_alloc@std@@UEAAPEAXI@Z 000000018000b460 f i libcpmt:xthrow.obj
 0001:0000a460       ??_Eexception@std@@UEAAPEAXI@Z 000000018000b460 f i libcpmt:xthrow.obj
 0001:0000a460       ??_Glength_error@std@@UEAAPEAXI@Z 000000018000b460 f i libcpmt:xthrow.obj
 0001:0000a460       ??_Gexception@std@@UEAAPEAXI@Z 000000018000b460 f i libcpmt:xthrow.obj
 0001:0000a460       ??_Gout_of_range@std@@UEAAPEAXI@Z 000000018000b460 f i libcpmt:xthrow.obj
 0001:0000a460       ??_Ebad_array_new_length@std@@UEAAPEAXI@Z 000000018000b460 f i LIBCMT:throw_bad_alloc.obj
 0001:0000a460       ??_Einvalid_argument@std@@UEAAPEAXI@Z 000000018000b460 f i libcpmt:xthrow.obj
 0001:0000a4a4       ?__scrt_throw_std_bad_alloc@@YAXXZ 000000018000b4a4 f   LIBCMT:throw_bad_alloc.obj
 0001:0000a4a4       ?_Xbad_alloc@std@@YAXXZ    000000018000b4a4 f   libcpmt:xthrow.obj
 0001:0000a4c4       ?_Xinvalid_argument@std@@YAXPEBD@Z 000000018000b4c4 f   libcpmt:xthrow.obj
 0001:0000a4e8       ?_Xlength_error@std@@YAXPEBD@Z 000000018000b4e8 f   libcpmt:xthrow.obj
 0001:0000a50c       ?_Xout_of_range@std@@YAXPEBD@Z 000000018000b50c f   libcpmt:xthrow.obj
 0001:0000a530       ?what@exception@std@@UEBAPEBDXZ 000000018000b530 f i libcpmt:xthrow.obj
 0001:0000a544       ?_Ios_base_dtor@ios_base@std@@CAXPEAV12@@Z 000000018000b544 f   libcpmt:ios.obj
 0001:0000a588       ?_Tidy@ios_base@std@@AEAAXXZ 000000018000b588 f i libcpmt:ios.obj
 0001:0000a618       ?_Syserror_map@std@@YAPEBDH@Z 000000018000b618 f   libcpmt:syserror.obj
 0001:0000a640       _Getctype                  000000018000b640 f   libcpmt:_tolower.obj
 0001:0000a700       _Tolower                   000000018000b700 f   libcpmt:_tolower.obj
 0001:0000a828       _Getcvt                    000000018000b828 f   libcpmt:xwctomb.obj
 0001:0000a8b8       _Toupper                   000000018000b8b8 f   libcpmt:_toupper.obj
 0001:0000a9f0       _Mtxdst                    000000018000b9f0 f   libcpmt:xmtx.obj
 0001:0000a9f8       _Mtxinit                   000000018000b9f8 f   libcpmt:xmtx.obj
 0001:0000aa08       _Mtxlock                   000000018000ba08 f   libcpmt:xmtx.obj
 0001:0000aa10       _Mtxunlock                 000000018000ba10 f   libcpmt:xmtx.obj
 0001:0000aa18       ?_Atexit@@YAXP6AXXZ@Z      000000018000ba18 f   libcpmt:iosptrs.obj
 0001:0000aa58       __crtLCMapStringA          000000018000ba58 f   libcpmt:StlLCMapStringA.obj
 0001:0000b214       __crtInitializeCriticalSectionEx 000000018000c214 f   libcpmt:winapisupp.obj
 0001:0000b274       GetTableIndexFromLocaleName 000000018000c274 f   libcpmt:winapinls.obj
 0001:0000b300       __crtDownlevelLocaleNameToLCID 000000018000c300 f   libcpmt:winapinls.obj
 0001:0000b334       __crtLCMapStringEx         000000018000c334 f   libcpmt:winapinls.obj
 0001:0000b3f0       __wcsnicmp_ascii           000000018000c3f0 f   libcpmt:winapinls.obj
 0001:0000b460       __security_check_cookie    000000018000c460 f   LIBCMT:_amdsecgs_.obj
 0001:0000b5cc       _Init_thread_footer        000000018000c5cc f   LIBCMT:thread_safe_statics.obj
 0001:0000b62c       _Init_thread_header        000000018000c62c f   LIBCMT:thread_safe_statics.obj
 0001:0000b694       _Init_thread_notify        000000018000c694 f   LIBCMT:thread_safe_statics.obj
 0001:0000b6f0       _Init_thread_wait          000000018000c6f0 f   LIBCMT:thread_safe_statics.obj
 0001:0000b788       ??2@YAPEAX_K@Z             000000018000c788 f   LIBCMT:new_scalar.obj
 0001:0000b7c4       __scrt_acquire_startup_lock 000000018000c7c4 f   LIBCMT:utility.obj
 0001:0000b800       __scrt_dllmain_after_initialize_c 000000018000c800 f   LIBCMT:utility.obj
 0001:0000b834       __scrt_dllmain_before_initialize_c 000000018000c834 f   LIBCMT:utility.obj
 0001:0000b84c       __scrt_dllmain_crt_thread_attach 000000018000c84c f   LIBCMT:utility.obj
 0001:0000b874       __scrt_dllmain_crt_thread_detach 000000018000c874 f   LIBCMT:utility.obj
 0001:0000b88c       __scrt_dllmain_exception_filter 000000018000c88c f   LIBCMT:utility.obj
 0001:0000b8f0       __scrt_dllmain_uninitialize_c 000000018000c8f0 f   LIBCMT:utility.obj
 0001:0000b920       __scrt_dllmain_uninitialize_critical 000000018000c920 f   LIBCMT:utility.obj
 0001:0000b934       __scrt_initialize_crt      000000018000c934 f   LIBCMT:utility.obj
 0001:0000b980       __scrt_initialize_onexit_tables 000000018000c980 f   LIBCMT:utility.obj
 0001:0000ba4c       __scrt_is_nonwritable_in_current_image 000000018000ca4c f   LIBCMT:utility.obj
 0001:0000bae8       __scrt_release_startup_lock 000000018000cae8 f   LIBCMT:utility.obj
 0001:0000bb0c       __scrt_uninitialize_crt    000000018000cb0c f   LIBCMT:utility.obj
 0001:0000bb38       _onexit                    000000018000cb38 f   LIBCMT:utility.obj
 0001:0000bb88       atexit                     000000018000cb88 f   LIBCMT:utility.obj
 0001:0000bba0       ??3@YAXPEAX@Z              000000018000cba0 f   LIBCMT:delete_scalar.obj
 0001:0000bba8       ??3@YAXPEAX_K@Z            000000018000cba8 f   LIBCMT:delete_scalar_size.obj
 0001:0000bba8       ??_V@YAXPEAX@Z             000000018000cba8 f   LIBCMT:delete_array.obj
 0001:0000befc       _DllMainCRTStartup         000000018000cefc f   LIBCMT:dll_dllmain.obj
 0001:0000bf3c       _guard_check_icall         000000018000cf3c f i LIBCMT:checkcfg.obj
 0001:0000bf44       ??_Gtype_info@@UEAAPEAXI@Z 000000018000cf44 f i LIBCMT:std_type_info_static.obj
 0001:0000bf44       ??_Etype_info@@UEAAPEAXI@Z 000000018000cf44 f i LIBCMT:std_type_info_static.obj
 0001:0000bf70       __GSHandlerCheck           000000018000cf70 f   LIBCMT:_gshandler_.obj
 0001:0000bf90       __GSHandlerCheckCommon     000000018000cf90 f   LIBCMT:_gshandler_.obj
 0001:0000c000       _alloca_probe              000000018000d000 f   LIBCMT:_chkstk_.obj
 0001:0000c000       __chkstk                   000000018000d000 f   LIBCMT:_chkstk_.obj
 0001:0000c054       __raise_securityfailure    000000018000d054 f   LIBCMT:gs_report.obj
 0001:0000c088       __report_gsfailure         000000018000d088 f   LIBCMT:gs_report.obj
 0001:0000c15c       __report_rangecheckfailure 000000018000d15c f   LIBCMT:gs_report.obj
 0001:0000c170       __report_securityfailure   000000018000d170 f   LIBCMT:gs_report.obj
 0001:0000c2f0       __crt_debugger_hook        000000018000d2f0 f   LIBCMT:utility_desktop.obj
 0001:0000c2f8       __scrt_fastfail            000000018000d2f8 f   LIBCMT:utility_desktop.obj
 0001:0000c440       ??0bad_array_new_length@std@@QEAA@AEBV01@@Z 000000018000d440 f i LIBCMT:throw_bad_alloc.obj
 0001:0000c480       ??0bad_array_new_length@std@@QEAA@XZ 000000018000d480 f i LIBCMT:throw_bad_alloc.obj
 0001:0000c4a0       ?__scrt_throw_std_bad_array_new_length@@YAXXZ 000000018000d4a0 f   LIBCMT:throw_bad_alloc.obj
 0001:0000c4c0       __isa_available_init       000000018000d4c0 f   LIBCMT:_cpu_disp_.obj
 0001:0000c688       _get_startup_argv_mode     000000018000d688 f   LIBCMT:argv_mode.obj
 0001:0000c688       DllMain                    000000018000d688 f   LIBCMT:dll_dllmain_stub.obj
 0001:0000c690       __scrt_is_ucrt_dll_in_use  000000018000d690 f   LIBCMT:ucrt_detection.obj
 0001:0000c69c       __security_init_cookie     000000018000d69c f   LIBCMT:gs_support.obj
 0001:0000c748       ?__scrt_initialize_type_info@@YAXXZ 000000018000d748 f   LIBCMT:tncleanup.obj
 0001:0000c758       ?__scrt_uninitialize_type_info@@YAXXZ 000000018000d758 f   LIBCMT:tncleanup.obj
 0001:0000c764       __local_stdio_scanf_options 000000018000d764 f i LIBCMT:default_local_stdio_options.obj
 0001:0000c76c       __scrt_initialize_default_local_stdio_options 000000018000d76c f   LIBCMT:default_local_stdio_options.obj
 0001:0000c788       __scrt_get_dyn_tls_init_callback 000000018000d788 f   LIBCMT:dyn_tls_init.obj
 0001:0000c790       _RTC_Initialize            000000018000d790 f   LIBCMT:_initsect_.obj
 0001:0000c7dc       _RTC_Terminate             000000018000d7dc f   LIBCMT:_initsect_.obj
 0001:0000c840       memcpy                     000000018000d840 f   libvcruntime:memcpy.obj
 0001:0000c840       memmove                    000000018000d840 f   libvcruntime:memcpy.obj
 0001:0000cc78       _purecall                  000000018000dc78 f   libvcruntime:purevirt.obj
 0001:0000ccb4       __DestructExceptionObject  000000018000dcb4 f   libvcruntime:frame.obj
 0001:0000cd3c       ??0bad_exception@std@@QEAA@AEBV01@@Z 000000018000dd3c f i libvcruntime:frame.obj
 0001:0000cd7c       ??0bad_exception@std@@QEAA@XZ 000000018000dd7c f i libvcruntime:frame.obj
 0001:0000cd9c       ??1bad_alloc@std@@UEAA@XZ  000000018000dd9c f i libcpmt:xthrow.obj
 0001:0000cd9c       ??1invalid_argument@std@@UEAA@XZ 000000018000dd9c f i libcpmt:xthrow.obj
 0001:0000cd9c       ??1bad_exception@std@@UEAA@XZ 000000018000dd9c f i libvcruntime:frame.obj
 0001:0000cd9c       ??1length_error@std@@UEAA@XZ 000000018000dd9c f i libcpmt:xthrow.obj
 0001:0000cd9c       ??1bad_array_new_length@std@@UEAA@XZ 000000018000dd9c f i LIBCMT:throw_bad_alloc.obj
 0001:0000cd9c       ??1out_of_range@std@@UEAA@XZ 000000018000dd9c f i libcpmt:xthrow.obj
 0001:0000d70c       ?_CallMemberFunction0@@YAXPEAXP6AX0@Z@Z 000000018000e70c f i libvcruntime:frame.obj
 0001:0000d710       ?_CallMemberFunction1@@YAXPEAXP6AX0@Z0@Z 000000018000e710 f i libvcruntime:frame.obj
 0001:0000d71c       ?_CallMemberFunction2@@YAXPEAXP6AX0@Z0H@Z 000000018000e71c f i libvcruntime:frame.obj
 0001:0000d72c       __AdjustPointer            000000018000e72c f   libvcruntime:frame.obj
 0001:0000d750       __BuildCatchObject         000000018000e750 f   libvcruntime:frame.obj
 0001:0000d814       __BuildCatchObjectHelper   000000018000e814 f   libvcruntime:frame.obj
 0001:0000d9f4       __CxxCallCatchBlock        000000018000e9f4 f   libvcruntime:frame.obj
 0001:0000dbe0       __FrameUnwindFilter        000000018000ebe0 f   libvcruntime:frame.obj
 0001:0000dc2c       __FrameUnwindToState       000000018000ec2c f   libvcruntime:frame.obj
 0001:0000ddc0       __InternalCxxFrameHandler  000000018000edc0 f   libvcruntime:frame.obj
 0001:0000e018       __TypeMatch                000000018000f018 f   libvcruntime:frame.obj
 0001:0000e158       __std_terminate            000000018000f158 f   libvcruntime:frame.obj
 0001:0000e164       ?_ExecutionInCatch@@YAHPEAU_xDISPATCHER_CONTEXT@@PEBU_s_FuncInfo@@@Z 000000018000f164 f   libvcruntime:trnsctrl.obj
 0001:0000e1d8       ?_GetEstablisherFrame@@YAPEA_KPEA_KPEAU_xDISPATCHER_CONTEXT@@PEBU_s_FuncInfo@@0@Z 000000018000f1d8 f   libvcruntime:trnsctrl.obj
 0001:0000e2a4       ?_GetRangeOfTrysToCheck@@YAPEBU_s_TryBlockMapEntry@@PEA_KPEBU_s_FuncInfo@@HHPEAI2PEAU_xDISPATCHER_CONTEXT@@@Z 000000018000f2a4 f   libvcruntime:trnsctrl.obj
 0001:0000e3d0       ?__FrameUnwindToEmptyState@@YAXPEA_KPEAU_xDISPATCHER_CONTEXT@@PEBU_s_FuncInfo@@@Z 000000018000f3d0 f   libvcruntime:trnsctrl.obj
 0001:0000e464       ?__SehTransFilter@@YAHPEAU_EXCEPTION_POINTERS@@PEAUEHExceptionRecord@@PEA_KPEAU_CONTEXT@@PEAU_xDISPATCHER_CONTEXT@@PEBU_s_FuncInfo@@PEAH@Z 000000018000f464 f   libvcruntime:trnsctrl.obj
 0001:0000e4fc       _CallSETranslator          000000018000f4fc f   libvcruntime:trnsctrl.obj
 0001:0000e554       _CreateFrameInfo           000000018000f554 f   libvcruntime:trnsctrl.obj
 0001:0000e590       _FindAndUnlinkFrame        000000018000f590 f   libvcruntime:trnsctrl.obj
 0001:0000e5e8       _GetImageBase              000000018000f5e8 f   libvcruntime:trnsctrl.obj
 0001:0000e5fc       _GetThrowImageBase         000000018000f5fc f   libvcruntime:trnsctrl.obj
 0001:0000e610       _IsExceptionObjectToBeDestroyed 000000018000f610 f   libvcruntime:trnsctrl.obj
 0001:0000e640       _SetImageBase              000000018000f640 f   libvcruntime:trnsctrl.obj
 0001:0000e658       _SetThrowImageBase         000000018000f658 f   libvcruntime:trnsctrl.obj
 0001:0000e670       _UnwindNestedFrames        000000018000f670 f   libvcruntime:trnsctrl.obj
 0001:0000e794       __CxxFrameHandler3         000000018000f794 f   libvcruntime:trnsctrl.obj
 0001:0000e814       __std_exception_copy       000000018000f814 f   libvcruntime:std_exception.obj
 0001:0000e8a4       __std_exception_destroy    000000018000f8a4 f   libvcruntime:std_exception.obj
 0001:0000e8cc       _CxxThrowException         000000018000f8cc f   libvcruntime:throw.obj
 0001:0000e9c0       memset                     000000018000f9c0 f   libvcruntime:memset.obj
 0001:0000eb70       memcmp                     000000018000fb70 f   libvcruntime:memcmp.obj
 0001:0000ee00       __vcrt_FlsAlloc            000000018000fe00 f   libvcruntime:winapi_downlevel.obj
 0001:0000ee54       __vcrt_FlsFree             000000018000fe54 f   libvcruntime:winapi_downlevel.obj
 0001:0000eea8       __vcrt_FlsGetValue         000000018000fea8 f   libvcruntime:winapi_downlevel.obj
 0001:0000eefc       __vcrt_FlsSetValue         000000018000fefc f   libvcruntime:winapi_downlevel.obj
 0001:0000ef64       __vcrt_InitializeCriticalSectionEx 000000018000ff64 f   libvcruntime:winapi_downlevel.obj
 0001:0000efdc       __vcrt_initialize_winapi_thunks 000000018000ffdc f   libvcruntime:winapi_downlevel.obj
 0001:0000f028       __vcrt_uninitialize_winapi_thunks 0000000180010028 f   libvcruntime:winapi_downlevel.obj
 0001:0000f068       __vcrt_initialize          0000000180010068 f   libvcruntime:initialization.obj
 0001:0000f09c       __vcrt_thread_attach       000000018001009c f   libvcruntime:initialization.obj
 0001:0000f0b0       __vcrt_thread_detach       00000001800100b0 f   libvcruntime:initialization.obj
 0001:0000f0c4       __vcrt_uninitialize        00000001800100c4 f   libvcruntime:initialization.obj
 0001:0000f0e4       __vcrt_uninitialize_critical 00000001800100e4 f   libvcruntime:initialization.obj
 0001:0000f0f4       __C_specific_handler       00000001800100f4 f   libvcruntime:_chandler_.obj
 0001:0000f2f0       __std_type_info_compare    00000001800102f0 f   libvcruntime:std_type_info.obj
 0001:0000f318       __std_type_info_destroy_list 0000000180010318 f   libvcruntime:std_type_info.obj
 0001:0000f344       __vcrt_initialize_pure_virtual_call_handler 0000000180010344 f   libvcruntime:purevirt_data.obj
 0001:0000f368       __vcrt_freefls             0000000180010368 f   libvcruntime:per_thread_data.obj
 0001:0000f388       __vcrt_freeptd             0000000180010388 f   libvcruntime:per_thread_data.obj
 0001:0000f3d8       __vcrt_getptd              00000001800103d8 f   libvcruntime:per_thread_data.obj
 0001:0000f3f4       __vcrt_getptd_noexit       00000001800103f4 f   libvcruntime:per_thread_data.obj
 0001:0000f4ac       __vcrt_initialize_ptd      00000001800104ac f   libvcruntime:per_thread_data.obj
 0001:0000f4ec       __vcrt_uninitialize_ptd    00000001800104ec f   libvcruntime:per_thread_data.obj
 0001:0000f510       ?__GetCurrentState@@YAHPEA_KPEAU_xDISPATCHER_CONTEXT@@PEBU_s_FuncInfo@@@Z 0000000180010510 f   libvcruntime:ehstate.obj
 0001:0000f538       ?__GetUnwindTryBlock@@YAHPEA_KPEAU_xDISPATCHER_CONTEXT@@PEBU_s_FuncInfo@@@Z 0000000180010538 f   libvcruntime:ehstate.obj
 0001:0000f564       ?__SetState@@YAXPEA_KPEAU_xDISPATCHER_CONTEXT@@PEBU_s_FuncInfo@@H@Z 0000000180010564 f   libvcruntime:ehstate.obj
 0001:0000f570       ?__SetUnwindTryBlock@@YAXPEA_KPEAU_xDISPATCHER_CONTEXT@@PEBU_s_FuncInfo@@H@Z 0000000180010570 f   libvcruntime:ehstate.obj
 0001:0000f5ac       ?__StateFromControlPc@@YAHPEBU_s_FuncInfo@@PEAU_xDISPATCHER_CONTEXT@@@Z 00000001800105ac f   libvcruntime:ehstate.obj
 0001:0000f5b4       ?__StateFromIp@@YAHPEBU_s_FuncInfo@@PEAU_xDISPATCHER_CONTEXT@@_J@Z 00000001800105b4 f   libvcruntime:ehstate.obj
 0001:0000f630       _CallSettingFrame          0000000180010630 f   libvcruntime:handlers.obj
 0001:0000f680       _local_unwind              0000000180010680 f   libvcruntime:_jmpuwind_.obj
 0001:0000f6b0       _NLG_Notify                00000001800106b0 f   libvcruntime:_jmpuwind_.obj
 0001:0000f6d0       __NLG_Dispatch2            00000001800106d0 f   libvcruntime:_jmpuwind_.obj
 0001:0000f6e0       __NLG_Return2              00000001800106e0 f   libvcruntime:_jmpuwind_.obj
 0001:0000f6e4       __vcrt_initialize_locks    00000001800106e4 f   libvcruntime:locks.obj
 0001:0000f72c       __vcrt_uninitialize_locks  000000018001072c f   libvcruntime:locks.obj
 0001:0000f764       abort                      0000000180010764 f   libucrt:abort.obj
 0001:0000f7bc       calloc                     00000001800107bc f   libucrt:calloc.obj
 0001:0000f7c4       __acrt_call_reportfault    00000001800107c4 f   libucrt:invalid_parameter.obj
 0001:0000f920       __acrt_initialize_invalid_parameter_handler 0000000180010920 f   libucrt:invalid_parameter.obj
 0001:0000f928       _invalid_parameter         0000000180010928 f   libucrt:invalid_parameter.obj
 0001:0000f9d0       _invalid_parameter_noinfo  00000001800109d0 f   libucrt:invalid_parameter.obj
 0001:0000f9f0       _invalid_parameter_noinfo_noreturn 00000001800109f0 f   libucrt:invalid_parameter.obj
 0001:0000fa20       _invoke_watson             0000000180010a20 f   libucrt:invalid_parameter.obj
 0001:0000fa68       strcspn                    0000000180010a68 f   libucrt:strcspn.obj
 0001:0000fb08       ??$?RV<lambda_7b91131dde12e1c3dfc74ff76b3f2eac>@@AEAV<lambda_dd75445284c072d0bd3768540cc698fa>@@V<lambda_16bc4ecb55b4718497c16bceaea2ceaf>@@@?$__crt_seh_guarded_call@H@@QEAAH$$QEAV<lambda_7b91131dde12e1c3dfc74ff76b3f2eac>@@AEAV<lambda_dd75445284c072d0bd3768540cc698fa>@@$$QEAV<lambda_16bc4ecb55b4718497c16bceaea2ceaf>@@@Z 0000000180010b08 f i libucrt:output.obj
 0001:0000fcf0       ??$ensure_buffer_is_big_enough@D@formatting_buffer@__crt_stdio_output@@QEAA_N_K@Z 0000000180010cf0 f i libucrt:output.obj
 0001:0000fd9c       ??$is_wide_character_specifier@D@__crt_stdio_output@@YA_N_KDW4length_modifier@0@@Z 0000000180010d9c f i libucrt:output.obj
 0001:0000fdcc       ??$is_wide_character_specifier@_W@__crt_stdio_output@@YA_N_K_WW4length_modifier@0@@Z 0000000180010dcc f i libucrt:output.obj
 0001:0000fe10       ??$type_case_integer_parse_into_buffer@I@?$output_processor@_WV?$stream_output_adapter@_W@__crt_stdio_output@@V?$standard_base@_WV?$stream_output_adapter@_W@__crt_stdio_output@@@2@@__crt_stdio_output@@AEAAXII_N@Z 0000000180010e10 f i libucrt:output.obj
 0001:0000fe10       ??$type_case_integer_parse_into_buffer@I@?$output_processor@_WV?$string_output_adapter@_W@__crt_stdio_output@@V?$standard_base@_WV?$string_output_adapter@_W@__crt_stdio_output@@@2@@__crt_stdio_output@@AEAAXII_N@Z 0000000180010e10 f i libucrt:output.obj
 0001:0000fe10       ??$type_case_integer_parse_into_buffer@I@?$output_processor@DV?$string_output_adapter@D@__crt_stdio_output@@V?$format_validation_base@DV?$string_output_adapter@D@__crt_stdio_output@@@2@@__crt_stdio_output@@AEAAXII_N@Z 0000000180010e10 f i libucrt:output.obj
 0001:0000feac       ??$type_case_integer_parse_into_buffer@_K@?$output_processor@_WV?$string_output_adapter@_W@__crt_stdio_output@@V?$standard_base@_WV?$string_output_adapter@_W@__crt_stdio_output@@@2@@__crt_stdio_output@@AEAAX_KI_N@Z 0000000180010eac f i libucrt:output.obj
 0001:0000feac       ??$type_case_integer_parse_into_buffer@_K@?$output_processor@DV?$string_output_adapter@D@__crt_stdio_output@@V?$format_validation_base@DV?$string_output_adapter@D@__crt_stdio_output@@@2@@__crt_stdio_output@@AEAAX_KI_N@Z 0000000180010eac f i libucrt:output.obj
 0001:0000feac       ??$type_case_integer_parse_into_buffer@_K@?$output_processor@_WV?$stream_output_adapter@_W@__crt_stdio_output@@V?$standard_base@_WV?$stream_output_adapter@_W@__crt_stdio_output@@@2@@__crt_stdio_output@@AEAAX_KI_N@Z 0000000180010eac f i libucrt:output.obj
 0001:0000ff48       ??$write_multiple_characters@V?$stream_output_adapter@_W@__crt_stdio_output@@D@__crt_stdio_output@@YAXAEBV?$stream_output_adapter@_W@0@DHQEAH@Z 0000000180010f48 f i libucrt:output.obj
 0001:0000ffd8       ??$write_multiple_characters@V?$string_output_adapter@D@__crt_stdio_output@@D@__crt_stdio_output@@YAXAEBV?$string_output_adapter@D@0@DHQEAH@Z 0000000180010fd8 f i libucrt:output.obj
 0001:00010034       ??$write_multiple_characters@V?$string_output_adapter@_W@__crt_stdio_output@@D@__crt_stdio_output@@YAXAEBV?$string_output_adapter@_W@0@DHQEAH@Z 0000000180011034 f i libucrt:output.obj
 0001:000100a4       ??0?$output_processor@DV?$string_output_adapter@D@__crt_stdio_output@@V?$format_validation_base@DV?$string_output_adapter@D@__crt_stdio_output@@@2@@__crt_stdio_output@@QEAA@AEBV?$string_output_adapter@D@1@_KQEBDQEAU__crt_locale_pointers@@QEAD@Z 00000001800110a4 f i libucrt:output.obj
 0001:00010120       ??0?$output_processor@_WV?$stream_output_adapter@_W@__crt_stdio_output@@V?$standard_base@_WV?$stream_output_adapter@_W@__crt_stdio_output@@@2@@__crt_stdio_output@@QEAA@AEBV?$stream_output_adapter@_W@1@_KQEB_WQEAU__crt_locale_pointers@@QEAD@Z 0000000180011120 f i libucrt:output.obj
 0001:00010120       ??0?$output_processor@_WV?$string_output_adapter@_W@__crt_stdio_output@@V?$standard_base@_WV?$string_output_adapter@_W@__crt_stdio_output@@@2@@__crt_stdio_output@@QEAA@AEBV?$string_output_adapter@_W@1@_KQEB_WQEAU__crt_locale_pointers@@QEAD@Z 0000000180011120 f i libucrt:output.obj
 0001:000101a0       ??0_LocaleUpdate@@QEAA@QEAU__crt_locale_pointers@@@Z 00000001800111a0 f i libucrt:output.obj
 0001:00010320       ?force_decimal_point@__crt_stdio_output@@YAXPEADQEAU__crt_locale_pointers@@@Z 0000000180011320 f i libucrt:output.obj
 0001:00010390       ?parse_int_from_format_string@?$output_processor@DV?$string_output_adapter@D@__crt_stdio_output@@V?$format_validation_base@DV?$string_output_adapter@D@__crt_stdio_output@@@2@@__crt_stdio_output@@AEAA_NQEAH@Z 0000000180011390 f i libucrt:output.obj
 0001:00010414       ?parse_int_from_format_string@?$output_processor@_WV?$stream_output_adapter@_W@__crt_stdio_output@@V?$standard_base@_WV?$stream_output_adapter@_W@__crt_stdio_output@@@2@@__crt_stdio_output@@AEAA_NQEAH@Z 0000000180011414 f i libucrt:output.obj
 0001:00010414       ?parse_int_from_format_string@?$output_processor@_WV?$string_output_adapter@_W@__crt_stdio_output@@V?$standard_base@_WV?$string_output_adapter@_W@__crt_stdio_output@@@2@@__crt_stdio_output@@AEAA_NQEAH@Z 0000000180011414 f i libucrt:output.obj
 0001:00010494       ?process@?$output_processor@DV?$string_output_adapter@D@__crt_stdio_output@@V?$format_validation_base@DV?$string_output_adapter@D@__crt_stdio_output@@@2@@__crt_stdio_output@@QEAAHXZ 0000000180011494 f i libucrt:output.obj
 0001:000106a8       ?process@?$output_processor@_WV?$stream_output_adapter@_W@__crt_stdio_output@@V?$standard_base@_WV?$stream_output_adapter@_W@__crt_stdio_output@@@2@@__crt_stdio_output@@QEAAHXZ 00000001800116a8 f i libucrt:output.obj
 0001:00010920       ?process@?$output_processor@_WV?$string_output_adapter@_W@__crt_stdio_output@@V?$standard_base@_WV?$string_output_adapter@_W@__crt_stdio_output@@@2@@__crt_stdio_output@@QEAAHXZ 0000000180011920 f i libucrt:output.obj
 0001:00010b9c       ?state_case_normal@?$output_processor@DV?$string_output_adapter@D@__crt_stdio_output@@V?$format_validation_base@DV?$string_output_adapter@D@__crt_stdio_output@@@2@@__crt_stdio_output@@AEAA_NXZ 0000000180011b9c f i libucrt:output.obj
 0001:00010c10       ?state_case_normal_tchar@?$output_processor@DV?$string_output_adapter@D@__crt_stdio_output@@V?$format_validation_base@DV?$string_output_adapter@D@__crt_stdio_output@@@2@@__crt_stdio_output@@AEAA_ND@Z 0000000180011c10 f i libucrt:output.obj
 0001:00010ca8       ?state_case_size@?$output_processor@DV?$string_output_adapter@D@__crt_stdio_output@@V?$format_validation_base@DV?$string_output_adapter@D@__crt_stdio_output@@@2@@__crt_stdio_output@@AEAA_NXZ 0000000180011ca8 f i libucrt:output.obj
 0001:00010e24       ?state_case_size@?$output_processor@_WV?$stream_output_adapter@_W@__crt_stdio_output@@V?$standard_base@_WV?$stream_output_adapter@_W@__crt_stdio_output@@@2@@__crt_stdio_output@@AEAA_NXZ 0000000180011e24 f i libucrt:output.obj
 0001:00010fc8       ?state_case_size@?$output_processor@_WV?$string_output_adapter@_W@__crt_stdio_output@@V?$standard_base@_WV?$string_output_adapter@_W@__crt_stdio_output@@@2@@__crt_stdio_output@@AEAA_NXZ 0000000180011fc8 f i libucrt:output.obj
 0001:0001116c       ?state_case_type@?$output_processor@DV?$string_output_adapter@D@__crt_stdio_output@@V?$format_validation_base@DV?$string_output_adapter@D@__crt_stdio_output@@@2@@__crt_stdio_output@@AEAA_NXZ 000000018001216c f i libucrt:output.obj
 0001:000113e8       ?state_case_type@?$output_processor@_WV?$stream_output_adapter@_W@__crt_stdio_output@@V?$standard_base@_WV?$stream_output_adapter@_W@__crt_stdio_output@@@2@@__crt_stdio_output@@AEAA_NXZ 00000001800123e8 f i libucrt:output.obj
 0001:000116b4       ?state_case_type@?$output_processor@_WV?$string_output_adapter@_W@__crt_stdio_output@@V?$standard_base@_WV?$string_output_adapter@_W@__crt_stdio_output@@@2@@__crt_stdio_output@@AEAA_NXZ 00000001800126b4 f i libucrt:output.obj
 0001:00011980       ?type_case_Z@?$output_processor@DV?$string_output_adapter@D@__crt_stdio_output@@V?$format_validation_base@DV?$string_output_adapter@D@__crt_stdio_output@@@2@@__crt_stdio_output@@AEAA_NXZ 0000000180012980 f i libucrt:output.obj
 0001:00011a00       ?type_case_Z@?$output_processor@_WV?$string_output_adapter@_W@__crt_stdio_output@@V?$standard_base@_WV?$string_output_adapter@_W@__crt_stdio_output@@@2@@__crt_stdio_output@@AEAA_NXZ 0000000180012a00 f i libucrt:output.obj
 0001:00011a00       ?type_case_Z@?$output_processor@_WV?$stream_output_adapter@_W@__crt_stdio_output@@V?$standard_base@_WV?$stream_output_adapter@_W@__crt_stdio_output@@@2@@__crt_stdio_output@@AEAA_NXZ 0000000180012a00 f i libucrt:output.obj
 0001:00011a80       ?type_case_a@?$output_processor@DV?$string_output_adapter@D@__crt_stdio_output@@V?$format_validation_base@DV?$string_output_adapter@D@__crt_stdio_output@@@2@@__crt_stdio_output@@AEAA_NXZ 0000000180012a80 f i libucrt:output.obj
 0001:00011c9c       ?type_case_a@?$output_processor@_WV?$string_output_adapter@_W@__crt_stdio_output@@V?$standard_base@_WV?$string_output_adapter@_W@__crt_stdio_output@@@2@@__crt_stdio_output@@AEAA_NXZ 0000000180012c9c f i libucrt:output.obj
 0001:00011c9c       ?type_case_a@?$output_processor@_WV?$stream_output_adapter@_W@__crt_stdio_output@@V?$standard_base@_WV?$stream_output_adapter@_W@__crt_stdio_output@@@2@@__crt_stdio_output@@AEAA_NXZ 0000000180012c9c f i libucrt:output.obj
 0001:00011ee0       ?type_case_c_tchar@?$output_processor@DV?$string_output_adapter@D@__crt_stdio_output@@V?$format_validation_base@DV?$string_output_adapter@D@__crt_stdio_output@@@2@@__crt_stdio_output@@AEAA_ND@Z 0000000180012ee0 f i libucrt:output.obj
 0001:00011f94       ?type_case_c_tchar@?$output_processor@_WV?$stream_output_adapter@_W@__crt_stdio_output@@V?$standard_base@_WV?$stream_output_adapter@_W@__crt_stdio_output@@@2@@__crt_stdio_output@@AEAA_N_W@Z 0000000180012f94 f i libucrt:output.obj
 0001:00011f94       ?type_case_c_tchar@?$output_processor@_WV?$string_output_adapter@_W@__crt_stdio_output@@V?$standard_base@_WV?$string_output_adapter@_W@__crt_stdio_output@@@2@@__crt_stdio_output@@AEAA_N_W@Z 0000000180012f94 f i libucrt:output.obj
 0001:0001203c       ?type_case_integer@?$output_processor@_WV?$stream_output_adapter@_W@__crt_stdio_output@@V?$standard_base@_WV?$stream_output_adapter@_W@__crt_stdio_output@@@2@@__crt_stdio_output@@AEAA_NI_N@Z 000000018001303c f i libucrt:output.obj
 0001:0001203c       ?type_case_integer@?$output_processor@DV?$string_output_adapter@D@__crt_stdio_output@@V?$format_validation_base@DV?$string_output_adapter@D@__crt_stdio_output@@@2@@__crt_stdio_output@@AEAA_NI_N@Z 000000018001303c f i libucrt:output.obj
 0001:0001203c       ?type_case_integer@?$output_processor@_WV?$string_output_adapter@_W@__crt_stdio_output@@V?$standard_base@_WV?$string_output_adapter@_W@__crt_stdio_output@@@2@@__crt_stdio_output@@AEAA_NI_N@Z 000000018001303c f i libucrt:output.obj
 0001:000121dc       ?type_case_n@?$output_processor@_WV?$string_output_adapter@_W@__crt_stdio_output@@V?$standard_base@_WV?$string_output_adapter@_W@__crt_stdio_output@@@2@@__crt_stdio_output@@AEAA_NXZ 00000001800131dc f i libucrt:output.obj
 0001:000121dc       ?type_case_n@?$output_processor@DV?$string_output_adapter@D@__crt_stdio_output@@V?$format_validation_base@DV?$string_output_adapter@D@__crt_stdio_output@@@2@@__crt_stdio_output@@AEAA_NXZ 00000001800131dc f i libucrt:output.obj
 0001:000121dc       ?type_case_n@?$output_processor@_WV?$stream_output_adapter@_W@__crt_stdio_output@@V?$standard_base@_WV?$stream_output_adapter@_W@__crt_stdio_output@@@2@@__crt_stdio_output@@AEAA_NXZ 00000001800131dc f i libucrt:output.obj
 0001:000122b8       ?type_case_s@?$output_processor@DV?$string_output_adapter@D@__crt_stdio_output@@V?$format_validation_base@DV?$string_output_adapter@D@__crt_stdio_output@@@2@@__crt_stdio_output@@AEAA_NXZ 00000001800132b8 f i libucrt:output.obj
 0001:00012348       ?type_case_s@?$output_processor@_WV?$string_output_adapter@_W@__crt_stdio_output@@V?$standard_base@_WV?$string_output_adapter@_W@__crt_stdio_output@@@2@@__crt_stdio_output@@AEAA_NXZ 0000000180013348 f i libucrt:output.obj
 0001:00012348       ?type_case_s@?$output_processor@_WV?$stream_output_adapter@_W@__crt_stdio_output@@V?$standard_base@_WV?$stream_output_adapter@_W@__crt_stdio_output@@@2@@__crt_stdio_output@@AEAA_NXZ 0000000180013348 f i libucrt:output.obj
 0001:00012410       ?write_stored_string_tchar@?$output_processor@DV?$string_output_adapter@D@__crt_stdio_output@@V?$format_validation_base@DV?$string_output_adapter@D@__crt_stdio_output@@@2@@__crt_stdio_output@@AEAA_ND@Z 0000000180013410 f i libucrt:output.obj
 0001:000124e8       ?write_stored_string_tchar@?$output_processor@_WV?$stream_output_adapter@_W@__crt_stdio_output@@V?$standard_base@_WV?$stream_output_adapter@_W@__crt_stdio_output@@@2@@__crt_stdio_output@@AEAA_N_W@Z 00000001800134e8 f i libucrt:output.obj
 0001:000125d4       ?write_stored_string_tchar@?$output_processor@_WV?$string_output_adapter@_W@__crt_stdio_output@@V?$standard_base@_WV?$string_output_adapter@_W@__crt_stdio_output@@@2@@__crt_stdio_output@@AEAA_N_W@Z 00000001800135d4 f i libucrt:output.obj
 0001:000126c4       ?write_string@?$stream_output_adapter@_W@__crt_stdio_output@@QEBAXQEB_WHQEAH1@Z 00000001800136c4 f i libucrt:output.obj
 0001:000127d0       ?write_string@?$string_output_adapter@D@__crt_stdio_output@@QEBAXQEBDHQEAH1@Z 00000001800137d0 f i libucrt:output.obj
 0001:0001288c       ?write_string@?$string_output_adapter@_W@__crt_stdio_output@@QEBAXQEB_WHQEAH1@Z 000000018001388c f i libucrt:output.obj
 0001:0001294c       __stdio_common_vfwprintf   000000018001394c f   libucrt:output.obj
 0001:000129d8       __stdio_common_vsprintf_s  00000001800139d8 f   libucrt:output.obj
 0001:00012a3c       __stdio_common_vswprintf   0000000180013a3c f   libucrt:output.obj
 0001:00012c74       localeconv                 0000000180013c74 f   libucrt:localeconv.obj
 0001:00012ca8       __acrt_errno_from_os_error 0000000180013ca8 f   libucrt:errno.obj
 0001:00012cf0       __acrt_errno_map_os_error  0000000180013cf0 f   libucrt:errno.obj
 0001:00012d40       __doserrno                 0000000180013d40 f   libucrt:errno.obj
 0001:00012d60       _errno                     0000000180013d60 f   libucrt:errno.obj
 0001:00012d80       ??$is_overflow_condition@K@__crt_strtox@@YA_NIK@Z 0000000180013d80 f i libucrt:strtox.obj
 0001:00012dac       ??$parse_integer@KV?$c_string_character_source@D@__crt_strtox@@@__crt_strtox@@YAKQEAU__crt_locale_pointers@@V?$c_string_character_source@D@0@H_N@Z 0000000180013dac f i libucrt:strtox.obj
 0001:000130c0       ??$parse_integer@KV?$c_string_character_source@_W@__crt_strtox@@@__crt_strtox@@YAKQEAU__crt_locale_pointers@@V?$c_string_character_source@_W@0@H_N@Z 00000001800140c0 f i libucrt:strtox.obj
 0001:00013794       strtol                     0000000180014794 f   libucrt:strtox.obj
 0001:000137c4       wcstol                     00000001800147c4 f   libucrt:strtox.obj
 0001:000137f4       free                       00000001800147f4 f   libucrt:free.obj
 0001:000137fc       frexp                      00000001800147fc f   libucrt:frexp.obj
 0001:000138f4       round                      00000001800148f4 f   libucrt:round.obj
 0001:00014344       ??$ftprintf@PEAU_iobuf@@PEB_WAEBQEB_WAEBQEB_WAEBI@?$__crt_char_traits@_W@@SAH$$QEAPEAU_iobuf@@$$QEAPEB_WAEBQEB_W2AEBI@Z 0000000180015344 f i libucrt:assert.obj
 0001:0001436c       _wassert                   000000018001536c f   libucrt:assert.obj
 0001:000143f0       fwprintf                   00000001800153f0 f i libucrt:assert.obj
 0001:00014434       swprintf                   0000000180015434 f i libucrt:assert.obj
 0001:00014488       __ascii_stricmp            0000000180015488 f   libucrt:stricmp.obj
 0001:000144c4       _stricmp                   00000001800154c4 f   libucrt:stricmp.obj
 0001:0001450c       _stricmp_l                 000000018001550c f   libucrt:stricmp.obj
 0001:000145c0       __acrt_initialize_locks    00000001800155c0 f   libucrt:locks.obj
 0001:00014608       __acrt_lock                0000000180015608 f   libucrt:locks.obj
 0001:00014624       __acrt_uninitialize_locks  0000000180015624 f   libucrt:locks.obj
 0001:0001465c       __acrt_unlock              000000018001565c f   libucrt:locks.obj
 0001:00014678       _lock_locales              0000000180015678 f   libucrt:locks.obj
 0001:00014688       _unlock_locales            0000000180015688 f   libucrt:locks.obj
 0001:00014698       malloc                     0000000180015698 f   libucrt:malloc.obj
 0001:00014788       setlocale                  0000000180015788 f   libucrt:setlocale.obj
 0001:00014954       _calloc_base               0000000180015954 f   libucrt:calloc_base.obj
 0001:000149cc       __pctype_func              00000001800159cc f   libucrt:ctype.obj
 0001:000149fc       isdigit                    00000001800159fc f i libucrt:_ctype.obj
 0001:00014a70       islower                    0000000180015a70 f i libucrt:_ctype.obj
 0001:00014ae4       isupper                    0000000180015ae4 f i libucrt:_ctype.obj
 0001:00014b58       _wcsdup                    0000000180015b58 f   libucrt:wcsdup.obj
 0001:00014bdc       ___lc_codepage_func        0000000180015bdc f   libucrt:initctype.obj
 0001:00014c0c       ___lc_locale_name_func     0000000180015c0c f   libucrt:initctype.obj
 0001:00014c40       ___mb_cur_max_func         0000000180015c40 f   libucrt:initctype.obj
 0001:00014c70       __acrt_locale_initialize_ctype 0000000180015c70 f   libucrt:initctype.obj
 0001:000152bc       _ismbblead                 00000001800162bc f   libucrt:ismbbyte.obj
 0001:000152d0       _malloc_base               00000001800162d0 f   libucrt:malloc_base.obj
 0001:00015330       _realloc_base              0000000180016330 f   libucrt:realloc_base.obj
 0001:000153c0       ?divide@__crt_strtox@@YA_KAEAUbig_integer@1@AEBU21@@Z 00000001800163c0 f i libucrt:strtod.obj
 0001:00015890       pow                        0000000180016890 f   libucrt:pow.obj
 0001:00016f30       powf                       0000000180017f30 f   libucrt:powf.obj
 0001:00017df8       __strncnt                  0000000180018df8 f   libucrt:strncnt.obj
 0001:00017e10       _free_base                 0000000180018e10 f   libucrt:free_base.obj
 0001:00017ea0       _tolower_l                 0000000180018ea0 f   libucrt:tolower_toupper.obj
 0001:00017fe0       tolower                    0000000180018fe0 f   libucrt:tolower_toupper.obj
 0001:0001800c       wcscpy_s                   000000018001900c f   libucrt:wcscpy_s.obj
 0001:00018074       strnlen                    0000000180019074 f   libucrt:strnlen.obj
 0001:000181d0       wcsnlen                    00000001800191d0 f   libucrt:strnlen.obj
 0001:000183c0       __acrt_initialize_new_handler 00000001800193c0 f   libucrt:new_handler.obj
[...]
 0004:000021f0       $pdata$_handle_error       00000001800451f0     libucrt:libm_error.obj
 0004:000021fc       $pdata$_handle_errorf      00000001800451fc     libucrt:libm_error.obj
 0004:00002208       $pdata$_towlower_l         0000000180045208     libucrt:towlower.obj
 0004:00002214       $pdata$?shortsort@@YAXPEAD0_KP6AHPEBX2@Z@Z 0000000180045214     libucrt:qsort.obj
 0004:00002220       $pdata$2$?shortsort@@YAXPEAD0_KP6AHPEBX2@Z@Z 0000000180045220     libucrt:qsort.obj
 0004:0000222c       $pdata$3$?shortsort@@YAXPEAD0_KP6AHPEBX2@Z@Z 000000018004522c     libucrt:qsort.obj
 0004:00002238       $pdata$qsort               0000000180045238     libucrt:qsort.obj
 0004:00002244       $pdata$4$qsort             0000000180045244     libucrt:qsort.obj
 0004:00002250       $pdata$5$qsort             0000000180045250     libucrt:qsort.obj
 0004:0000225c       $pdata$strpbrk             000000018004525c     libucrt:strpbrk.obj
 0004:00002268       $pdata$_mbsdec_l           0000000180045268     libucrt:mbsdec.obj
 0004:00002274       $pdata$?initialize_multibyte@@YAHXZ 0000000180045274     libucrt:multibyte_initializer.obj
 0004:00002280       $pdata$_msize              0000000180045280     libucrt:msize.obj
 0004:0000228c       $pdata$fegetenv            000000018004528c     libucrt:fegetenv.obj
 0004:00002298       $pdata$fesetenv            0000000180045298     libucrt:fesetenv.obj
 0004:000022a4       $pdata$feholdexcept        00000001800452a4     libucrt:feholdexcept.obj
 0004:000022bc       $pdata$??$common_lseek@_J@@YA_JH_JH@Z 00000001800452bc     libucrt:lseek.obj
 0004:000022c8       $pdata$??$common_lseek_nolock@_J@@YA_JH_JH@Z 00000001800452c8     libucrt:lseek.obj
 0004:000022d4       $pdata$__acrt_stdio_allocate_buffer_nolock 00000001800452d4     libucrt:_getbuf.obj
 0004:000022e0       $pdata$_fclose_nolock      00000001800452e0     libucrt:fclose.obj
 0004:000022ec       $pdata$fclose              00000001800452ec     libucrt:fclose.obj
 0004:000022f8       $pdata$_wcsnicmp           00000001800452f8     libucrt:wcsnicmp.obj
 0004:00002304       $pdata$_wcsnicmp_l         0000000180045304     libucrt:wcsnicmp.obj
 0004:00002310       $pdata$_clearfp            0000000180045310     libucrt:ieee.obj
 0004:0000231c       $pdata$common_control87    000000018004531c     libucrt:ieee.obj
 0004:00002328       $pdata$_putwch_nolock      0000000180045328     libucrt:putwch.obj
 0004:00002334       $pdata$__acrt_LCMapStringW 0000000180045334     libucrt:lcmapstringw.obj
 0004:00002340       $pdata$_log10_special      0000000180045340     libucrt:log_special.obj
 0004:0000234c       $pdata$_log_special_common 000000018004534c     libucrt:log_special.obj
 0004:00002358       $pdata$??$?RV<lambda_bfedae4ebbf01fab1bb6dcc6a9e276e0>@@AEAV<lambda_2fe9b910cf3cbf4a0ab98a02ba45b3ec>@@V<lambda_237c231691f317818eb88cc1d5d642d6>@@@?$__crt_seh_guarded_call@H@@QEAAH$$QEAV<lambda_bfedae4ebbf01fab1bb6dcc6a9e276e0>@@AEAV<lambda_2fe9b910cf3cbf4a0ab98a02ba45b3ec>@@$$QEAV<lambda_237c231691f317818eb88cc1d5d642d6>@@@Z 0000000180045358     libucrt:close.obj
 0004:00002364       $pdata$_close              0000000180045364     libucrt:close.obj
 0004:00002370       $pdata$_close_nolock       0000000180045370     libucrt:close.obj
 0004:0000237c       $pdata$__dcrt_lowio_initialize_console_output 000000018004537c     libucrt:initcon.obj
 0004:00002388       $pdata$__dcrt_terminate_console_output 0000000180045388     libucrt:initcon.obj
 0004:00002394       $pdata$?DloadAcquireSectionWriteAccess@@YAXXZ 0000000180045394     DelayImp:delayhlp.obj
 0004:000023a0       $pdata$?DloadGetSRWLockFunctionPointers@@YAEXZ 00000001800453a0     DelayImp:delayhlp.obj
 0004:000023ac       $pdata$?DloadMakePermanentImageCommit@@YAXPEAX_K@Z 00000001800453ac     DelayImp:delayhlp.obj
 0004:000023b8       $pdata$?DloadObtainSection@@YAPEAXPEAK0@Z 00000001800453b8     DelayImp:delayhlp.obj
 0004:000023c4       $pdata$?DloadProtectSection@@YAXKPEAK@Z 00000001800453c4     DelayImp:delayhlp.obj
 0004:000023d0       $pdata$?DloadReleaseSectionWriteAccess@@YAXXZ 00000001800453d0     DelayImp:delayhlp.obj
 0004:000023dc       $pdata$__delayLoadHelper2  00000001800453dc     DelayImp:delayhlp.obj
 0004:000023e8       $pdata$_IsNonwritableInCurrentImage 00000001800453e8     LIBCMT:pesect.obj
 0004:000023f4       $pdata$strrchr             00000001800453f4     libvcruntime:strrchr.obj
 0004:00002400       $pdata$wcschr              0000000180045400     libvcruntime:wcschr.obj
 0004:00002418       $pdata$__scrt_is_nonwritable_in_current_image$filt$0 0000000180045418     LIBCMT:utility.obj
 0004:00002424       $pdata$?fin$0@?0??dllmain_crt_process_attach@@YAHQEAUHINSTANCE__@@QEAX@Z@4HA 0000000180045424     LIBCMT:dll_dllmain.obj
 0004:00002430       $pdata$?fin$0@?0??dllmain_crt_process_detach@@YAH_N@Z@4HA 0000000180045430     LIBCMT:dll_dllmain.obj
 0004:0000243c       $pdata$?filt$0@?0??dllmain_dispatch@@YAHQEAUHINSTANCE__@@KQEAX@Z@4HA 000000018004543c     LIBCMT:dll_dllmain.obj
 0004:00002448       $pdata$__CxxCallCatchBlock$filt$0 0000000180045448     libvcruntime:frame.obj
 0004:00002454       $pdata$__CxxCallCatchBlock$fin$1 0000000180045454     libvcruntime:frame.obj
 0004:00002460       $pdata$__DestructExceptionObject$filt$0 0000000180045460     libvcruntime:frame.obj
 0004:0000246c       $pdata$__FrameUnwindToState$filt$0 000000018004546c     libvcruntime:frame.obj
 0004:00002478       $pdata$__FrameUnwindToState$fin$1 0000000180045478     libvcruntime:frame.obj
 0004:00002484       $pdata$_CallSETranslator$filt$0 0000000180045484     libvcruntime:trnsctrl.obj
 0004:00002490       $pdata$?fin$0@?0???$?RV<lambda_7a5ef57ff966f610505f1d28a3d40618>@@AEAV<lambda_b721fa326cdb32351d23dfa67958c160>@@V<lambda_5e0fb27672408a07956fe59e48ccb2aa>@@@?$__crt_seh_guarded_call@H@@QEAAH$$QEAV<lambda_7a5ef57ff966f610505f1d28a3d40618>@@AEAV<lambda_b721fa326cdb32351d23dfa67958c160>@@$$QEAV<lambda_5e0fb27672408a07956fe59e48ccb2aa>@@@Z@4HA 0000000180045490     libucrt:setvbuf.obj
 0004:00002490       $pdata$?fin$0@?0???$?RV<lambda_7b91131dde12e1c3dfc74ff76b3f2eac>@@AEAV<lambda_dd75445284c072d0bd3768540cc698fa>@@V<lambda_16bc4ecb55b4718497c16bceaea2ceaf>@@@?$__crt_seh_guarded_call@H@@QEAAH$$QEAV<lambda_7b91131dde12e1c3dfc74ff76b3f2eac>@@AEAV<lambda_dd75445284c072d0bd3768540cc698fa>@@$$QEAV<lambda_16bc4ecb55b4718497c16bceaea2ceaf>@@@Z@4HA 0000000180045490     libucrt:output.obj
 0004:0000249c       $pdata$setlocale$fin$0     000000018004549c     libucrt:setlocale.obj
 0004:000024a8       $pdata$_query_new_handler$fin$0 00000001800454a8     libucrt:new_handler.obj
 0004:000024b4       $pdata$?filt$0@?0??common_exit@@YAXHW4_crt_exit_cleanup_mode@@W4_crt_exit_return_mode@@@Z@4HA 00000001800454b4     libucrt:exit.obj
 0004:000024c0       $pdata$?fin$1@?0??common_exit@@YAXHW4_crt_exit_cleanup_mode@@W4_crt_exit_return_mode@@@Z@4HA 00000001800454c0     libucrt:exit.obj
 0004:000024cc       $pdata$?fin$0@?0???$?RV<lambda_c36588078e9f5dfd39652860aa6b3aaf>@@AEAV<lambda_ec61778202f4f5fc7e7711acc23c3bca>@@V<lambda_dc9d2797ccde5d239b4a0efae8ebd7db>@@@?$__crt_seh_guarded_call@P6AXH@Z@@QEAAP6AXH@Z$$QEAV<lambda_c36588078e9f5dfd39652860aa6b3aaf>@@AEAV<lambda_ec61778202f4f5fc7e7711acc23c3bca>@@$$QEAV<lambda_dc9d2797ccde5d239b4a0efae8ebd7db>@@@Z@4HA 00000001800454cc     libucrt:signal.obj
 0004:000024cc       $pdata$?fin$0@?0???$?RV<lambda_d67e8342c384adda8f857579ab50b2ae>@@AEAV<lambda_30712929f77e709619002f448b6a9510>@@V<lambda_4525336fd7e478d965fb7ca7a337cad8>@@@?$__crt_seh_guarded_call@X@@QEAAX$$QEAV<lambda_d67e8342c384adda8f857579ab50b2ae>@@AEAV<lambda_30712929f77e709619002f448b6a9510>@@$$QEAV<lambda_4525336fd7e478d965fb7ca7a337cad8>@@@Z@4HA 00000001800454cc     libucrt:wsetlocale.obj
 0004:000024cc       $pdata$?fin$0@?0???$?RV<lambda_630b2aca97f6d20d5b5ea6529ea6b6af>@@AEAV<lambda_af91936f1d075d609f72d9d8cba980af>@@V<lambda_e82fa975f615b5c7c7b0e4d178fdae67>@@@?$__crt_seh_guarded_call@H@@QEAAH$$QEAV<lambda_630b2aca97f6d20d5b5ea6529ea6b6af>@@AEAV<lambda_af91936f1d075d609f72d9d8cba980af>@@$$QEAV<lambda_e82fa975f615b5c7c7b0e4d178fdae67>@@@Z@4HA 00000001800454cc     libucrt:winapi_thunks.obj
 0004:000024cc       $pdata$?fin$0@?0???$?RV<lambda_72d1df2b273a38828b1ce30cbf4cdab5>@@AEAV<lambda_876a65b173b8412d3a47c70a915b0cf4>@@V<lambda_41932305e351933ebe8f8be3ed8bb5dc>@@@?$__crt_seh_guarded_call@X@@QEAAX$$QEAV<lambda_72d1df2b273a38828b1ce30cbf4cdab5>@@AEAV<lambda_876a65b173b8412d3a47c70a915b0cf4>@@$$QEAV<lambda_41932305e351933ebe8f8be3ed8bb5dc>@@@Z@4HA 00000001800454cc     libucrt:per_thread_data.obj
 0004:000024cc       $pdata$?fin$0@?0???$?RV<lambda_5e887d1dcbef67a5eb4283622ba103bf>@@AEAV<lambda_4466841279450cc726390878d4a41900>@@V<lambda_341c25c0346d94847f1f3c463c57e077>@@@?$__crt_seh_guarded_call@X@@QEAAX$$QEAV<lambda_5e887d1dcbef67a5eb4283622ba103bf>@@AEAV<lambda_4466841279450cc726390878d4a41900>@@$$QEAV<lambda_341c25c0346d94847f1f3c463c57e077>@@@Z@4HA 00000001800454cc     libucrt:per_thread_data.obj
 0004:000024cc       $pdata$?fin$0@?0???$?RV<lambda_46352004c1216016012b18bd6f87e700>@@AEAV<lambda_3bd07e1a1191394380780325891bf33f>@@V<lambda_334532d3f185bcaa59b5be82d7d22bff>@@@?$__crt_seh_guarded_call@X@@QEAAX$$QEAV<lambda_46352004c1216016012b18bd6f87e700>@@AEAV<lambda_3bd07e1a1191394380780325891bf33f>@@$$QEAV<lambda_334532d3f185bcaa59b5be82d7d22bff>@@@Z@4HA 00000001800454cc     libucrt:per_thread_data.obj
 0004:000024cc       $pdata$?fin$0@?0???$?RV<lambda_b8c45f8f788dd370798f47cfe8ac3a86>@@AEAV<lambda_4e60a939b0d047cfe11ddc22648dfba9>@@V<lambda_332c3edc96d0294ec56c57d38c1cdfd5>@@@?$__crt_seh_guarded_call@H@@QEAAH$$QEAV<lambda_b8c45f8f788dd370798f47cfe8ac3a86>@@AEAV<lambda_4e60a939b0d047cfe11ddc22648dfba9>@@$$QEAV<lambda_332c3edc96d0294ec56c57d38c1cdfd5>@@@Z@4HA 00000001800454cc     libucrt:onexit.obj
 0004:000024cc       $pdata$?fin$0@?0???$?RV<lambda_fb3a7dec4e47f37f22dae91bb15c9095>@@AEAV<lambda_698284760c8add0bfb0756c19673e34b>@@V<lambda_dfb8eca1e75fef3034a8fb18dd509707>@@@?$__crt_seh_guarded_call@X@@QEAAX$$QEAV<lambda_fb3a7dec4e47f37f22dae91bb15c9095>@@AEAV<lambda_698284760c8add0bfb0756c19673e34b>@@$$QEAV<lambda_dfb8eca1e75fef3034a8fb18dd509707>@@@Z@4HA 00000001800454cc     libucrt:per_thread_data.obj
 0004:000024cc       $pdata$?fin$0@?0???$?RV<lambda_99476a1ad63dd22509b5d3e65b0ffc95>@@AEAV<lambda_ad1ced32f4ac17aa236e5ef05d6b3b7c>@@V<lambda_f7424dd8d45958661754dc4f2697e9c3>@@@?$__crt_seh_guarded_call@X@@QEAAX$$QEAV<lambda_99476a1ad63dd22509b5d3e65b0ffc95>@@AEAV<lambda_ad1ced32f4ac17aa236e5ef05d6b3b7c>@@$$QEAV<lambda_f7424dd8d45958661754dc4f2697e9c3>@@@Z@4HA 00000001800454cc     libucrt:mbctype.obj
 0004:000024d8       $pdata$?fin$0@?0???$?RV<lambda_e24bbb7b643b32fcea6fa61b31d4c984>@@AEAV<lambda_275893d493268fdec8709772e3fcec0e>@@V<lambda_9d71df4d7cf3f480f8d633942495c3b0>@@@?$__crt_seh_guarded_call@H@@QEAAH$$QEAV<lambda_e24bbb7b643b32fcea6fa61b31d4c984>@@AEAV<lambda_275893d493268fdec8709772e3fcec0e>@@$$QEAV<lambda_9d71df4d7cf3f480f8d633942495c3b0>@@@Z@4HA 00000001800454d8     libucrt:onexit.obj
 0004:000024e4       $pdata$raise$fin$0         00000001800454e4     libucrt:signal.obj
 0004:000024f0       $pdata$?fin$0@?0???$?RV<lambda_5df02c53a8f32f81fd64e5bbb78039f1>@@AEAV<lambda_2af78c5f5901b1372d98f9ab3177dfa6>@@AEAV<lambda_f51fe5fd7c79a33db34fc9310f277369>@@@?$__crt_seh_guarded_call@X@@QEAAX$$QEAV<lambda_5df02c53a8f32f81fd64e5bbb78039f1>@@AEAV<lambda_2af78c5f5901b1372d98f9ab3177dfa6>@@AEAV<lambda_f51fe5fd7c79a33db34fc9310f277369>@@@Z@4HA 00000001800454f0     libucrt:wsetlocale.obj
 0004:000024fc       $pdata$common_flush_all$fin$0 00000001800454fc     libucrt:fflush.obj
 0004:00002508       $pdata$common_flush_all$fin$1 0000000180045508     libucrt:fflush.obj
 0004:00002514       $pdata$fflush$fin$0        0000000180045514     libucrt:fflush.obj
 0004:00002514       $pdata$fclose$fin$0        0000000180045514     libucrt:fclose.obj
 0004:00002520       $pdata$__acrt_update_thread_multibyte_data$fin$0 0000000180045520     libucrt:mbctype.obj
 0004:0000252c       $pdata$__acrt_update_thread_locale_data$fin$0 000000018004552c     libucrt:locale_refcounting.obj
 0004:0000252c       $pdata$__acrt_uninitialize_locale$fin$0 000000018004552c     libucrt:wsetlocale.obj
 0004:00002538       $pdata$_fcloseall$fin$0    0000000180045538     libucrt:closeall.obj
 0004:00002544       $pdata$__acrt_lowio_ensure_fh_exists$fin$0 0000000180045544     libucrt:osfinfo.obj
 0004:00002544       $pdata$__acrt_initialize_lowio$fin$0 0000000180045544     libucrt:ioinit.obj
 0004:00002550       $pdata$?fin$0@?0???$?RV<lambda_b521505b218e5242e90febf6bfebc422>@@AEAV<lambda_6978c1fb23f02e42e1d9e99668cc68aa>@@V<lambda_314360699dd331753a4119843814e9a7>@@@?$__crt_seh_guarded_call@H@@QEAAH$$QEAV<lambda_b521505b218e5242e90febf6bfebc422>@@AEAV<lambda_6978c1fb23f02e42e1d9e99668cc68aa>@@$$QEAV<lambda_314360699dd331753a4119843814e9a7>@@@Z@4HA 0000000180045550     libucrt:commit.obj
 0004:00002550       $pdata$?fin$0@?0???$?RV<lambda_bfedae4ebbf01fab1bb6dcc6a9e276e0>@@AEAV<lambda_2fe9b910cf3cbf4a0ab98a02ba45b3ec>@@V<lambda_237c231691f317818eb88cc1d5d642d6>@@@?$__crt_seh_guarded_call@H@@QEAAH$$QEAV<lambda_bfedae4ebbf01fab1bb6dcc6a9e276e0>@@AEAV<lambda_2fe9b910cf3cbf4a0ab98a02ba45b3ec>@@$$QEAV<lambda_237c231691f317818eb88cc1d5d642d6>@@@Z@4HA 0000000180045550     libucrt:close.obj
 0004:0000255c       $pdata$_write$fin$0        000000018004555c     libucrt:write.obj
 0004:0000255c       $pdata$?fin$0@?0???$common_lseek@_J@@YA_JH_JH@Z@4HA 000000018004555c     libucrt:lseek.obj
 0004:00002568       $pdata$common_control87$filt$0 0000000180045568     libucrt:ieee.obj
 0004:00002568       $pdata$_ctrlfp$filt$0      0000000180045568     libucrt:fpctrl.obj
 0004:00002574       $pdata$_IsNonwritableInCurrentImage$filt$0 0000000180045574     LIBCMT:pesect.obj
 0004:00002580       $pdata$??__Fenv@node@@YAXXZ 0000000180045580     gameOfLife.obj
 0004:0000258c       $pdata$??__F_Fac_tidy_reg@std@@YAXXZ 000000018004558c     libcpmt:locale0.obj
 0004:00002598       $pdata$??__Fclassic_locale@std@@YAXXZ 0000000180045598     libcpmt:locale0.obj
 0004:000025a4       $pdata$??__Finit_atexit@@YAXXZ 00000001800455a4     libcpmt:iosptrs.obj
 0005:00000000       __guard_fids__             0000000180046000     libucrt:initialization.obj
 0005:00000060       __guard_fids___acrt_initialize_ptd 0000000180046060     libucrt:per_thread_data.obj
 0005:00000064       __guard_fids__             0000000180046064     libucrt:wsetlocale.obj
 0005:0000007c       __guard_fids___acrt_show_wide_message_box 000000018004607c     libucrt:crtmbox.obj
 0005:00000080       __guard_fids_??$?RV<lambda_630b2aca97f6d20d5b5ea6529ea6b6af>@@AEAV<lambda_af91936f1d075d609f72d9d8cba980af>@@V<lambda_e82fa975f615b5c7c7b0e4d178fdae67>@@@?$__crt_seh_guarded_call@H@@QEAAH$$QEAV<lambda_630b2aca97f6d20d5b5ea6529ea6b6af>@@AEAV<lambda_af91936f1d075d609f72d9d8cba980af>@@$$QEAV<lambda_e82fa975f615b5c7c7b0e4d178fdae67>@@@Z 0000000180046080     libucrt:winapi_thunks.obj
 0005:00000084       __guard_fids_??$expand_argument_wildcards@D@@YAHQEAD0AEAV?$argument_list@D@?A0xca0879c4@@@Z 0000000180046084     libucrt:argv_wildcards.obj
 0005:00000088       __guard_fids__             0000000180046088     libucrt:stdio_initializer.obj
 0005:0000008c       __guard_fids__             000000018004608c     libucrt:stdio_initializer.obj
 0005:00000090       __guard_fids__             0000000180046090     libucrt:locale_initializer.obj
 0005:00000094       __guard_fids_GetLocaleNameFromLangCountry 0000000180046094     libucrt:get_qualified_locale.obj
 0005:00000098       __guard_fids_GetLocaleNameFromLanguage 0000000180046098     libucrt:get_qualified_locale.obj
 0005:0000009c       __guard_fids___acrt_get_qualified_locale_downlevel 000000018004609c     libucrt:getqloc_downlevel.obj
 0005:000000a0       __guard_fids_GetLcidFromLangCountry 00000001800460a0     libucrt:getqloc_downlevel.obj
 0005:000000a4       __guard_fids_GetLcidFromLanguage 00000001800460a4     libucrt:getqloc_downlevel.obj
 0005:000000a8       __guard_fids__             00000001800460a8     libucrt:fma3_initializer.obj
 0005:000000ac       __guard_fids__             00000001800460ac     libucrt:timeset_initializer.obj
 0005:000000b0       __guard_fids__             00000001800460b0     libucrt:multibyte_initializer.obj
 0005:000000b4       __guard_fids__             00000001800460b4     libucrt:console_output_initializer.obj
 0005:000000b8       __guard_fids_??__Einitlocks@std@@YAXXZ 00000001800460b8     libcpmt:xlock.obj
 0005:000000bc       __guard_fids__             00000001800460bc     libcpmt:xlock.obj
 0005:000000c0       __guard_fids_??__E_Fac_tidy_reg@std@@YAXXZ 00000001800460c0     libcpmt:locale0.obj
 0005:000000c4       __guard_fids_?_Setgloballocale@locale@std@@CAXPEAX@Z 00000001800460c4     libcpmt:locale0.obj
 0005:000000c8       __guard_fids_??__Eclassic_locale@std@@YAXXZ 00000001800460c8     libcpmt:locale0.obj
 0005:000000cc       __guard_fids__             00000001800460cc     libcpmt:locale0.obj
 0005:000000d8       __guard_fids__             00000001800460d8     libcpmt:locale0.obj
 0005:000000e4       __guard_fids__             00000001800460e4     libcpmt:locale0.obj
 0005:000000e8       __guard_fids__             00000001800460e8     libcpmt:locale0.obj
 0005:000000ec       __guard_fids__             00000001800460ec     libcpmt:xthrow.obj
 0005:000000f4       __guard_fids__             00000001800460f4     libcpmt:xthrow.obj
 0005:000000fc       __guard_fids__             00000001800460fc     libcpmt:xthrow.obj
 0005:00000104       __guard_fids__             0000000180046104     libcpmt:xthrow.obj
 0005:0000010c       __guard_fids__             000000018004610c     libcpmt:xthrow.obj
 0005:00000114       __guard_fids__             0000000180046114     libcpmt:xthrow.obj
 0005:0000011c       __guard_fids__             000000018004611c     libcpmt:xthrow.obj
 0005:00000124       __guard_fids_??__Einitlocks@std@@YAXXZ 0000000180046124     libcpmt:iosptrs.obj
 0005:00000128       __guard_fids_??__Einit_atexit@@YAXXZ 0000000180046128     libcpmt:iosptrs.obj
 0005:0000012c       __guard_fids__             000000018004612c     libcpmt:iosptrs.obj
 0005:00000130       __guard_fids__             0000000180046130     libcpmt:iosptrs.obj
 0005:00000134       __guard_fids__             0000000180046134     libcpmt:locale.obj
 0005:00000160       __guard_fids__             0000000180046160     libcpmt:locale.obj
 0005:0000018c       __guard_fids__             000000018004618c     libcpmt:locale.obj
 0005:000001ac       __guard_fids__             00000001800461ac     libcpmt:winapisupp.obj
 0005:000001b0       __guard_fids__             00000001800461b0     LIBCMT:thread_safe_statics.obj
 0005:000001b4       __guard_fids_?__scrt_initialize_thread_safe_statics@@YAHXZ 00000001800461b4     LIBCMT:thread_safe_statics.obj
 0005:000001b8       __guard_fids_?dllmain_crt_process_attach@@YAHQEAUHINSTANCE__@@QEAX@Z 00000001800461b8     LIBCMT:dll_dllmain.obj
 0005:000001c0       __guard_fids_?dllmain_dispatch@@YAHQEAUHINSTANCE__@@KQEAX@Z 00000001800461c0     LIBCMT:dll_dllmain.obj
 0005:000001c4       __guard_fids__             00000001800461c4     LIBCMT:std_type_info_static.obj
 0005:000001c8       __guard_fids__             00000001800461c8     LIBCMT:throw_bad_alloc.obj
 0005:000001d0       __guard_fids__             00000001800461d0     LIBCMT:guard_support.obj
 0005:000001d4       __guard_fids__             00000001800461d4     libvcruntime:frame.obj
 0005:000001d8       __guard_fids__             00000001800461d8     libvcruntime:frame.obj
 0005:000001e0       __guard_fids__UnwindNestedFrames 00000001800461e0     libvcruntime:trnsctrl.obj
 0005:000001e4       __guard_fids___vcrt_initialize_ptd 00000001800461e4     libvcruntime:per_thread_data.obj
 0007:00000060       $R000000                   0000000180048060     * linker generated manifest res *

 Exports

  ordinal    name

        1    _register_gol_
