 gol

 Timestamp is 58fba156 (Sat Apr 22 14:30:46 2017)

 Preferred load address is 0000000180000000

 Start         Length     Name                   Class
 0001:00000000 000000a0H .text$di                CODE
 0001:000000a0 000294e0H .text$mn                CODE
 0001:00029580 00000020H .text$mn$00             CODE
 0001:000295a0 000003b0H .text$x                 CODE
 0001:00029950 0000013cH .text$yd                CODE
 0002:00000000 000002a8H .idata$5                DATA
 0002:000002a8 00000010H .00cfg                  DATA
 0002:000002b8 00000008H .CRT$XCA                DATA
 0002:000002c0 00000018H .CRT$XCC                DATA
 0002:000002d8 00000010H .CRT$XCL                DATA
 0002:000002e8 00000010H .CRT$XCU                DATA
 0002:000002f8 00000008H .CRT$XCZ                DATA
 0002:00000300 00000008H .CRT$XIA                DATA
 0002:00000308 00000030H .CRT$XIC                DATA
 0002:00000338 00000008H .CRT$XIZ                DATA
 0002:00000340 00000008H .CRT$XLA                DATA
 0002:00000348 00000008H .CRT$XLZ                DATA
 0002:00000350 00000008H .CRT$XPA                DATA
 0002:00000358 00000010H .CRT$XPX                DATA
 0002:00000368 00000008H .CRT$XPXA               DATA
 0002:00000370 00000008H .CRT$XPZ                DATA
 0002:00000378 00000008H .CRT$XTA                DATA
 0002:00000380 00000010H .CRT$XTZ                DATA
 0002:00000388 00000000H .gfids$y                DATA
 0002:00000390 000101c8H .rdata                  DATA
 0002:00010558 00000028H .rdata$T                DATA
 0002:00010580 0000090cH .rdata$r                DATA
 0002:00010e8c 0000046cH .rdata$zzzdbg           DATA
 0002:000112f8 00000008H .rtc$IAA                DATA
 0002:00011300 00000008H .rtc$IZZ                DATA
 0002:00011308 00000008H .rtc$TAA                DATA
 0002:00011310 00000010H .rtc$TZZ                DATA
 0002:00011320 000021f8H .xdata                  DATA
 0002:00013518 000002acH .xdata$x                DATA
 0002:000137c4 00000020H .didat$2                DATA
 0002:000137e4 00000024H .didat$3                DATA
 0002:00013808 00000090H .didat$4                DATA
 0002:00013898 00000408H .didat$6                DATA
 0002:00013ca0 00000090H .didat$7                DATA
 0002:00013d30 0000004cH .edata                  DATA
 0002:00013d7c 00000014H .idata$2                DATA
 0002:00013d90 00000018H .idata$3                DATA
 0002:00013da8 000002a8H .idata$4                DATA
 0002:00014050 0000062aH .idata$6                DATA
 0003:00000000 00000ac0H .data                   DATA
 0003:00000ac0 00000320H .data$r                 DATA
 0003:00000de0 00000090H .didat$5                DATA
 0003:00000e70 0000188cH .bss                    DATA
 0004:00000000 00002634H .pdata                  DATA
 0005:00000000 00000004H .tls                    DATA
 0005:00000004 00000004H .tls$                   DATA
 0005:00000008 00000001H .tls$ZZZ                DATA
 0006:00000000 00000060H .rsrc$01                DATA
 0006:00000060 00000180H .rsrc$02                DATA

  Address         Publics by Value              Rva+Base               Lib:Object

 0000:00000000       __guard_iat_table          0000000000000000     <absolute>
 0000:00000000       __dynamic_value_reloc_table 0000000000000000     <absolute>
 0000:00000000       __guard_iat_count          0000000000000000     <absolute>
 0000:00000000       __guard_longjmp_table      0000000000000000     <absolute>
 0000:00000000       __guard_longjmp_count      0000000000000000     <absolute>
 0000:00000000       __guard_fids_count         0000000000000000     <absolute>
 0000:00000000       ___safe_se_handler_table   0000000000000000     <absolute>
 0000:00000000       ___safe_se_handler_count   0000000000000000     <absolute>
 0000:00000000       __guard_fids_table         0000000000000000     <absolute>
 0000:00000100       __guard_flags              0000000000000100     <absolute>
 0000:00000000       __ImageBase                0000000180000000     <linker-defined>
 0001:000000a0       __local_stdio_printf_options 00000001800010a0 f i gameOfLife.obj
 0001:000000b0       ?what@exception@stdext@@UEBAPEBDXZ 00000001800010b0 f i gameOfLife.obj
 0001:000000d0       ?_Raise@exception@stdext@@QEBAXXZ 00000001800010d0 f i gameOfLife.obj
 0001:00000110       _guard_check_icall_nop     0000000180001110 f i LIBCMT:guard_support.obj
 0001:00000110       ?_Lock@?$basic_streambuf@DU?$char_traits@D@std@@@std@@UEAAXXZ 0000000180001110 f i gameOfLife.obj
 0001:00000110       ?_Doraise@exception@stdext@@MEBAXXZ 0000000180001110 f i gameOfLife.obj
 0001:00000110       ?imbue@?$basic_streambuf@DU?$char_traits@D@std@@@std@@MEAAXAEBVlocale@2@@Z 0000000180001110 f i gameOfLife.obj
 0001:00000110       ?_Unlock@?$basic_streambuf@DU?$char_traits@D@std@@@std@@UEAAXXZ 0000000180001110 f i gameOfLife.obj
 0001:00000120       ??_Gruntime_error@std@@UEAAPEAXI@Z 0000000180001120 f i gameOfLife.obj
 0001:00000120       ??_Gexception@stdext@@UEAAPEAXI@Z 0000000180001120 f i gameOfLife.obj
 0001:00000120       ??_Eruntime_error@std@@UEAAPEAXI@Z 0000000180001120 f i * CIL library *:* CIL module *
 0001:00000120       ??_Eexception@stdext@@UEAAPEAXI@Z 0000000180001120 f i * CIL library *:* CIL module *
 0001:00000150       sprintf_s                  0000000180001150 f i gameOfLife.obj
 0001:000001b0       ?_Deallocate@std@@YAXPEAX_K1@Z 00000001800011b0 f i gameOfLife.obj
 0001:00000220       ??0runtime_error@std@@QEAA@PEBD@Z 0000000180001220 f i gameOfLife.obj
 0001:00000240       ?_Doraise@runtime_error@std@@MEBAXXZ 0000000180001240 f i gameOfLife.obj
 0001:00000240       ?_Doraise@system_error@std@@MEBAXXZ 0000000180001240 f i gameOfLife.obj
 0001:00000240       ?_Doraise@failure@ios_base@std@@MEBAXXZ 0000000180001240 f i gameOfLife.obj
 0001:00000260       ?_Decref@_Ref_count_base@std@@QEAAXXZ 0000000180001260 f i gameOfLife.obj
 0001:000002d0       ?showmanyc@?$basic_streambuf@DU?$char_traits@D@std@@@std@@MEAA_JXZ 00000001800012d0 f i gameOfLife.obj
 0001:000002d0       ?sync@?$basic_streambuf@DU?$char_traits@D@std@@@std@@MEAAHXZ 00000001800012d0 f i gameOfLife.obj
 0001:000002d0       ?_Get_deleter@_Ref_count_base@std@@UEBAPEAXAEBVtype_info@@@Z 00000001800012d0 f i gameOfLife.obj
 0001:000002e0       ??_E_Ref_count_base@std@@UEAAPEAXI@Z 00000001800012e0 f i * CIL library *:* CIL module *
 0001:000002e0       ??_G_Ref_count_base@std@@UEAAPEAXI@Z 00000001800012e0 f i gameOfLife.obj
 0001:00000310       ??1_Locinfo@std@@QEAA@XZ   0000000180001310 f i gameOfLife.obj
 0001:000003b0       ??_G_Facet_base@std@@UEAAPEAXI@Z 00000001800013b0 f i gameOfLife.obj
 0001:000003b0       ??_E_Facet_base@std@@UEAAPEAXI@Z 00000001800013b0 f i * CIL library *:* CIL module *
 0001:000003e0       ?_Incref@facet@locale@std@@UEAAXXZ 00000001800013e0 f i gameOfLife.obj
 0001:000003f0       ?_Decref@facet@locale@std@@UEAAPEAV_Facet_base@3@XZ 00000001800013f0 f i gameOfLife.obj
 0001:00000400       ?_Getcat@?$ctype@D@std@@SA_KPEAPEBVfacet@locale@2@PEBV42@@Z 0000000180001400 f i gameOfLife.obj
 0001:00000530       ?do_tolower@?$ctype@D@std@@MEBADD@Z 0000000180001530 f i gameOfLife.obj
 0001:00000540       ?do_tolower@?$ctype@D@std@@MEBAPEBDPEADPEBD@Z 0000000180001540 f i gameOfLife.obj
 0001:000005a0       ?do_toupper@?$ctype@D@std@@MEBADD@Z 00000001800015a0 f i gameOfLife.obj
 0001:000005b0       ?do_toupper@?$ctype@D@std@@MEBAPEBDPEADPEBD@Z 00000001800015b0 f i gameOfLife.obj
 0001:00000610       ?do_widen@?$ctype@D@std@@MEBADD@Z 0000000180001610 f i gameOfLife.obj
 0001:00000610       ?do_narrow@?$ctype@D@std@@MEBADDD@Z 0000000180001610 f i gameOfLife.obj
 0001:00000620       ?do_widen@?$ctype@D@std@@MEBAPEBDPEBD0PEAD@Z 0000000180001620 f i gameOfLife.obj
 0001:00000640       ?do_narrow@?$ctype@D@std@@MEBAPEBDPEBD0DPEAD@Z 0000000180001640 f i gameOfLife.obj
 0001:00000660       ??_E?$ctype@D@std@@MEAAPEAXI@Z 0000000180001660 f i * CIL library *:* CIL module *
 0001:00000660       ??_G?$ctype@D@std@@MEAAPEAXI@Z 0000000180001660 f i gameOfLife.obj
 0001:000006d0       ??_G_Iostream_error_category@std@@UEAAPEAXI@Z 00000001800016d0 f i gameOfLife.obj
 0001:000006d0       ??_E_Iostream_error_category@std@@UEAAPEAXI@Z 00000001800016d0 f i * CIL library *:* CIL module *
 0001:000006d0       ??_Gerror_category@std@@UEAAPEAXI@Z 00000001800016d0 f i gameOfLife.obj
 0001:000006d0       ??_Eerror_category@std@@UEAAPEAXI@Z 00000001800016d0 f i * CIL library *:* CIL module *
 0001:00000700       ?default_error_condition@error_category@std@@UEBA?AVerror_condition@2@H@Z 0000000180001700 f i gameOfLife.obj
 0001:00000710       ?equivalent@error_category@std@@UEBA_NHAEBVerror_condition@2@@Z 0000000180001710 f i gameOfLife.obj
 0001:00000730       ?equivalent@error_category@std@@UEBA_NAEBVerror_code@2@H@Z 0000000180001730 f i gameOfLife.obj
 0001:00000750       ?make_error_code@std@@YA?AVerror_code@1@W4io_errc@1@@Z 0000000180001750 f i gameOfLife.obj
 0001:00000780       ?_Makestr@_System_error@std@@CA?AV?$basic_string@DU?$char_traits@D@std@@V?$allocator@D@2@@2@Verror_code@2@V32@@Z 0000000180001780 f i gameOfLife.obj
 0001:00000910       ??0_System_error@std@@IEAA@Verror_code@1@AEBV?$basic_string@DU?$char_traits@D@std@@V?$allocator@D@2@@1@@Z 0000000180001910 f i gameOfLife.obj
 0001:00000a20       ??_Gsystem_error@std@@UEAAPEAXI@Z 0000000180001a20 f i gameOfLife.obj
 0001:00000a20       ??_Esystem_error@std@@UEAAPEAXI@Z 0000000180001a20 f i * CIL library *:* CIL module *
 0001:00000a20       ??_Gfailure@ios_base@std@@UEAAPEAXI@Z 0000000180001a20 f i gameOfLife.obj
 0001:00000a20       ??_G_System_error@std@@UEAAPEAXI@Z 0000000180001a20 f i gameOfLife.obj
 0001:00000a20       ??_Efailure@ios_base@std@@UEAAPEAXI@Z 0000000180001a20 f i * CIL library *:* CIL module *
 0001:00000a20       ??_E_System_error@std@@UEAAPEAXI@Z 0000000180001a20 f i * CIL library *:* CIL module *
 0001:00000a50       ??0system_error@std@@QEAA@Verror_code@1@PEBD@Z 0000000180001a50 f i gameOfLife.obj
 0001:00000b50       ?name@_Iostream_error_category@std@@UEBAPEBDXZ 0000000180001b50 f i gameOfLife.obj
 0001:00000b60       ?message@_Iostream_error_category@std@@UEBA?AV?$basic_string@DU?$char_traits@D@std@@V?$allocator@D@2@@2@H@Z 0000000180001b60 f i gameOfLife.obj
 0001:00000be0       ??0failure@ios_base@std@@QEAA@PEBDAEBVerror_code@2@@Z 0000000180001be0 f i gameOfLife.obj
 0001:00000c20       ?clear@ios_base@std@@QEAAXH_N@Z 0000000180001c20 f i gameOfLife.obj
 0001:00000cb0       ??_Eios_base@std@@UEAAPEAXI@Z 0000000180001cb0 f i * CIL library *:* CIL module *
 0001:00000cb0       ??_Gios_base@std@@UEAAPEAXI@Z 0000000180001cb0 f i gameOfLife.obj
 0001:00000cf0       ?id@Cell@gol@@QEBA?AV?$basic_string@DU?$char_traits@D@std@@V?$allocator@D@2@@std@@XZ 0000000180001cf0 f i gameOfLife.obj
 0001:00001060       ??0Environment@gol@@QEAA@HH@Z 0000000180002060 f i gameOfLife.obj
 0001:000012d0       ?NextGeneration@Environment@gol@@QEAAXXZ 00000001800022d0 f i gameOfLife.obj
 0001:000019a0       ?setColorAndFlipCell@Environment@gol@@QEAAXHHK@Z 00000001800029a0 f i gameOfLife.obj
 0001:00001a30       ?flipCell@Environment@gol@@QEAAXHH@Z 0000000180002a30 f i gameOfLife.obj
 0001:00001bb0       ?neighborCountAndAverageColor@Environment@gol@@QEAA?AUCountAndColor@2@HH@Z 0000000180002bb0 f i gameOfLife.obj
 0001:00001e40       ?hexStringToColor@Environment@gol@@QEAAKV?$basic_string@DU?$char_traits@D@std@@V?$allocator@D@2@@std@@@Z 0000000180002e40 f i gameOfLife.obj
 0001:000021f0       ?createNewEnvironment@node@@YAXAEBV?$FunctionCallbackInfo@VValue@v8@@@v8@@@Z 00000001800031f0 f   gameOfLife.obj
 0001:00002350       ?nextGeneration@node@@YAXAEBV?$FunctionCallbackInfo@VValue@v8@@@v8@@@Z 0000000180003350 f   gameOfLife.obj
 0001:000023c0       ?getGenerationNumber@node@@YAXAEBV?$FunctionCallbackInfo@VValue@v8@@@v8@@@Z 00000001800033c0 f   gameOfLife.obj
 0001:00002410       ?setColorAndFlipCell@node@@YAXAEBV?$FunctionCallbackInfo@VValue@v8@@@v8@@@Z 0000000180003410 f   gameOfLife.obj
 0001:000028d0       ?mapToJSObject@node@@YA?AV?$Local@VObject@v8@@@v8@@V?$map@V?$basic_string@DU?$char_traits@D@std@@V?$allocator@D@2@@std@@KU?$less@V?$basic_string@DU?$char_traits@D@std@@V?$allocator@D@2@@std@@@2@V?$allocator@U?$pair@$$CBV?$basic_string@DU?$char_traits@D@std@@V?$allocator@D@2@@std@@K@std@@@2@@std@@PEAVIsolate@3@@Z 00000001800038d0 f   gameOfLife.obj
 0001:00002db0       ?getLiveCells@node@@YAXAEBV?$FunctionCallbackInfo@VValue@v8@@@v8@@@Z 0000000180003db0 f   gameOfLife.obj
 0001:00002e20       ?getCellsBorn@node@@YAXAEBV?$FunctionCallbackInfo@VValue@v8@@@v8@@@Z 0000000180003e20 f   gameOfLife.obj
 0001:000030b0       ?getCellsDied@node@@YAXAEBV?$FunctionCallbackInfo@VValue@v8@@@v8@@@Z 00000001800040b0 f   gameOfLife.obj
 0001:00003340       ?init@node@@YAXV?$Local@VObject@v8@@@v8@@@Z 0000000180004340 f   gameOfLife.obj
 0001:00003750       ?erase@?$_Tree@V?$_Tmap_traits@V?$basic_string@DU?$char_traits@D@std@@V?$allocator@D@2@@std@@KU?$less@V?$basic_string@DU?$char_traits@D@std@@V?$allocator@D@2@@std@@@2@V?$allocator@U?$pair@$$CBV?$basic_string@DU?$char_traits@D@std@@V?$allocator@D@2@@std@@K@std@@@2@$0A@@std@@@std@@QEAA_KAEBV?$basic_string@DU?$char_traits@D@std@@V?$allocator@D@2@@2@@Z 0000000180004750 f i gameOfLife.obj
 0001:000038a0       ??4?$shared_ptr@V?$map@V?$basic_string@DU?$char_traits@D@std@@V?$allocator@D@2@@std@@KU?$less@V?$basic_string@DU?$char_traits@D@std@@V?$allocator@D@2@@std@@@2@V?$allocator@U?$pair@$$CBV?$basic_string@DU?$char_traits@D@std@@V?$allocator@D@2@@std@@K@std@@@2@@std@@@std@@QEAAAEAV01@$$QEAV01@@Z 00000001800048a0 f i gameOfLife.obj
 0001:00003950       ??1?$basic_stringstream@DU?$char_traits@D@std@@V?$allocator@D@2@@std@@UEAA@XZ 0000000180004950 f i gameOfLife.obj
 0001:00003a80       ?seekpos@?$basic_stringbuf@DU?$char_traits@D@std@@V?$allocator@D@2@@std@@MEAA?AV?$fpos@U_Mbstatet@@@2@V32@H@Z 0000000180004a80 f i gameOfLife.obj
 0001:00003b90       ?seekoff@?$basic_stringbuf@DU?$char_traits@D@std@@V?$allocator@D@2@@std@@MEAA?AV?$fpos@U_Mbstatet@@@2@_JHH@Z 0000000180004b90 f i gameOfLife.obj
 0001:00003d20       ?underflow@?$basic_stringbuf@DU?$char_traits@D@std@@V?$allocator@D@2@@std@@MEAAHXZ 0000000180004d20 f i gameOfLife.obj
 0001:00003d80       ?pbackfail@?$basic_stringbuf@DU?$char_traits@D@std@@V?$allocator@D@2@@std@@MEAAHH@Z 0000000180004d80 f i gameOfLife.obj
 0001:00003dd0       ?overflow@?$basic_stringbuf@DU?$char_traits@D@std@@V?$allocator@D@2@@std@@MEAAHH@Z 0000000180004dd0 f i gameOfLife.obj
 0001:00004040       ??6?$basic_ostream@DU?$char_traits@D@std@@@std@@QEAAAEAV01@K@Z 0000000180005040 f i gameOfLife.obj
 0001:00004220       ?setbuf@?$basic_streambuf@DU?$char_traits@D@std@@@std@@MEAAPEAV12@PEAD_J@Z 0000000180005220 f i gameOfLife.obj
 0001:00004230       ?seekpos@?$basic_streambuf@DU?$char_traits@D@std@@@std@@MEAA?AV?$fpos@U_Mbstatet@@@2@V32@H@Z 0000000180005230 f i gameOfLife.obj
 0001:00004230       ?seekoff@?$basic_streambuf@DU?$char_traits@D@std@@@std@@MEAA?AV?$fpos@U_Mbstatet@@@2@_JHH@Z 0000000180005230 f i gameOfLife.obj
 0001:00004250       ?xsputn@?$basic_streambuf@DU?$char_traits@D@std@@@std@@MEAA_JPEBD_J@Z 0000000180005250 f i gameOfLife.obj
 0001:00004310       ?xsgetn@?$basic_streambuf@DU?$char_traits@D@std@@@std@@MEAA_JPEAD_J@Z 0000000180005310 f i gameOfLife.obj
 0001:00004400       ?uflow@?$basic_streambuf@DU?$char_traits@D@std@@@std@@MEAAHXZ 0000000180005400 f i gameOfLife.obj
 0001:00004440       ?overflow@?$basic_streambuf@DU?$char_traits@D@std@@@std@@MEAAHH@Z 0000000180005440 f i gameOfLife.obj
 0001:00004440       ?underflow@?$basic_streambuf@DU?$char_traits@D@std@@@std@@MEAAHXZ 0000000180005440 f i gameOfLife.obj
 0001:00004440       ?pbackfail@?$basic_streambuf@DU?$char_traits@D@std@@@std@@MEAAHH@Z 0000000180005440 f i gameOfLife.obj
 0001:00004450       ??_G?$basic_stringstream@DU?$char_traits@D@std@@V?$allocator@D@2@@std@@UEAAPEAXI@Z 0000000180005450 f i gameOfLife.obj
 0001:00004450       ??_E?$basic_stringstream@DU?$char_traits@D@std@@V?$allocator@D@2@@std@@UEAAPEAXI@Z 0000000180005450 f i * CIL library *:* CIL module *
 0001:000044a0       ??_E?$basic_stringbuf@DU?$char_traits@D@std@@V?$allocator@D@2@@std@@UEAAPEAXI@Z 00000001800054a0 f i * CIL library *:* CIL module *
 0001:000044a0       ??_G?$basic_stringbuf@DU?$char_traits@D@std@@V?$allocator@D@2@@std@@UEAAPEAXI@Z 00000001800054a0 f i gameOfLife.obj
 0001:00004530       ??_G?$basic_iostream@DU?$char_traits@D@std@@@std@@UEAAPEAXI@Z 0000000180005530 f i gameOfLife.obj
 0001:00004530       ??_E?$basic_iostream@DU?$char_traits@D@std@@@std@@UEAAPEAXI@Z 0000000180005530 f i * CIL library *:* CIL module *
 0001:00004570       ??_E?$basic_ostream@DU?$char_traits@D@std@@@std@@UEAAPEAXI@Z 0000000180005570 f i * CIL library *:* CIL module *
 0001:00004570       ??_G?$basic_ostream@DU?$char_traits@D@std@@@std@@UEAAPEAXI@Z 0000000180005570 f i gameOfLife.obj
 0001:000045e0       ??_G?$basic_istream@DU?$char_traits@D@std@@@std@@UEAAPEAXI@Z 00000001800055e0 f i gameOfLife.obj
 0001:000045e0       ??_E?$basic_istream@DU?$char_traits@D@std@@@std@@UEAAPEAXI@Z 00000001800055e0 f i * CIL library *:* CIL module *
 0001:00004650       ??_G?$basic_streambuf@DU?$char_traits@D@std@@@std@@UEAAPEAXI@Z 0000000180005650 f i gameOfLife.obj
 0001:00004650       ??_E?$basic_streambuf@DU?$char_traits@D@std@@@std@@UEAAPEAXI@Z 0000000180005650 f i * CIL library *:* CIL module *
 0001:000046d0       ??_Glocale@std@@QEAAPEAXI@Z 00000001800056d0 f i gameOfLife.obj
 0001:00004730       ??_D?$basic_iostream@DU?$char_traits@D@std@@@std@@QEAAXXZ 0000000180005730 f i gameOfLife.obj
 0001:000047c0       ??0sentry@?$basic_ostream@DU?$char_traits@D@std@@@std@@QEAA@AEAV12@@Z 00000001800057c0 f i gameOfLife.obj
 0001:00004840       ?do_put@?$num_put@DV?$ostreambuf_iterator@DU?$char_traits@D@std@@@std@@@std@@MEBA?AV?$ostreambuf_iterator@DU?$char_traits@D@std@@@2@V32@AEAVios_base@2@DPEBX@Z 0000000180005840 f i gameOfLife.obj
 0001:000048e0       ?do_put@?$num_put@DV?$ostreambuf_iterator@DU?$char_traits@D@std@@@std@@@std@@MEBA?AV?$ostreambuf_iterator@DU?$char_traits@D@std@@@2@V32@AEAVios_base@2@DO@Z 00000001800058e0 f i gameOfLife.obj
 0001:00004c10       ?do_put@?$num_put@DV?$ostreambuf_iterator@DU?$char_traits@D@std@@@std@@@std@@MEBA?AV?$ostreambuf_iterator@DU?$char_traits@D@std@@@2@V32@AEAVios_base@2@DN@Z 0000000180005c10 f i gameOfLife.obj
 0001:00004f40       ?do_put@?$num_put@DV?$ostreambuf_iterator@DU?$char_traits@D@std@@@std@@@std@@MEBA?AV?$ostreambuf_iterator@DU?$char_traits@D@std@@@2@V32@AEAVios_base@2@D_K@Z 0000000180005f40 f i gameOfLife.obj
 0001:00005040       ?do_put@?$num_put@DV?$ostreambuf_iterator@DU?$char_traits@D@std@@@std@@@std@@MEBA?AV?$ostreambuf_iterator@DU?$char_traits@D@std@@@2@V32@AEAVios_base@2@D_J@Z 0000000180006040 f i gameOfLife.obj
 0001:00005140       ?do_put@?$num_put@DV?$ostreambuf_iterator@DU?$char_traits@D@std@@@std@@@std@@MEBA?AV?$ostreambuf_iterator@DU?$char_traits@D@std@@@2@V32@AEAVios_base@2@DK@Z 0000000180006140 f i gameOfLife.obj
 0001:00005240       ?do_put@?$num_put@DV?$ostreambuf_iterator@DU?$char_traits@D@std@@@std@@@std@@MEBA?AV?$ostreambuf_iterator@DU?$char_traits@D@std@@@2@V32@AEAVios_base@2@DJ@Z 0000000180006240 f i gameOfLife.obj
 0001:00005340       ?do_put@?$num_put@DV?$ostreambuf_iterator@DU?$char_traits@D@std@@@std@@@std@@MEBA?AV?$ostreambuf_iterator@DU?$char_traits@D@std@@@2@V32@AEAVios_base@2@D_N@Z 0000000180006340 f i gameOfLife.obj
 0001:00005750       ?_Erase@?$_Tree@V?$_Tmap_traits@V?$basic_string@DU?$char_traits@D@std@@V?$allocator@D@2@@std@@KU?$less@V?$basic_string@DU?$char_traits@D@std@@V?$allocator@D@2@@std@@@2@V?$allocator@U?$pair@$$CBV?$basic_string@DU?$char_traits@D@std@@V?$allocator@D@2@@std@@K@std@@@2@$0A@@std@@@std@@IEAAXPEAU?$_Tree_node@U?$pair@$$CBV?$basic_string@DU?$char_traits@D@std@@V?$allocator@D@2@@std@@K@std@@PEAX@2@@Z 0000000180006750 f i gameOfLife.obj
 0001:00005800       ?erase@?$_Tree@V?$_Tmap_traits@V?$basic_string@DU?$char_traits@D@std@@V?$allocator@D@2@@std@@KU?$less@V?$basic_string@DU?$char_traits@D@std@@V?$allocator@D@2@@std@@@2@V?$allocator@U?$pair@$$CBV?$basic_string@DU?$char_traits@D@std@@V?$allocator@D@2@@std@@K@std@@@2@$0A@@std@@@std@@QEAA?AV?$_Tree_iterator@V?$_Tree_val@U?$_Tree_simple_types@U?$pair@$$CBV?$basic_string@DU?$char_traits@D@std@@V?$allocator@D@2@@std@@K@std@@@std@@@std@@@2@V?$_Tree_const_iterator@V?$_Tree_val@U?$_Tree_simple_types@U?$pair@$$CBV?$basic_string@DU?$char_traits@D@std@@V?$allocator@D@2@@std@@K@std@@@std@@@std@@@2@0@Z 0000000180006800 f i gameOfLife.obj
 0001:000058f0       ?_Tidy@?$vector@VCell@gol@@V?$allocator@VCell@gol@@@std@@@std@@AEAAXXZ 00000001800068f0 f i gameOfLife.obj
 0001:00005980       ?assign@?$basic_string@DU?$char_traits@D@std@@V?$allocator@D@2@@std@@QEAAAEAV12@_KD@Z 0000000180006980 f i gameOfLife.obj
 0001:00005a60       ?assign@?$basic_string@DU?$char_traits@D@std@@V?$allocator@D@2@@std@@QEAAAEAV12@QEBD_K@Z 0000000180006a60 f i gameOfLife.obj
 0001:00005b60       ?append@?$basic_string@DU?$char_traits@D@std@@V?$allocator@D@2@@std@@QEAAAEAV12@QEBD_K@Z 0000000180006b60 f i gameOfLife.obj
 0001:00005c70       ?append@?$basic_string@DU?$char_traits@D@std@@V?$allocator@D@2@@std@@QEAAAEAV12@AEBV12@_K_K@Z 0000000180006c70 f i gameOfLife.obj
 0001:00005d70       ?_Tidy@?$basic_stringbuf@DU?$char_traits@D@std@@V?$allocator@D@2@@std@@IEAAXXZ 0000000180006d70 f i gameOfLife.obj
 0001:00005e30       ?str@?$basic_stringbuf@DU?$char_traits@D@std@@V?$allocator@D@2@@std@@QEBA?AV?$basic_string@DU?$char_traits@D@std@@V?$allocator@D@2@@2@XZ 0000000180006e30 f i gameOfLife.obj
 0001:00005f50       ?allocate@?$allocator@D@std@@QEAAPEAD_K@Z 0000000180006f50 f i gameOfLife.obj
 0001:00005fb0       ?deallocate@?$allocator@D@std@@QEAAXPEAD_K@Z 0000000180006fb0 f i gameOfLife.obj
 0001:00006010       ?_Pnavail@?$basic_streambuf@DU?$char_traits@D@std@@@std@@IEBA_JXZ 0000000180007010 f i gameOfLife.obj
 0001:00006030       ?_Gnavail@?$basic_streambuf@DU?$char_traits@D@std@@@std@@IEBA_JXZ 0000000180007030 f i gameOfLife.obj
 0001:00006050       ??_G?$num_put@DV?$ostreambuf_iterator@DU?$char_traits@D@std@@@std@@@std@@MEAAPEAXI@Z 0000000180007050 f i gameOfLife.obj
 0001:00006050       ??_E?$num_put@DV?$ostreambuf_iterator@DU?$char_traits@D@std@@@std@@@std@@MEAAPEAXI@Z 0000000180007050 f i * CIL library *:* CIL module *
 0001:00006080       ??1Environment@gol@@QEAA@XZ 0000000180007080 f i gameOfLife.obj
 0001:000061b0       ?do_truename@?$numpunct@D@std@@MEBA?AV?$basic_string@DU?$char_traits@D@std@@V?$allocator@D@2@@2@XZ 00000001800071b0 f i gameOfLife.obj
 0001:000061f0       ?do_falsename@?$numpunct@D@std@@MEBA?AV?$basic_string@DU?$char_traits@D@std@@V?$allocator@D@2@@2@XZ 00000001800071f0 f i gameOfLife.obj
 0001:00006230       ?do_grouping@?$numpunct@D@std@@MEBA?AV?$basic_string@DU?$char_traits@D@std@@V?$allocator@D@2@@2@XZ 0000000180007230 f i gameOfLife.obj
 0001:00006270       ?do_thousands_sep@?$numpunct@D@std@@MEBADXZ 0000000180007270 f i gameOfLife.obj
 0001:00006280       ?do_decimal_point@?$numpunct@D@std@@MEBADXZ 0000000180007280 f i gameOfLife.obj
 0001:00006290       ?_Iput@?$num_put@DV?$ostreambuf_iterator@DU?$char_traits@D@std@@@std@@@std@@AEBA?AV?$ostreambuf_iterator@DU?$char_traits@D@std@@@2@V32@AEAVios_base@2@DPEAD_K@Z 0000000180007290 f i gameOfLife.obj
 0001:00006a00       ?_Fput@?$num_put@DV?$ostreambuf_iterator@DU?$char_traits@D@std@@@std@@@std@@AEBA?AV?$ostreambuf_iterator@DU?$char_traits@D@std@@@2@V32@AEAVios_base@2@DPEBD_K@Z 0000000180007a00 f i gameOfLife.obj
 0001:00007200       ?erase@?$_Tree@V?$_Tmap_traits@V?$basic_string@DU?$char_traits@D@std@@V?$allocator@D@2@@std@@KU?$less@V?$basic_string@DU?$char_traits@D@std@@V?$allocator@D@2@@std@@@2@V?$allocator@U?$pair@$$CBV?$basic_string@DU?$char_traits@D@std@@V?$allocator@D@2@@std@@K@std@@@2@$0A@@std@@@std@@QEAA?AV?$_Tree_iterator@V?$_Tree_val@U?$_Tree_simple_types@U?$pair@$$CBV?$basic_string@DU?$char_traits@D@std@@V?$allocator@D@2@@std@@K@std@@@std@@@std@@@2@V?$_Tree_const_iterator@V?$_Tree_val@U?$_Tree_simple_types@U?$pair@$$CBV?$basic_string@DU?$char_traits@D@std@@V?$allocator@D@2@@std@@K@std@@@std@@@std@@@2@@Z 0000000180008200 f i gameOfLife.obj
 0001:000076a0       ?_Xlen@?$basic_string@DU?$char_traits@D@std@@V?$allocator@D@2@@std@@SAXXZ 00000001800086a0 f i gameOfLife.obj
 0001:000076c0       ?assign@?$basic_string@DU?$char_traits@D@std@@V?$allocator@D@2@@std@@QEAAAEAV12@AEBV12@_K_K@Z 00000001800086c0 f i gameOfLife.obj
 0001:000077c0       ?flush@?$basic_ostream@DU?$char_traits@D@std@@@std@@QEAAAEAV12@XZ 00000001800087c0 f i gameOfLife.obj
 0001:000078e0       ??_G?$numpunct@D@std@@MEAAPEAXI@Z 00000001800088e0 f i gameOfLife.obj
 0001:000078e0       ??_E?$numpunct@D@std@@MEAAPEAXI@Z 00000001800088e0 f i * CIL library *:* CIL module *
 0001:00007940       ?_Rrotate@?$_Tree@V?$_Tmap_traits@V?$basic_string@DU?$char_traits@D@std@@V?$allocator@D@2@@std@@KU?$less@V?$basic_string@DU?$char_traits@D@std@@V?$allocator@D@2@@std@@@2@V?$allocator@U?$pair@$$CBV?$basic_string@DU?$char_traits@D@std@@V?$allocator@D@2@@std@@K@std@@@2@$0A@@std@@@std@@IEAAXPEAU?$_Tree_node@U?$pair@$$CBV?$basic_string@DU?$char_traits@D@std@@V?$allocator@D@2@@std@@K@std@@PEAX@2@@Z 0000000180008940 f i gameOfLife.obj
 0001:000079a0       ?_Lrotate@?$_Tree@V?$_Tmap_traits@V?$basic_string@DU?$char_traits@D@std@@V?$allocator@D@2@@std@@KU?$less@V?$basic_string@DU?$char_traits@D@std@@V?$allocator@D@2@@std@@@2@V?$allocator@U?$pair@$$CBV?$basic_string@DU?$char_traits@D@std@@V?$allocator@D@2@@std@@K@std@@@2@$0A@@std@@@std@@IEAAXPEAU?$_Tree_node@U?$pair@$$CBV?$basic_string@DU?$char_traits@D@std@@V?$allocator@D@2@@std@@K@std@@PEAX@2@@Z 00000001800089a0 f i gameOfLife.obj
 0001:00007a00       ?_Xran@?$basic_string@DU?$char_traits@D@std@@V?$allocator@D@2@@std@@SAXXZ 0000000180008a00 f i gameOfLife.obj
 0001:00007a20       ?_Copy@?$basic_string@DU?$char_traits@D@std@@V?$allocator@D@2@@std@@QEAAX_K@Z 0000000180008a20 f i gameOfLife.obj
 0001:00007b70       ?erase@?$basic_string@DU?$char_traits@D@std@@V?$allocator@D@2@@std@@QEAAAEAV12@_K0@Z 0000000180008b70 f i gameOfLife.obj
 0001:00007c30       ?_Tidy_deallocate@?$basic_string@DU?$char_traits@D@std@@V?$allocator@D@2@@std@@QEAAXXZ 0000000180008c30 f i gameOfLife.obj
 0001:00007cb0       ??$use_facet@V?$ctype@D@std@@@std@@YAAEBV?$ctype@D@0@AEBVlocale@0@@Z 0000000180008cb0 f i gameOfLife.obj
 0001:00007de0       ??$_Immortalize@V_Iostream_error_category@std@@@std@@YAAEAV_Iostream_error_category@0@XZ 0000000180008de0 f i gameOfLife.obj
 0001:00007e60       ??$_Integral_to_string@DH@std@@YA?AV?$basic_string@DU?$char_traits@D@std@@V?$allocator@D@2@@0@H@Z 0000000180008e60 f i gameOfLife.obj
 0001:00007f40       ??$make_shared@V?$map@V?$basic_string@DU?$char_traits@D@std@@V?$allocator@D@2@@std@@KU?$less@V?$basic_string@DU?$char_traits@D@std@@V?$allocator@D@2@@std@@@2@V?$allocator@U?$pair@$$CBV?$basic_string@DU?$char_traits@D@std@@V?$allocator@D@2@@std@@K@std@@@2@@std@@$$V@std@@YA?AV?$shared_ptr@V?$map@V?$basic_string@DU?$char_traits@D@std@@V?$allocator@D@2@@std@@KU?$less@V?$basic_string@DU?$char_traits@D@std@@V?$allocator@D@2@@std@@@2@V?$allocator@U?$pair@$$CBV?$basic_string@DU?$char_traits@D@std@@V?$allocator@D@2@@std@@K@std@@@2@@std@@@0@XZ 0000000180008f40 f i gameOfLife.obj
 0001:00007ff0       ??$_Insert_or_assign@V?$basic_string@DU?$char_traits@D@std@@V?$allocator@D@2@@std@@AEAK@?$map@V?$basic_string@DU?$char_traits@D@std@@V?$allocator@D@2@@std@@KU?$less@V?$basic_string@DU?$char_traits@D@std@@V?$allocator@D@2@@std@@@2@V?$allocator@U?$pair@$$CBV?$basic_string@DU?$char_traits@D@std@@V?$allocator@D@2@@std@@K@std@@@2@@std@@QEAA?AU?$pair@V?$_Tree_iterator@V?$_Tree_val@U?$_Tree_simple_types@U?$pair@$$CBV?$basic_string@DU?$char_traits@D@std@@V?$allocator@D@2@@std@@K@std@@@std@@@std@@@std@@_N@1@$$QEAV?$basic_string@DU?$char_traits@D@std@@V?$allocator@D@2@@1@AEAK@Z 0000000180008ff0 f i gameOfLife.obj
 0001:00008110       ??$?6U?$char_traits@D@std@@@std@@YAAEAV?$basic_ostream@DU?$char_traits@D@std@@@0@AEAV10@PEBD@Z 0000000180009110 f i gameOfLife.obj
 0001:000085a0       ??$?0U?$_Wrap_alloc@V?$allocator@U?$_Tree_node@U?$pair@$$CBV?$basic_string@DU?$char_traits@D@std@@V?$allocator@D@2@@std@@K@std@@PEAX@std@@@std@@@std@@@?$_Tree@V?$_Tmap_traits@V?$basic_string@DU?$char_traits@D@std@@V?$allocator@D@2@@std@@KU?$less@V?$basic_string@DU?$char_traits@D@std@@V?$allocator@D@2@@std@@@2@V?$allocator@U?$pair@$$CBV?$basic_string@DU?$char_traits@D@std@@V?$allocator@D@2@@std@@K@std@@@2@$0A@@std@@@std@@QEAA@AEBV01@$$QEAU?$_Wrap_alloc@V?$allocator@U?$_Tree_node@U?$pair@$$CBV?$basic_string@DU?$char_traits@D@std@@V?$allocator@D@2@@std@@K@std@@PEAX@std@@@std@@@1@@Z 00000001800095a0 f i gameOfLife.obj
 0001:000086a0       ??$use_facet@V?$num_put@DV?$ostreambuf_iterator@DU?$char_traits@D@std@@@std@@@std@@@std@@YAAEBV?$num_put@DV?$ostreambuf_iterator@DU?$char_traits@D@std@@@std@@@0@AEBVlocale@0@@Z 00000001800096a0 f i gameOfLife.obj
 0001:000087d0       ??$use_facet@V?$numpunct@D@std@@@std@@YAAEBV?$numpunct@D@0@AEBVlocale@0@@Z 00000001800097d0 f i gameOfLife.obj
 0001:00008900       ?_Delete_this@?$_Ref_count_obj@V?$map@V?$basic_string@DU?$char_traits@D@std@@V?$allocator@D@2@@std@@KU?$less@V?$basic_string@DU?$char_traits@D@std@@V?$allocator@D@2@@std@@@2@V?$allocator@U?$pair@$$CBV?$basic_string@DU?$char_traits@D@std@@V?$allocator@D@2@@std@@K@std@@@2@@std@@@std@@EEAAXXZ 0000000180009900 f i gameOfLife.obj
 0001:00008920       ?_Destroy@?$_Ref_count_obj@V?$map@V?$basic_string@DU?$char_traits@D@std@@V?$allocator@D@2@@std@@KU?$less@V?$basic_string@DU?$char_traits@D@std@@V?$allocator@D@2@@std@@@2@V?$allocator@U?$pair@$$CBV?$basic_string@DU?$char_traits@D@std@@V?$allocator@D@2@@std@@K@std@@@2@@std@@@std@@EEAAXXZ 0000000180009920 f i gameOfLife.obj
 0001:00008950       ?_Getcat@?$numpunct@D@std@@SA_KPEAPEBVfacet@locale@2@PEBV42@@Z 0000000180009950 f i gameOfLife.obj
 0001:00008a80       ?_Getcat@?$num_put@DV?$ostreambuf_iterator@DU?$char_traits@D@std@@@std@@@std@@SA_KPEAPEBVfacet@locale@2@PEBV42@@Z 0000000180009a80 f i gameOfLife.obj
 0001:00008ba0       ?_Xlength@?$vector@VCell@gol@@V?$allocator@VCell@gol@@@std@@@std@@CAXXZ 0000000180009ba0 f i gameOfLife.obj
 0001:00008bc0       ?_Change_array@?$vector@VCell@gol@@V?$allocator@VCell@gol@@@std@@@std@@AEAAXQEAVCell@gol@@_K1@Z 0000000180009bc0 f i gameOfLife.obj
 0001:00008c80       ??R?$less@V?$basic_string@DU?$char_traits@D@std@@V?$allocator@D@2@@std@@@std@@QEBA_NAEBV?$basic_string@DU?$char_traits@D@std@@V?$allocator@D@2@@1@0@Z 0000000180009c80 f i gameOfLife.obj
 0001:00008d00       ?insert@?$basic_string@DU?$char_traits@D@std@@V?$allocator@D@2@@std@@QEAAAEAV12@_KAEBV12@0_K@Z 0000000180009d00 f i gameOfLife.obj
 0001:00008e40       ?_Init@?$numpunct@D@std@@IEAAXAEBV_Locinfo@2@_N@Z 0000000180009e40 f i gameOfLife.obj
 0001:00008fc0       ??$_Eqrange@V?$basic_string@DU?$char_traits@D@std@@V?$allocator@D@2@@std@@@?$_Tree@V?$_Tmap_traits@V?$basic_string@DU?$char_traits@D@std@@V?$allocator@D@2@@std@@KU?$less@V?$basic_string@DU?$char_traits@D@std@@V?$allocator@D@2@@std@@@2@V?$allocator@U?$pair@$$CBV?$basic_string@DU?$char_traits@D@std@@V?$allocator@D@2@@std@@K@std@@@2@$0A@@std@@@std@@IEBA?AU?$pair@V?$_Tree_const_iterator@V?$_Tree_val@U?$_Tree_simple_types@U?$pair@$$CBV?$basic_string@DU?$char_traits@D@std@@V?$allocator@D@2@@std@@K@std@@@std@@@std@@@std@@V12@@1@AEBV?$basic_string@DU?$char_traits@D@std@@V?$allocator@D@2@@1@@Z 0000000180009fc0 f i gameOfLife.obj
 0001:00009140       ??$_Lbound@V?$basic_string@DU?$char_traits@D@std@@V?$allocator@D@2@@std@@@?$_Tree@V?$_Tmap_traits@V?$basic_string@DU?$char_traits@D@std@@V?$allocator@D@2@@std@@KU?$less@V?$basic_string@DU?$char_traits@D@std@@V?$allocator@D@2@@std@@@2@V?$allocator@U?$pair@$$CBV?$basic_string@DU?$char_traits@D@std@@V?$allocator@D@2@@std@@K@std@@@2@$0A@@std@@@std@@IEBAPEAU?$_Tree_node@U?$pair@$$CBV?$basic_string@DU?$char_traits@D@std@@V?$allocator@D@2@@std@@K@std@@PEAX@1@AEBV?$basic_string@DU?$char_traits@D@std@@V?$allocator@D@2@@1@@Z 000000018000a140 f i gameOfLife.obj
 0001:000091e0       ??_G?$_Ref_count_obj@V?$map@V?$basic_string@DU?$char_traits@D@std@@V?$allocator@D@2@@std@@KU?$less@V?$basic_string@DU?$char_traits@D@std@@V?$allocator@D@2@@std@@@2@V?$allocator@U?$pair@$$CBV?$basic_string@DU?$char_traits@D@std@@V?$allocator@D@2@@std@@K@std@@@2@@std@@@std@@UEAAPEAXI@Z 000000018000a1e0 f i gameOfLife.obj
 0001:000091e0       ??_E?$_Ref_count_obj@V?$map@V?$basic_string@DU?$char_traits@D@std@@V?$allocator@D@2@@std@@KU?$less@V?$basic_string@DU?$char_traits@D@std@@V?$allocator@D@2@@std@@@2@V?$allocator@U?$pair@$$CBV?$basic_string@DU?$char_traits@D@std@@V?$allocator@D@2@@std@@K@std@@@2@@std@@@std@@UEAAPEAXI@Z 000000018000a1e0 f i * CIL library *:* CIL module *
 0001:00009210       ?_Reset0@?$_Ptr_base@V?$map@V?$basic_string@DU?$char_traits@D@std@@V?$allocator@D@2@@std@@KU?$less@V?$basic_string@DU?$char_traits@D@std@@V?$allocator@D@2@@std@@@2@V?$allocator@U?$pair@$$CBV?$basic_string@DU?$char_traits@D@std@@V?$allocator@D@2@@std@@K@std@@@2@@std@@@std@@QEAAXPEAV?$map@V?$basic_string@DU?$char_traits@D@std@@V?$allocator@D@2@@std@@KU?$less@V?$basic_string@DU?$char_traits@D@std@@V?$allocator@D@2@@std@@@2@V?$allocator@U?$pair@$$CBV?$basic_string@DU?$char_traits@D@std@@V?$allocator@D@2@@std@@K@std@@@2@@2@PEAV_Ref_count_base@2@@Z 000000018000a210 f i gameOfLife.obj
 0001:000092b0       ??$_Insert_hint@AEAU?$pair@$$CBV?$basic_string@DU?$char_traits@D@std@@V?$allocator@D@2@@std@@K@std@@PEAU?$_Tree_node@U?$pair@$$CBV?$basic_string@DU?$char_traits@D@std@@V?$allocator@D@2@@std@@K@std@@PEAX@2@@?$_Tree@V?$_Tmap_traits@V?$basic_string@DU?$char_traits@D@std@@V?$allocator@D@2@@std@@KU?$less@V?$basic_string@DU?$char_traits@D@std@@V?$allocator@D@2@@std@@@2@V?$allocator@U?$pair@$$CBV?$basic_string@DU?$char_traits@D@std@@V?$allocator@D@2@@std@@K@std@@@2@$0A@@std@@@std@@IEAA?AV?$_Tree_iterator@V?$_Tree_val@U?$_Tree_simple_types@U?$pair@$$CBV?$basic_string@DU?$char_traits@D@std@@V?$allocator@D@2@@std@@K@std@@@std@@@std@@@1@V?$_Tree_const_iterator@V?$_Tree_val@U?$_Tree_simple_types@U?$pair@$$CBV?$basic_string@DU?$char_traits@D@std@@V?$allocator@D@2@@std@@K@std@@@std@@@std@@@1@AEAU?$pair@$$CBV?$basic_string@DU?$char_traits@D@std@@V?$allocator@D@2@@std@@K@1@PEAU?$_Tree_node@U?$pair@$$CBV?$basic_string@DU?$char_traits@D@std@@V?$allocator@D@2@@std@@K@std@@PEAX@1@@Z 000000018000a2b0 f i gameOfLife.obj
 0001:00009500       ??$_Copy_nodes@U_Copy_tag@?$_Tree@V?$_Tmap_traits@V?$basic_string@DU?$char_traits@D@std@@V?$allocator@D@2@@std@@KU?$less@V?$basic_string@DU?$char_traits@D@std@@V?$allocator@D@2@@std@@@2@V?$allocator@U?$pair@$$CBV?$basic_string@DU?$char_traits@D@std@@V?$allocator@D@2@@std@@K@std@@@2@$0A@@std@@@std@@@?$_Tree@V?$_Tmap_traits@V?$basic_string@DU?$char_traits@D@std@@V?$allocator@D@2@@std@@KU?$less@V?$basic_string@DU?$char_traits@D@std@@V?$allocator@D@2@@std@@@2@V?$allocator@U?$pair@$$CBV?$basic_string@DU?$char_traits@D@std@@V?$allocator@D@2@@std@@K@std@@@2@$0A@@std@@@std@@IEAAPEAU?$_Tree_node@U?$pair@$$CBV?$basic_string@DU?$char_traits@D@std@@V?$allocator@D@2@@std@@K@std@@PEAX@1@PEAU21@0U_Copy_tag@01@@Z 000000018000a500 f i gameOfLife.obj
 0001:00009590       ??F?$_Tree_const_iterator@V?$_Tree_val@U?$_Tree_simple_types@U?$pair@$$CBV?$basic_string@DU?$char_traits@D@std@@V?$allocator@D@2@@std@@K@std@@@std@@@std@@@std@@QEAAAEAV01@XZ 000000018000a590 f i gameOfLife.obj
 0001:00009610       ?_Destroy_if_not_nil@?$_Tree@V?$_Tmap_traits@V?$basic_string@DU?$char_traits@D@std@@V?$allocator@D@2@@std@@KU?$less@V?$basic_string@DU?$char_traits@D@std@@V?$allocator@D@2@@std@@@2@V?$allocator@U?$pair@$$CBV?$basic_string@DU?$char_traits@D@std@@V?$allocator@D@2@@std@@K@std@@@2@$0A@@std@@@std@@IEAAXPEAU?$_Tree_node@U?$pair@$$CBV?$basic_string@DU?$char_traits@D@std@@V?$allocator@D@2@@std@@K@std@@PEAX@2@@Z 000000018000a610 f i gameOfLife.obj
 0001:00009680       ??$construct@U?$pair@$$CBV?$basic_string@DU?$char_traits@D@std@@V?$allocator@D@2@@std@@K@std@@V?$basic_string@DU?$char_traits@D@std@@V?$allocator@D@2@@2@AEAK@?$_Wrap_alloc@V?$allocator@U?$_Tree_node@U?$pair@$$CBV?$basic_string@DU?$char_traits@D@std@@V?$allocator@D@2@@std@@K@std@@PEAX@std@@@std@@@std@@QEAAXPEAU?$pair@$$CBV?$basic_string@DU?$char_traits@D@std@@V?$allocator@D@2@@std@@K@1@$$QEAV?$basic_string@DU?$char_traits@D@std@@V?$allocator@D@2@@1@AEAK@Z 000000018000a680 f i gameOfLife.obj
 0001:00009720       ??$_Insert_at@AEAU?$pair@$$CBV?$basic_string@DU?$char_traits@D@std@@V?$allocator@D@2@@std@@K@std@@PEAU?$_Tree_node@U?$pair@$$CBV?$basic_string@DU?$char_traits@D@std@@V?$allocator@D@2@@std@@K@std@@PEAX@2@@?$_Tree@V?$_Tmap_traits@V?$basic_string@DU?$char_traits@D@std@@V?$allocator@D@2@@std@@KU?$less@V?$basic_string@DU?$char_traits@D@std@@V?$allocator@D@2@@std@@@2@V?$allocator@U?$pair@$$CBV?$basic_string@DU?$char_traits@D@std@@V?$allocator@D@2@@std@@K@std@@@2@$0A@@std@@@std@@IEAA?AV?$_Tree_iterator@V?$_Tree_val@U?$_Tree_simple_types@U?$pair@$$CBV?$basic_string@DU?$char_traits@D@std@@V?$allocator@D@2@@std@@K@std@@@std@@@std@@@1@_NPEAU?$_Tree_node@U?$pair@$$CBV?$basic_string@DU?$char_traits@D@std@@V?$allocator@D@2@@std@@K@std@@PEAX@1@AEAU?$pair@$$CBV?$basic_string@DU?$char_traits@D@std@@V?$allocator@D@2@@std@@K@1@1@Z 000000018000a720 f i gameOfLife.obj
 0001:000099c0       ??$_Insert_nohint@AEAU?$pair@$$CBV?$basic_string@DU?$char_traits@D@std@@V?$allocator@D@2@@std@@K@std@@PEAU?$_Tree_node@U?$pair@$$CBV?$basic_string@DU?$char_traits@D@std@@V?$allocator@D@2@@std@@K@std@@PEAX@2@@?$_Tree@V?$_Tmap_traits@V?$basic_string@DU?$char_traits@D@std@@V?$allocator@D@2@@std@@KU?$less@V?$basic_string@DU?$char_traits@D@std@@V?$allocator@D@2@@std@@@2@V?$allocator@U?$pair@$$CBV?$basic_string@DU?$char_traits@D@std@@V?$allocator@D@2@@std@@K@std@@@2@$0A@@std@@@std@@IEAA?AU?$pair@V?$_Tree_iterator@V?$_Tree_val@U?$_Tree_simple_types@U?$pair@$$CBV?$basic_string@DU?$char_traits@D@std@@V?$allocator@D@2@@std@@K@std@@@std@@@std@@@std@@_N@1@_NAEAU?$pair@$$CBV?$basic_string@DU?$char_traits@D@std@@V?$allocator@D@2@@std@@K@1@PEAU?$_Tree_node@U?$pair@$$CBV?$basic_string@DU?$char_traits@D@std@@V?$allocator@D@2@@std@@K@std@@PEAX@1@@Z 000000018000a9c0 f i gameOfLife.obj
 0001:00009b80       ??$_Buynode@AEAU?$pair@$$CBV?$basic_string@DU?$char_traits@D@std@@V?$allocator@D@2@@std@@K@std@@@?$_Tree_comp_alloc@V?$_Tmap_traits@V?$basic_string@DU?$char_traits@D@std@@V?$allocator@D@2@@std@@KU?$less@V?$basic_string@DU?$char_traits@D@std@@V?$allocator@D@2@@std@@@2@V?$allocator@U?$pair@$$CBV?$basic_string@DU?$char_traits@D@std@@V?$allocator@D@2@@std@@K@std@@@2@$0A@@std@@@std@@QEAAPEAU?$_Tree_node@U?$pair@$$CBV?$basic_string@DU?$char_traits@D@std@@V?$allocator@D@2@@std@@K@std@@PEAX@1@AEAU?$pair@$$CBV?$basic_string@DU?$char_traits@D@std@@V?$allocator@D@2@@std@@K@1@@Z 000000018000ab80 f i gameOfLife.obj
 0001:00009c18       ??_E?$basic_ostream@DU?$char_traits@D@std@@@std@@$4PPPPPPPM@A@EAAPEAXI@Z 000000018000ac18 f i gameOfLife.obj
 0001:00009c24       ??_E?$basic_stringstream@DU?$char_traits@D@std@@V?$allocator@D@2@@std@@$4PPPPPPPM@A@EAAPEAXI@Z 000000018000ac24 f i gameOfLife.obj
 0001:00009c30       ??_E?$basic_istream@DU?$char_traits@D@std@@@std@@$4PPPPPPPM@A@EAAPEAXI@Z 000000018000ac30 f i gameOfLife.obj
 0001:00009c3c       ??_E?$basic_iostream@DU?$char_traits@D@std@@@std@@$4PPPPPPPM@A@EAAPEAXI@Z 000000018000ac3c f i gameOfLife.obj
 0001:00009c9c       __imp_load_?ThrowException@Isolate@v8@@QEAA?AV?$Local@VValue@v8@@@2@V32@@Z 000000018000ac9c f   node:node.exe
 0001:00009ca8       __tailMerge_node_exe       000000018000aca8     node:node.exe
 0001:00009d21       __imp_load_?GetCurrent@Isolate@v8@@SAPEAV12@XZ 000000018000ad21 f   node:node.exe
 0001:00009d2d       __imp_load_??1HandleScope@v8@@QEAA@XZ 000000018000ad2d f   node:node.exe
 0001:00009d39       __imp_load_??0HandleScope@v8@@QEAA@PEAVIsolate@1@@Z 000000018000ad39 f   node:node.exe
 0001:00009d45       __imp_load_?TypeError@Exception@v8@@SA?AV?$Local@VValue@v8@@@2@V?$Local@VString@v8@@@2@@Z 000000018000ad45 f   node:node.exe
 0001:00009d51       __imp_load_?GetFunction@FunctionTemplate@v8@@QEAA?AV?$Local@VFunction@v8@@@2@XZ 000000018000ad51 f   node:node.exe
 0001:00009d5d       __imp_load_?New@FunctionTemplate@v8@@SA?AV?$Local@VFunctionTemplate@v8@@@2@PEAVIsolate@2@P6AXAEBV?$FunctionCallbackInfo@VValue@v8@@@2@@ZV?$Local@VValue@v8@@@2@V?$Local@VSignature@v8@@@2@H@Z 000000018000ad5d f   node:node.exe
 0001:00009d69       __imp_load_?NumberValue@Value@v8@@QEBANXZ 000000018000ad69 f   node:node.exe
 0001:00009d75       __imp_load_?IsNumber@Value@v8@@QEBA_NXZ 000000018000ad75 f   node:node.exe
 0001:00009d81       __imp_load_??1Utf8Value@String@v8@@QEAA@XZ 000000018000ad81 f   node:node.exe
 0001:00009d8d       __imp_load_??0Utf8Value@String@v8@@QEAA@V?$Local@VValue@v8@@@2@@Z 000000018000ad8d f   node:node.exe
 0001:00009d99       __imp_load_?NewFromUtf8@String@v8@@SA?AV?$Local@VString@v8@@@2@PEAVIsolate@2@PEBDW4NewStringType@12@H@Z 000000018000ad99 f   node:node.exe
 0001:00009da5       __imp_load_?New@Number@v8@@SA?AV?$Local@VNumber@v8@@@2@PEAVIsolate@2@N@Z 000000018000ada5 f   node:node.exe
 0001:00009db1       __imp_load_?New@Object@v8@@SA?AV?$Local@VObject@v8@@@2@PEAVIsolate@2@@Z 000000018000adb1 f   node:node.exe
 0001:00009dbd       __imp_load_?Set@Object@v8@@QEAA_NV?$Local@VValue@v8@@@2@0@Z 000000018000adbd f   node:node.exe
 0001:00009dc9       __imp_load_?SetName@Function@v8@@QEAAXV?$Local@VString@v8@@@2@@Z 000000018000adc9 f   node:node.exe
 0001:00009dd5       __imp_load_node_module_register 000000018000add5 f   node:node.exe
 0001:00009de4       ??0_Init_locks@std@@QEAA@XZ 000000018000ade4 f   libcpmt:xlock.obj
 0001:00009e30       ??0_Lockit@std@@QEAA@H@Z   000000018000ae30 f   libcpmt:xlock.obj
 0001:00009e6c       ??1_Init_locks@std@@QEAA@XZ 000000018000ae6c f   libcpmt:xlock.obj
 0001:00009eb0       ??1_Lockit@std@@QEAA@XZ    000000018000aeb0 f   libcpmt:xlock.obj
 0001:00009ee4       ??4?$_Yarn@D@std@@QEAAAEAV01@PEBD@Z 000000018000aee4 f i libcpmt:locale0.obj
 0001:00009f5c       ??_G_Fac_node@std@@QEAAPEAXI@Z 000000018000af5c f i libcpmt:locale0.obj
 0001:00009fe8       ??_G_Locimp@locale@std@@MEAAPEAXI@Z 000000018000afe8 f i libcpmt:locale0.obj
 0001:00009fe8       ??_E_Locimp@locale@std@@MEAAPEAXI@Z 000000018000afe8 f i libcpmt:locale0.obj
 0001:0000a054       ?_Facet_Register@std@@YAXPEAV_Facet_base@1@@Z 000000018000b054 f   libcpmt:locale0.obj
 0001:0000a08c       ?_Getgloballocale@locale@std@@CAPEAV_Locimp@12@XZ 000000018000b08c f   libcpmt:locale0.obj
 0001:0000a094       ?_Init@locale@std@@CAPEAV_Locimp@12@_N@Z 000000018000b094 f   libcpmt:locale0.obj
 0001:0000a150       ?_Locimp_dtor@_Locimp@locale@std@@CAXPEAV123@@Z 000000018000b150 f   libcpmt:locale0.obj
 0001:0000a1f8       ?_Locinfo_ctor@_Locinfo@std@@SAXPEAV12@PEBD@Z 000000018000b1f8 f   libcpmt:locale0.obj
 0001:0000a264       ?_Locinfo_dtor@_Locinfo@std@@SAXPEAV12@@Z 000000018000b264 f   libcpmt:locale0.obj
 0001:0000a288       ?_New_Locimp@_Locimp@locale@std@@CAPEAV123@_N@Z 000000018000b288 f   libcpmt:locale0.obj
 0001:0000a2f8       ?_Setgloballocale@locale@std@@CAXPEAX@Z 000000018000b2f8 f   libcpmt:locale0.obj
 0001:0000a32c       _Deletegloballocale        000000018000b32c f   libcpmt:locale0.obj
 0001:0000a3b4       ??0bad_alloc@std@@QEAA@AEBV01@@Z 000000018000b3b4 f i libcpmt:xthrow.obj
 0001:0000a3f4       ??0bad_alloc@std@@QEAA@XZ  000000018000b3f4 f i libcpmt:xthrow.obj
 0001:0000a414       ??0exception@std@@QEAA@AEBV01@@Z 000000018000b414 f i libcpmt:xthrow.obj
 0001:0000a44c       ??0invalid_argument@std@@QEAA@AEBV01@@Z 000000018000b44c f i libcpmt:xthrow.obj
 0001:0000a48c       ??0invalid_argument@std@@QEAA@PEBD@Z 000000018000b48c f i libcpmt:xthrow.obj
 0001:0000a4d8       ??0length_error@std@@QEAA@AEBV01@@Z 000000018000b4d8 f i libcpmt:xthrow.obj
 0001:0000a518       ??0length_error@std@@QEAA@PEBD@Z 000000018000b518 f i libcpmt:xthrow.obj
 0001:0000a564       ??0logic_error@std@@QEAA@AEBV01@@Z 000000018000b564 f i libcpmt:xthrow.obj
 0001:0000a5a4       ??0out_of_range@std@@QEAA@AEBV01@@Z 000000018000b5a4 f i libcpmt:xthrow.obj
 0001:0000a5e4       ??0out_of_range@std@@QEAA@PEBD@Z 000000018000b5e4 f i libcpmt:xthrow.obj
 0001:0000a630       ??1invalid_argument@std@@UEAA@XZ 000000018000b630 f i libcpmt:xthrow.obj
 0001:0000a630       ??1bad_exception@std@@UEAA@XZ 000000018000b630 f i libvcruntime:frame.obj
 0001:0000a630       ??1bad_array_new_length@std@@UEAA@XZ 000000018000b630 f i LIBCMT:throw_bad_alloc.obj
 0001:0000a630       ??1out_of_range@std@@UEAA@XZ 000000018000b630 f i libcpmt:xthrow.obj
 0001:0000a630       ??1bad_alloc@std@@UEAA@XZ  000000018000b630 f i libcpmt:xthrow.obj
 0001:0000a630       ??1length_error@std@@UEAA@XZ 000000018000b630 f i libcpmt:xthrow.obj
 0001:0000a644       ??_Eout_of_range@std@@UEAAPEAXI@Z 000000018000b644 f i libcpmt:xthrow.obj
 0001:0000a644       ??_Gexception@std@@UEAAPEAXI@Z 000000018000b644 f i libcpmt:xthrow.obj
 0001:0000a644       ??_Gbad_alloc@std@@UEAAPEAXI@Z 000000018000b644 f i libcpmt:xthrow.obj
 0001:0000a644       ??_Gbad_exception@std@@UEAAPEAXI@Z 000000018000b644 f i libvcruntime:frame.obj
 0001:0000a644       ??_Eexception@std@@UEAAPEAXI@Z 000000018000b644 f i libcpmt:xthrow.obj
 0001:0000a644       ??_Elogic_error@std@@UEAAPEAXI@Z 000000018000b644 f i libcpmt:xthrow.obj
 0001:0000a644       ??_Glogic_error@std@@UEAAPEAXI@Z 000000018000b644 f i libcpmt:xthrow.obj
 0001:0000a644       ??_Elength_error@std@@UEAAPEAXI@Z 000000018000b644 f i libcpmt:xthrow.obj
 0001:0000a644       ??_Gout_of_range@std@@UEAAPEAXI@Z 000000018000b644 f i libcpmt:xthrow.obj
 0001:0000a644       ??_Gbad_array_new_length@std@@UEAAPEAXI@Z 000000018000b644 f i LIBCMT:throw_bad_alloc.obj
 0001:0000a644       ??_Ebad_array_new_length@std@@UEAAPEAXI@Z 000000018000b644 f i LIBCMT:throw_bad_alloc.obj
 0001:0000a644       ??_Ginvalid_argument@std@@UEAAPEAXI@Z 000000018000b644 f i libcpmt:xthrow.obj
 0001:0000a644       ??_Einvalid_argument@std@@UEAAPEAXI@Z 000000018000b644 f i libcpmt:xthrow.obj
 0001:0000a644       ??_Ebad_alloc@std@@UEAAPEAXI@Z 000000018000b644 f i libcpmt:xthrow.obj
 0001:0000a644       ??_Ebad_exception@std@@UEAAPEAXI@Z 000000018000b644 f i libvcruntime:frame.obj
 0001:0000a644       ??_Glength_error@std@@UEAAPEAXI@Z 000000018000b644 f i libcpmt:xthrow.obj
 0001:0000a688       ?_Xbad_alloc@std@@YAXXZ    000000018000b688 f   libcpmt:xthrow.obj
 0001:0000a688       ?__scrt_throw_std_bad_alloc@@YAXXZ 000000018000b688 f   LIBCMT:throw_bad_alloc.obj
 0001:0000a6a8       ?_Xinvalid_argument@std@@YAXPEBD@Z 000000018000b6a8 f   libcpmt:xthrow.obj
 0001:0000a6cc       ?_Xlength_error@std@@YAXPEBD@Z 000000018000b6cc f   libcpmt:xthrow.obj
 0001:0000a6f0       ?_Xout_of_range@std@@YAXPEBD@Z 000000018000b6f0 f   libcpmt:xthrow.obj
 0001:0000a714       ?what@exception@std@@UEBAPEBDXZ 000000018000b714 f i libcpmt:xthrow.obj
 0001:0000a728       ?_Ios_base_dtor@ios_base@std@@CAXPEAV12@@Z 000000018000b728 f   libcpmt:ios.obj
 0001:0000a76c       ?_Tidy@ios_base@std@@AEAAXXZ 000000018000b76c f i libcpmt:ios.obj
 0001:0000a7fc       ?_Syserror_map@std@@YAPEBDH@Z 000000018000b7fc f   libcpmt:syserror.obj
 0001:0000a824       _Getctype                  000000018000b824 f   libcpmt:_tolower.obj
 0001:0000a8e4       _Tolower                   000000018000b8e4 f   libcpmt:_tolower.obj
 0001:0000aa0c       _Getcvt                    000000018000ba0c f   libcpmt:xwctomb.obj
 0001:0000aa9c       _Toupper                   000000018000ba9c f   libcpmt:_toupper.obj
 0001:0000abd4       _Mtxdst                    000000018000bbd4 f   libcpmt:xmtx.obj
 0001:0000abdc       _Mtxinit                   000000018000bbdc f   libcpmt:xmtx.obj
 0001:0000abec       _Mtxlock                   000000018000bbec f   libcpmt:xmtx.obj
 0001:0000abf4       _Mtxunlock                 000000018000bbf4 f   libcpmt:xmtx.obj
 0001:0000abfc       ?_Atexit@@YAXP6AXXZ@Z      000000018000bbfc f   libcpmt:iosptrs.obj
 0001:0000ac3c       __crtLCMapStringA          000000018000bc3c f   libcpmt:StlLCMapStringA.obj
 0001:0000b3f8       __crtInitializeCriticalSectionEx 000000018000c3f8 f   libcpmt:winapisupp.obj
 0001:0000b458       GetTableIndexFromLocaleName 000000018000c458 f   libcpmt:winapinls.obj
 0001:0000b4e4       __crtDownlevelLocaleNameToLCID 000000018000c4e4 f   libcpmt:winapinls.obj
 0001:0000b518       __crtLCMapStringEx         000000018000c518 f   libcpmt:winapinls.obj
 0001:0000b5d4       __wcsnicmp_ascii           000000018000c5d4 f   libcpmt:winapinls.obj
 0001:0000b640       __security_check_cookie    000000018000c640 f   LIBCMT:_amdsecgs_.obj
 0001:0000b7d8       _Init_thread_footer        000000018000c7d8 f   LIBCMT:thread_safe_statics.obj
 0001:0000b838       _Init_thread_header        000000018000c838 f   LIBCMT:thread_safe_statics.obj
 0001:0000b8a0       _Init_thread_notify        000000018000c8a0 f   LIBCMT:thread_safe_statics.obj
 0001:0000b8fc       _Init_thread_wait          000000018000c8fc f   LIBCMT:thread_safe_statics.obj
 0001:0000b994       ??2@YAPEAX_K@Z             000000018000c994 f   LIBCMT:new_scalar.obj
 0001:0000b9d0       __scrt_acquire_startup_lock 000000018000c9d0 f   LIBCMT:utility.obj
 0001:0000ba0c       __scrt_dllmain_after_initialize_c 000000018000ca0c f   LIBCMT:utility.obj
 0001:0000ba40       __scrt_dllmain_before_initialize_c 000000018000ca40 f   LIBCMT:utility.obj
 0001:0000ba58       __scrt_dllmain_crt_thread_attach 000000018000ca58 f   LIBCMT:utility.obj
 0001:0000ba80       __scrt_dllmain_crt_thread_detach 000000018000ca80 f   LIBCMT:utility.obj
 0001:0000ba98       __scrt_dllmain_exception_filter 000000018000ca98 f   LIBCMT:utility.obj
 0001:0000bafc       __scrt_dllmain_uninitialize_c 000000018000cafc f   LIBCMT:utility.obj
 0001:0000bb2c       __scrt_dllmain_uninitialize_critical 000000018000cb2c f   LIBCMT:utility.obj
 0001:0000bb40       __scrt_initialize_crt      000000018000cb40 f   LIBCMT:utility.obj
 0001:0000bb8c       __scrt_initialize_onexit_tables 000000018000cb8c f   LIBCMT:utility.obj
 0001:0000bc6c       __scrt_is_nonwritable_in_current_image 000000018000cc6c f   LIBCMT:utility.obj
 0001:0000bd08       __scrt_release_startup_lock 000000018000cd08 f   LIBCMT:utility.obj
 0001:0000bd2c       __scrt_uninitialize_crt    000000018000cd2c f   LIBCMT:utility.obj
 0001:0000bd58       _onexit                    000000018000cd58 f   LIBCMT:utility.obj
 0001:0000bda8       atexit                     000000018000cda8 f   LIBCMT:utility.obj
 0001:0000bdc0       ??3@YAXPEAX@Z              000000018000cdc0 f   LIBCMT:delete_scalar.obj
 0001:0000bdc8       ??_V@YAXPEAX@Z             000000018000cdc8 f   LIBCMT:delete_array.obj
 0001:0000bdc8       ??3@YAXPEAX_K@Z            000000018000cdc8 f   LIBCMT:delete_scalar_size.obj
 0001:0000c10c       _DllMainCRTStartup         000000018000d10c f   LIBCMT:dll_dllmain.obj
 0001:0000c14c       _guard_check_icall         000000018000d14c f i LIBCMT:checkcfg.obj
 0001:0000c154       ??_Etype_info@@UEAAPEAXI@Z 000000018000d154 f i LIBCMT:std_type_info_static.obj
 0001:0000c154       ??_Gtype_info@@UEAAPEAXI@Z 000000018000d154 f i LIBCMT:std_type_info_static.obj
 0001:0000c180       __GSHandlerCheck           000000018000d180 f   LIBCMT:_gshandler_.obj
 0001:0000c1a0       __GSHandlerCheckCommon     000000018000d1a0 f   LIBCMT:_gshandler_.obj
 0001:0000c210       _alloca_probe              000000018000d210 f   LIBCMT:_chkstk_.obj
 0001:0000c210       __chkstk                   000000018000d210 f   LIBCMT:_chkstk_.obj
 0001:0000c264       __raise_securityfailure    000000018000d264 f   LIBCMT:gs_report.obj
 0001:0000c298       __report_gsfailure         000000018000d298 f   LIBCMT:gs_report.obj
 0001:0000c36c       __report_rangecheckfailure 000000018000d36c f   LIBCMT:gs_report.obj
 0001:0000c380       __report_securityfailure   000000018000d380 f   LIBCMT:gs_report.obj
 0001:0000c500       __crt_debugger_hook        000000018000d500 f   LIBCMT:utility_desktop.obj
 0001:0000c508       __scrt_fastfail            000000018000d508 f   LIBCMT:utility_desktop.obj
 0001:0000c650       ??0bad_array_new_length@std@@QEAA@AEBV01@@Z 000000018000d650 f i LIBCMT:throw_bad_alloc.obj
 0001:0000c690       ??0bad_array_new_length@std@@QEAA@XZ 000000018000d690 f i LIBCMT:throw_bad_alloc.obj
 0001:0000c6b0       ?__scrt_throw_std_bad_array_new_length@@YAXXZ 000000018000d6b0 f   LIBCMT:throw_bad_alloc.obj
 0001:0000c6d0       __isa_available_init       000000018000d6d0 f   LIBCMT:_cpu_disp_.obj
 0001:0000c88c       __scrt_is_ucrt_dll_in_use  000000018000d88c f   LIBCMT:ucrt_detection.obj
 0001:0000c898       __security_init_cookie     000000018000d898 f   LIBCMT:gs_support.obj
 0001:0000c944       _get_startup_argv_mode     000000018000d944 f   LIBCMT:argv_mode.obj
 0001:0000c944       DllMain                    000000018000d944 f   LIBCMT:dll_dllmain_stub.obj
 0001:0000c94c       ?__scrt_initialize_type_info@@YAXXZ 000000018000d94c f   LIBCMT:tncleanup.obj
 0001:0000c95c       ?__scrt_uninitialize_type_info@@YAXXZ 000000018000d95c f   LIBCMT:tncleanup.obj
 0001:0000c968       __local_stdio_scanf_options 000000018000d968 f i LIBCMT:default_local_stdio_options.obj
 0001:0000c970       __scrt_initialize_default_local_stdio_options 000000018000d970 f   LIBCMT:default_local_stdio_options.obj
 0001:0000c98c       __scrt_get_dyn_tls_init_callback 000000018000d98c f   LIBCMT:dyn_tls_init.obj
 0001:0000c994       _RTC_Initialize            000000018000d994 f   LIBCMT:_initsect_.obj
 0001:0000c9e0       _RTC_Terminate             000000018000d9e0 f   LIBCMT:_initsect_.obj
 0001:0000ca40       memmove                    000000018000da40 f   libvcruntime:memcpy.obj
 0001:0000ca40       memcpy                     000000018000da40 f   libvcruntime:memcpy.obj
 0001:0000ce78       _purecall                  000000018000de78 f   libvcruntime:purevirt.obj
 0001:0000ceb0       __DestructExceptionObject  000000018000deb0 f   libvcruntime:frame.obj
 0001:0000cf38       ??0bad_exception@std@@QEAA@AEBV01@@Z 000000018000df38 f i libvcruntime:frame.obj
 0001:0000cf78       ??0bad_exception@std@@QEAA@XZ 000000018000df78 f i libvcruntime:frame.obj
 0001:0000d8f4       ?_CallMemberFunction0@@YAXPEAXP6AX0@Z@Z 000000018000e8f4 f i libvcruntime:frame.obj
 0001:0000d8f8       ?_CallMemberFunction1@@YAXPEAXP6AX0@Z0@Z 000000018000e8f8 f i libvcruntime:frame.obj
 0001:0000d904       ?_CallMemberFunction2@@YAXPEAXP6AX0@Z0H@Z 000000018000e904 f i libvcruntime:frame.obj
 0001:0000d914       __AdjustPointer            000000018000e914 f   libvcruntime:frame.obj
 0001:0000d938       __BuildCatchObject         000000018000e938 f   libvcruntime:frame.obj
 0001:0000d9fc       __BuildCatchObjectHelper   000000018000e9fc f   libvcruntime:frame.obj
 0001:0000dbdc       __CxxCallCatchBlock        000000018000ebdc f   libvcruntime:frame.obj
 0001:0000ddc8       __FrameUnwindFilter        000000018000edc8 f   libvcruntime:frame.obj
 0001:0000de14       __FrameUnwindToState       000000018000ee14 f   libvcruntime:frame.obj
 0001:0000dfa8       __InternalCxxFrameHandler  000000018000efa8 f   libvcruntime:frame.obj
 0001:0000e200       __TypeMatch                000000018000f200 f   libvcruntime:frame.obj
 0001:0000e340       __std_terminate            000000018000f340 f   libvcruntime:frame.obj
 0001:0000e34c       ?_ExecutionInCatch@@YAHPEAU_xDISPATCHER_CONTEXT@@PEBU_s_FuncInfo@@@Z 000000018000f34c f   libvcruntime:trnsctrl.obj
 0001:0000e3c0       ?_GetEstablisherFrame@@YAPEA_KPEA_KPEAU_xDISPATCHER_CONTEXT@@PEBU_s_FuncInfo@@0@Z 000000018000f3c0 f   libvcruntime:trnsctrl.obj
 0001:0000e48c       ?_GetRangeOfTrysToCheck@@YAPEBU_s_TryBlockMapEntry@@PEA_KPEBU_s_FuncInfo@@HHPEAI2PEAU_xDISPATCHER_CONTEXT@@@Z 000000018000f48c f   libvcruntime:trnsctrl.obj
 0001:0000e5b8       ?__FrameUnwindToEmptyState@@YAXPEA_KPEAU_xDISPATCHER_CONTEXT@@PEBU_s_FuncInfo@@@Z 000000018000f5b8 f   libvcruntime:trnsctrl.obj
 0001:0000e64c       ?__SehTransFilter@@YAHPEAU_EXCEPTION_POINTERS@@PEAUEHExceptionRecord@@PEA_KPEAU_CONTEXT@@PEAU_xDISPATCHER_CONTEXT@@PEBU_s_FuncInfo@@PEAH@Z 000000018000f64c f   libvcruntime:trnsctrl.obj
 0001:0000e6e4       _CallSETranslator          000000018000f6e4 f   libvcruntime:trnsctrl.obj
 0001:0000e73c       _CreateFrameInfo           000000018000f73c f   libvcruntime:trnsctrl.obj
 0001:0000e778       _FindAndUnlinkFrame        000000018000f778 f   libvcruntime:trnsctrl.obj
 0001:0000e7d0       _GetImageBase              000000018000f7d0 f   libvcruntime:trnsctrl.obj
 0001:0000e7e4       _GetThrowImageBase         000000018000f7e4 f   libvcruntime:trnsctrl.obj
 0001:0000e7f8       _IsExceptionObjectToBeDestroyed 000000018000f7f8 f   libvcruntime:trnsctrl.obj
 0001:0000e828       _SetImageBase              000000018000f828 f   libvcruntime:trnsctrl.obj
 0001:0000e840       _SetThrowImageBase         000000018000f840 f   libvcruntime:trnsctrl.obj
 0001:0000e858       _UnwindNestedFrames        000000018000f858 f   libvcruntime:trnsctrl.obj
 0001:0000e97c       __CxxFrameHandler3         000000018000f97c f   libvcruntime:trnsctrl.obj
 0001:0000e9fc       __std_exception_copy       000000018000f9fc f   libvcruntime:std_exception.obj
 0001:0000ea8c       __std_exception_destroy    000000018000fa8c f   libvcruntime:std_exception.obj
 0001:0000eab4       _CxxThrowException         000000018000fab4 f   libvcruntime:throw.obj
 0001:0000eba0       memset                     000000018000fba0 f   libvcruntime:memset.obj
 0001:0000ed50       memcmp                     000000018000fd50 f   libvcruntime:memcmp.obj
 0001:0000eff0       __vcrt_FlsAlloc            000000018000fff0 f   libvcruntime:winapi_downlevel.obj
 0001:0000f044       __vcrt_FlsFree             0000000180010044 f   libvcruntime:winapi_downlevel.obj
 0001:0000f098       __vcrt_FlsGetValue         0000000180010098 f   libvcruntime:winapi_downlevel.obj
 0001:0000f0ec       __vcrt_FlsSetValue         00000001800100ec f   libvcruntime:winapi_downlevel.obj
 0001:0000f154       __vcrt_InitializeCriticalSectionEx 0000000180010154 f   libvcruntime:winapi_downlevel.obj
 0001:0000f1cc       __vcrt_initialize_winapi_thunks 00000001800101cc f   libvcruntime:winapi_downlevel.obj
 0001:0000f210       __vcrt_uninitialize_winapi_thunks 0000000180010210 f   libvcruntime:winapi_downlevel.obj
 0001:0000f250       __vcrt_initialize          0000000180010250 f   libvcruntime:initialization.obj
 0001:0000f284       __vcrt_thread_attach       0000000180010284 f   libvcruntime:initialization.obj
 0001:0000f298       __vcrt_thread_detach       0000000180010298 f   libvcruntime:initialization.obj
 0001:0000f2ac       __vcrt_uninitialize        00000001800102ac f   libvcruntime:initialization.obj
 0001:0000f2cc       __vcrt_uninitialize_critical 00000001800102cc f   libvcruntime:initialization.obj
 0001:0000f2dc       __C_specific_handler       00000001800102dc f   libvcruntime:_chandler_.obj
 0001:0000f4d8       __std_type_info_compare    00000001800104d8 f   libvcruntime:std_type_info.obj
 0001:0000f500       __std_type_info_destroy_list 0000000180010500 f   libvcruntime:std_type_info.obj
 0001:0000f52c       __vcrt_initialize_pure_virtual_call_handler 000000018001052c f   libvcruntime:purevirt_data.obj
 0001:0000f550       __vcrt_freefls             0000000180010550 f   libvcruntime:per_thread_data.obj
 0001:0000f570       __vcrt_freeptd             0000000180010570 f   libvcruntime:per_thread_data.obj
 0001:0000f5c0       __vcrt_getptd              00000001800105c0 f   libvcruntime:per_thread_data.obj
 0001:0000f5dc       __vcrt_getptd_noexit       00000001800105dc f   libvcruntime:per_thread_data.obj
 0001:0000f694       __vcrt_initialize_ptd      0000000180010694 f   libvcruntime:per_thread_data.obj
 0001:0000f6d4       __vcrt_uninitialize_ptd    00000001800106d4 f   libvcruntime:per_thread_data.obj
 0001:0000f6f8       ?__GetCurrentState@@YAHPEA_KPEAU_xDISPATCHER_CONTEXT@@PEBU_s_FuncInfo@@@Z 00000001800106f8 f   libvcruntime:ehstate.obj
 0001:0000f720       ?__GetUnwindTryBlock@@YAHPEA_KPEAU_xDISPATCHER_CONTEXT@@PEBU_s_FuncInfo@@@Z 0000000180010720 f   libvcruntime:ehstate.obj
 0001:0000f74c       ?__SetState@@YAXPEA_KPEAU_xDISPATCHER_CONTEXT@@PEBU_s_FuncInfo@@H@Z 000000018001074c f   libvcruntime:ehstate.obj
 0001:0000f758       ?__SetUnwindTryBlock@@YAXPEA_KPEAU_xDISPATCHER_CONTEXT@@PEBU_s_FuncInfo@@H@Z 0000000180010758 f   libvcruntime:ehstate.obj
 0001:0000f794       ?__StateFromControlPc@@YAHPEBU_s_FuncInfo@@PEAU_xDISPATCHER_CONTEXT@@@Z 0000000180010794 f   libvcruntime:ehstate.obj
 0001:0000f79c       ?__StateFromIp@@YAHPEBU_s_FuncInfo@@PEAU_xDISPATCHER_CONTEXT@@_J@Z 000000018001079c f   libvcruntime:ehstate.obj
 0001:0000f820       _CallSettingFrame          0000000180010820 f   libvcruntime:handlers.obj
 0001:0000f860       __except_validate_context_record 0000000180010860 f   libvcruntime:jbcxrval.obj
 0001:0000f8b0       _local_unwind              00000001800108b0 f   libvcruntime:_jmpuwind_.obj
 0001:0000f8e0       _NLG_Notify                00000001800108e0 f   libvcruntime:_jmpuwind_.obj
 0001:0000f900       __NLG_Dispatch2            0000000180010900 f   libvcruntime:_jmpuwind_.obj
 0001:0000f910       __NLG_Return2              0000000180010910 f   libvcruntime:_jmpuwind_.obj
 0001:0000f914       __vcrt_initialize_locks    0000000180010914 f   libvcruntime:locks.obj
 0001:0000f95c       __vcrt_uninitialize_locks  000000018001095c f   libvcruntime:locks.obj
 0001:0000f994       abort                      0000000180010994 f   libucrt:abort.obj
 0001:0000f9ec       calloc                     00000001800109ec f   libucrt:calloc.obj
 0001:0000f9f4       __acrt_call_reportfault    00000001800109f4 f   libucrt:invalid_parameter.obj
 0001:0000fb50       __acrt_initialize_invalid_parameter_handler 0000000180010b50 f   libucrt:invalid_parameter.obj
 0001:0000fb58       _invalid_parameter         0000000180010b58 f   libucrt:invalid_parameter.obj
 0001:0000fc08       _invalid_parameter_noinfo  0000000180010c08 f   libucrt:invalid_parameter.obj
 0001:0000fc28       _invalid_parameter_noinfo_noreturn 0000000180010c28 f   libucrt:invalid_parameter.obj
 0001:0000fc58       _invoke_watson             0000000180010c58 f   libucrt:invalid_parameter.obj
 0001:0000fca0       strcspn                    0000000180010ca0 f   libucrt:strcspn.obj
 0001:0000fd40       ??$?RV<lambda_0d412022a4b28cc8a401ea49574e8ae6>@@AEAV<lambda_a775ed57af18ba8e4d5dc780aa9068fe>@@V<lambda_975a71a6baa488a08f4e15f6b0339b9e>@@@?$__crt_seh_guarded_call@H@@QEAAH$$QEAV<lambda_0d412022a4b28cc8a401ea49574e8ae6>@@AEAV<lambda_a775ed57af18ba8e4d5dc780aa9068fe>@@$$QEAV<lambda_975a71a6baa488a08f4e15f6b0339b9e>@@@Z 0000000180010d40 f i libucrt:output.obj
 0001:00010120       ??$ensure_buffer_is_big_enough@D@formatting_buffer@__crt_stdio_output@@QEAA_N_K@Z 0000000180011120 f i libucrt:output.obj
 0001:000101cc       ??$is_wide_character_specifier@D@__crt_stdio_output@@YA_N_KDW4length_modifier@0@@Z 00000001800111cc f i libucrt:output.obj
 0001:000101fc       ??$is_wide_character_specifier@_W@__crt_stdio_output@@YA_N_K_WW4length_modifier@0@@Z 00000001800111fc f i libucrt:output.obj
 0001:00010240       ??$type_case_integer_parse_into_buffer@I@?$output_processor@DV?$string_output_adapter@D@__crt_stdio_output@@V?$format_validation_base@DV?$string_output_adapter@D@__crt_stdio_output@@@2@@__crt_stdio_output@@AEAAXII_N@Z 0000000180011240 f i libucrt:output.obj
 0001:000102dc       ??$type_case_integer_parse_into_buffer@I@?$output_processor@_WV?$stream_output_adapter@_W@__crt_stdio_output@@V?$standard_base@_WV?$stream_output_adapter@_W@__crt_stdio_output@@@2@@__crt_stdio_output@@AEAAXII_N@Z 00000001800112dc f i libucrt:output.obj
 0001:000102dc       ??$type_case_integer_parse_into_buffer@I@?$output_processor@_WV?$string_output_adapter@_W@__crt_stdio_output@@V?$standard_base@_WV?$string_output_adapter@_W@__crt_stdio_output@@@2@@__crt_stdio_output@@AEAAXII_N@Z 00000001800112dc f i libucrt:output.obj
 0001:00010388       ??$type_case_integer_parse_into_buffer@_K@?$output_processor@DV?$string_output_adapter@D@__crt_stdio_output@@V?$format_validation_base@DV?$string_output_adapter@D@__crt_stdio_output@@@2@@__crt_stdio_output@@AEAAX_KI_N@Z 0000000180011388 f i libucrt:output.obj
 0001:00010424       ??$type_case_integer_parse_into_buffer@_K@?$output_processor@_WV?$string_output_adapter@_W@__crt_stdio_output@@V?$standard_base@_WV?$string_output_adapter@_W@__crt_stdio_output@@@2@@__crt_stdio_output@@AEAAX_KI_N@Z 0000000180011424 f i libucrt:output.obj
 0001:00010424       ??$type_case_integer_parse_into_buffer@_K@?$output_processor@_WV?$stream_output_adapter@_W@__crt_stdio_output@@V?$standard_base@_WV?$stream_output_adapter@_W@__crt_stdio_output@@@2@@__crt_stdio_output@@AEAAX_KI_N@Z 0000000180011424 f i libucrt:output.obj
 0001:000104d0       ??$write_multiple_characters@V?$stream_output_adapter@_W@__crt_stdio_output@@D@__crt_stdio_output@@YAXAEBV?$stream_output_adapter@_W@0@DHQEAH@Z 00000001800114d0 f i libucrt:output.obj
 0001:00010560       ??$write_multiple_characters@V?$string_output_adapter@D@__crt_stdio_output@@D@__crt_stdio_output@@YAXAEBV?$string_output_adapter@D@0@DHQEAH@Z 0000000180011560 f i libucrt:output.obj
 0001:000105bc       ??$write_multiple_characters@V?$string_output_adapter@_W@__crt_stdio_output@@D@__crt_stdio_output@@YAXAEBV?$string_output_adapter@_W@0@DHQEAH@Z 00000001800115bc f i libucrt:output.obj
 0001:0001062c       ??0_LocaleUpdate@@QEAA@QEAU__crt_locale_pointers@@@Z 000000018001162c f i libucrt:output.obj
 0001:000107f0       ?force_decimal_point@__crt_stdio_output@@YAXPEADQEAU__crt_locale_pointers@@@Z 00000001800117f0 f i libucrt:output.obj
 0001:00010860       ?parse_int_from_format_string@?$output_processor@DV?$string_output_adapter@D@__crt_stdio_output@@V?$format_validation_base@DV?$string_output_adapter@D@__crt_stdio_output@@@2@@__crt_stdio_output@@AEAA_NQEAH@Z 0000000180011860 f i libucrt:output.obj
 0001:00010904       ?parse_int_from_format_string@?$output_processor@_WV?$stream_output_adapter@_W@__crt_stdio_output@@V?$standard_base@_WV?$stream_output_adapter@_W@__crt_stdio_output@@@2@@__crt_stdio_output@@AEAA_NQEAH@Z 0000000180011904 f i libucrt:output.obj
 0001:00010904       ?parse_int_from_format_string@?$output_processor@_WV?$string_output_adapter@_W@__crt_stdio_output@@V?$standard_base@_WV?$string_output_adapter@_W@__crt_stdio_output@@@2@@__crt_stdio_output@@AEAA_NQEAH@Z 0000000180011904 f i libucrt:output.obj
 0001:000109a8       ?process@?$output_processor@DV?$string_output_adapter@D@__crt_stdio_output@@V?$format_validation_base@DV?$string_output_adapter@D@__crt_stdio_output@@@2@@__crt_stdio_output@@QEAAHXZ 00000001800119a8 f i libucrt:output.obj
 0001:00010bc0       ?process@?$output_processor@_WV?$stream_output_adapter@_W@__crt_stdio_output@@V?$standard_base@_WV?$stream_output_adapter@_W@__crt_stdio_output@@@2@@__crt_stdio_output@@QEAAHXZ 0000000180011bc0 f i libucrt:output.obj
 0001:00010e3c       ?process@?$output_processor@_WV?$string_output_adapter@_W@__crt_stdio_output@@V?$standard_base@_WV?$string_output_adapter@_W@__crt_stdio_output@@@2@@__crt_stdio_output@@QEAAHXZ 0000000180011e3c f i libucrt:output.obj
 0001:000110bc       ?state_case_normal@?$output_processor@DV?$string_output_adapter@D@__crt_stdio_output@@V?$format_validation_base@DV?$string_output_adapter@D@__crt_stdio_output@@@2@@__crt_stdio_output@@AEAA_NXZ 00000001800120bc f i libucrt:output.obj
 0001:00011130       ?state_case_normal_tchar@?$output_processor@DV?$string_output_adapter@D@__crt_stdio_output@@V?$format_validation_base@DV?$string_output_adapter@D@__crt_stdio_output@@@2@@__crt_stdio_output@@AEAA_ND@Z 0000000180012130 f i libucrt:output.obj
 0001:000111c8       ?state_case_size@?$output_processor@DV?$string_output_adapter@D@__crt_stdio_output@@V?$format_validation_base@DV?$string_output_adapter@D@__crt_stdio_output@@@2@@__crt_stdio_output@@AEAA_NXZ 00000001800121c8 f i libucrt:output.obj
 0001:00011344       ?state_case_size@?$output_processor@_WV?$stream_output_adapter@_W@__crt_stdio_output@@V?$standard_base@_WV?$stream_output_adapter@_W@__crt_stdio_output@@@2@@__crt_stdio_output@@AEAA_NXZ 0000000180012344 f i libucrt:output.obj
 0001:000114e8       ?state_case_size@?$output_processor@_WV?$string_output_adapter@_W@__crt_stdio_output@@V?$standard_base@_WV?$string_output_adapter@_W@__crt_stdio_output@@@2@@__crt_stdio_output@@AEAA_NXZ 00000001800124e8 f i libucrt:output.obj
 0001:0001168c       ?state_case_type@?$output_processor@DV?$string_output_adapter@D@__crt_stdio_output@@V?$format_validation_base@DV?$string_output_adapter@D@__crt_stdio_output@@@2@@__crt_stdio_output@@AEAA_NXZ 000000018001268c f i libucrt:output.obj
 0001:00011908       ?state_case_type@?$output_processor@_WV?$stream_output_adapter@_W@__crt_stdio_output@@V?$standard_base@_WV?$stream_output_adapter@_W@__crt_stdio_output@@@2@@__crt_stdio_output@@AEAA_NXZ 0000000180012908 f i libucrt:output.obj
 0001:00011bd4       ?state_case_type@?$output_processor@_WV?$string_output_adapter@_W@__crt_stdio_output@@V?$standard_base@_WV?$string_output_adapter@_W@__crt_stdio_output@@@2@@__crt_stdio_output@@AEAA_NXZ 0000000180012bd4 f i libucrt:output.obj
 0001:00011ea0       ?type_case_Z@?$output_processor@DV?$string_output_adapter@D@__crt_stdio_output@@V?$format_validation_base@DV?$string_output_adapter@D@__crt_stdio_output@@@2@@__crt_stdio_output@@AEAA_NXZ 0000000180012ea0 f i libucrt:output.obj
 0001:00011f20       ?type_case_Z@?$output_processor@_WV?$string_output_adapter@_W@__crt_stdio_output@@V?$standard_base@_WV?$string_output_adapter@_W@__crt_stdio_output@@@2@@__crt_stdio_output@@AEAA_NXZ 0000000180012f20 f i libucrt:output.obj
 0001:00011f20       ?type_case_Z@?$output_processor@_WV?$stream_output_adapter@_W@__crt_stdio_output@@V?$standard_base@_WV?$stream_output_adapter@_W@__crt_stdio_output@@@2@@__crt_stdio_output@@AEAA_NXZ 0000000180012f20 f i libucrt:output.obj
 0001:00011fa0       ?type_case_a@?$output_processor@DV?$string_output_adapter@D@__crt_stdio_output@@V?$format_validation_base@DV?$string_output_adapter@D@__crt_stdio_output@@@2@@__crt_stdio_output@@AEAA_NXZ 0000000180012fa0 f i libucrt:output.obj
 0001:000121bc       ?type_case_a@?$output_processor@_WV?$string_output_adapter@_W@__crt_stdio_output@@V?$standard_base@_WV?$string_output_adapter@_W@__crt_stdio_output@@@2@@__crt_stdio_output@@AEAA_NXZ 00000001800131bc f i libucrt:output.obj
 0001:000121bc       ?type_case_a@?$output_processor@_WV?$stream_output_adapter@_W@__crt_stdio_output@@V?$standard_base@_WV?$stream_output_adapter@_W@__crt_stdio_output@@@2@@__crt_stdio_output@@AEAA_NXZ 00000001800131bc f i libucrt:output.obj
 0001:00012400       ?type_case_c_tchar@?$output_processor@DV?$string_output_adapter@D@__crt_stdio_output@@V?$format_validation_base@DV?$string_output_adapter@D@__crt_stdio_output@@@2@@__crt_stdio_output@@AEAA_ND@Z 0000000180013400 f i libucrt:output.obj
 0001:000124b4       ?type_case_c_tchar@?$output_processor@_WV?$string_output_adapter@_W@__crt_stdio_output@@V?$standard_base@_WV?$string_output_adapter@_W@__crt_stdio_output@@@2@@__crt_stdio_output@@AEAA_N_W@Z 00000001800134b4 f i libucrt:output.obj
 0001:000124b4       ?type_case_c_tchar@?$output_processor@_WV?$stream_output_adapter@_W@__crt_stdio_output@@V?$standard_base@_WV?$stream_output_adapter@_W@__crt_stdio_output@@@2@@__crt_stdio_output@@AEAA_N_W@Z 00000001800134b4 f i libucrt:output.obj
 0001:0001255c       ?type_case_integer@?$output_processor@DV?$string_output_adapter@D@__crt_stdio_output@@V?$format_validation_base@DV?$string_output_adapter@D@__crt_stdio_output@@@2@@__crt_stdio_output@@AEAA_NI_N@Z 000000018001355c f i libucrt:output.obj
 0001:00012700       ?type_case_integer@?$output_processor@_WV?$string_output_adapter@_W@__crt_stdio_output@@V?$standard_base@_WV?$string_output_adapter@_W@__crt_stdio_output@@@2@@__crt_stdio_output@@AEAA_NI_N@Z 0000000180013700 f i libucrt:output.obj
 0001:00012700       ?type_case_integer@?$output_processor@_WV?$stream_output_adapter@_W@__crt_stdio_output@@V?$standard_base@_WV?$stream_output_adapter@_W@__crt_stdio_output@@@2@@__crt_stdio_output@@AEAA_NI_N@Z 0000000180013700 f i libucrt:output.obj
 0001:000128ac       ?type_case_n@?$output_processor@_WV?$string_output_adapter@_W@__crt_stdio_output@@V?$standard_base@_WV?$string_output_adapter@_W@__crt_stdio_output@@@2@@__crt_stdio_output@@AEAA_NXZ 00000001800138ac f i libucrt:output.obj
 0001:000128ac       ?type_case_n@?$output_processor@_WV?$stream_output_adapter@_W@__crt_stdio_output@@V?$standard_base@_WV?$stream_output_adapter@_W@__crt_stdio_output@@@2@@__crt_stdio_output@@AEAA_NXZ 00000001800138ac f i libucrt:output.obj
 0001:000128ac       ?type_case_n@?$output_processor@DV?$string_output_adapter@D@__crt_stdio_output@@V?$format_validation_base@DV?$string_output_adapter@D@__crt_stdio_output@@@2@@__crt_stdio_output@@AEAA_NXZ 00000001800138ac f i libucrt:output.obj
 0001:00012988       ?type_case_s@?$output_processor@DV?$string_output_adapter@D@__crt_stdio_output@@V?$format_validation_base@DV?$string_output_adapter@D@__crt_stdio_output@@@2@@__crt_stdio_output@@AEAA_NXZ 0000000180013988 f i libucrt:output.obj
 0001:00012a18       ?type_case_s@?$output_processor@_WV?$stream_output_adapter@_W@__crt_stdio_output@@V?$standard_base@_WV?$stream_output_adapter@_W@__crt_stdio_output@@@2@@__crt_stdio_output@@AEAA_NXZ 0000000180013a18 f i libucrt:output.obj
 0001:00012a18       ?type_case_s@?$output_processor@_WV?$string_output_adapter@_W@__crt_stdio_output@@V?$standard_base@_WV?$string_output_adapter@_W@__crt_stdio_output@@@2@@__crt_stdio_output@@AEAA_NXZ 0000000180013a18 f i libucrt:output.obj
 0001:00012ae0       ?write_stored_string_tchar@?$output_processor@DV?$string_output_adapter@D@__crt_stdio_output@@V?$format_validation_base@DV?$string_output_adapter@D@__crt_stdio_output@@@2@@__crt_stdio_output@@AEAA_ND@Z 0000000180013ae0 f i libucrt:output.obj
 0001:00012bb8       ?write_stored_string_tchar@?$output_processor@_WV?$stream_output_adapter@_W@__crt_stdio_output@@V?$standard_base@_WV?$stream_output_adapter@_W@__crt_stdio_output@@@2@@__crt_stdio_output@@AEAA_N_W@Z 0000000180013bb8 f i libucrt:output.obj
 0001:00012ca4       ?write_stored_string_tchar@?$output_processor@_WV?$string_output_adapter@_W@__crt_stdio_output@@V?$standard_base@_WV?$string_output_adapter@_W@__crt_stdio_output@@@2@@__crt_stdio_output@@AEAA_N_W@Z 0000000180013ca4 f i libucrt:output.obj
 0001:00012d94       ?write_string@?$stream_output_adapter@_W@__crt_stdio_output@@QEBAXQEB_WHQEAHAEAV__crt_deferred_errno_cache@@@Z 0000000180013d94 f i libucrt:output.obj
 0001:00012ecc       ?write_string@?$string_output_adapter@D@__crt_stdio_output@@QEBAXQEBDHQEAHAEAV__crt_deferred_errno_cache@@@Z 0000000180013ecc f i libucrt:output.obj
 0001:00012f70       ?write_string@?$string_output_adapter@_W@__crt_stdio_output@@QEBAXQEB_WHQEAHAEAV__crt_deferred_errno_cache@@@Z 0000000180013f70 f i libucrt:output.obj
 0001:00013018       __stdio_common_vfwprintf   0000000180014018 f   libucrt:output.obj
 0001:000130a4       __stdio_common_vsprintf_s  00000001800140a4 f   libucrt:output.obj
 0001:00013108       __stdio_common_vswprintf   0000000180014108 f   libucrt:output.obj
 0001:00013110       localeconv                 0000000180014110 f   libucrt:localeconv.obj
 0001:00013144       __acrt_errno_from_os_error 0000000180014144 f   libucrt:errno.obj
 0001:0001318c       __acrt_errno_map_os_error  000000018001418c f   libucrt:errno.obj
 0001:000131dc       __doserrno                 00000001800141dc f   libucrt:errno.obj
 0001:000131fc       _errno                     00000001800141fc f   libucrt:errno.obj
 0001:0001321c       ??$is_overflow_condition@K@__crt_strtox@@YA_NIK@Z 000000018001421c f i libucrt:strtox.obj
 0001:00013248       ??$parse_integer@KV?$c_string_character_source@D@__crt_strtox@@@__crt_strtox@@YAKQEAU__crt_locale_pointers@@V?$c_string_character_source@D@0@H_N@Z 0000000180014248 f i libucrt:strtox.obj
 0001:0001355c       ??$parse_integer@KV?$c_string_character_source@_W@__crt_strtox@@@__crt_strtox@@YAKQEAU__crt_locale_pointers@@V?$c_string_character_source@_W@0@H_N@Z 000000018001455c f i libucrt:strtox.obj
 0001:00013c30       strtol                     0000000180014c30 f   libucrt:strtox.obj
 0001:00013c60       wcstol                     0000000180014c60 f   libucrt:strtox.obj
 0001:00013c90       free                       0000000180014c90 f   libucrt:free.obj
 0001:00013ca4       frexp                      0000000180014ca4 f   libucrt:frexp.obj
 0001:00013d9c       round                      0000000180014d9c f   libucrt:round.obj
 0001:000147ec       ??$ftprintf@PEAU_iobuf@@PEB_WAEBQEB_WAEBQEB_WAEBI@?$__crt_char_traits@_W@@SAH$$QEAPEAU_iobuf@@$$QEAPEB_WAEBQEB_W2AEBI@Z 00000001800157ec f i libucrt:assert.obj
 0001:00014814       _wassert                   0000000180015814 f   libucrt:assert.obj
 0001:00014898       fwprintf                   0000000180015898 f i libucrt:assert.obj
 0001:000148dc       swprintf                   00000001800158dc f i libucrt:assert.obj
 0001:00014930       __ascii_stricmp            0000000180015930 f   libucrt:stricmp.obj
 0001:0001496c       _stricmp                   000000018001596c f   libucrt:stricmp.obj
 0001:000149b4       _stricmp_l                 00000001800159b4 f   libucrt:stricmp.obj
 0001:00014a68       __acrt_initialize_locks    0000000180015a68 f   libucrt:locks.obj
 0001:00014ab0       __acrt_lock                0000000180015ab0 f   libucrt:locks.obj
 0001:00014acc       __acrt_uninitialize_locks  0000000180015acc f   libucrt:locks.obj
 0001:00014b04       __acrt_unlock              0000000180015b04 f   libucrt:locks.obj
 0001:00014b20       _lock_locales              0000000180015b20 f   libucrt:locks.obj
 0001:00014b30       _unlock_locales            0000000180015b30 f   libucrt:locks.obj
 0001:00014b40       malloc                     0000000180015b40 f   libucrt:malloc.obj
 0001:00014b48       ??$?RV<lambda_9bd929c17696992ce54f1d748594fc62>@@AEAV<lambda_082c17da81b0962e08c0587ee0fac50c>@@V<lambda_9c08ac857f4975304d44e9f601d9b878>@@@?$__crt_seh_guarded_call@PEAD@@QEAAPEAD$$QEAV<lambda_9bd929c17696992ce54f1d748594fc62>@@AEAV<lambda_082c17da81b0962e08c0587ee0fac50c>@@$$QEAV<lambda_9c08ac857f4975304d44e9f601d9b878>@@@Z 0000000180015b48 f i libucrt:setlocale.obj
 0001:00014e50       setlocale                  0000000180015e50 f   libucrt:setlocale.obj
 0001:00014e9c       _calloc_base               0000000180015e9c f   libucrt:calloc_base.obj
 0001:00014f14       __pctype_func              0000000180015f14 f   libucrt:ctype.obj
 0001:00014f44       isdigit                    0000000180015f44 f i libucrt:_ctype.obj
 0001:00014fb8       islower                    0000000180015fb8 f i libucrt:_ctype.obj
 0001:0001502c       isupper                    000000018001602c f i libucrt:_ctype.obj
 0001:000150a0       _wcsdup                    00000001800160a0 f   libucrt:wcsdup.obj
 0001:00015124       ___lc_codepage_func        0000000180016124 f   libucrt:initctype.obj
 0001:00015154       ___lc_locale_name_func     0000000180016154 f   libucrt:initctype.obj
 0001:00015188       ___mb_cur_max_func         0000000180016188 f   libucrt:initctype.obj
 0001:000151b8       __acrt_locale_initialize_ctype 00000001800161b8 f   libucrt:initctype.obj
 0001:00015810       _ismbblead                 0000000180016810 f   libucrt:ismbbyte.obj
 0001:00015824       _malloc_base               0000000180016824 f   libucrt:malloc_base.obj
 0001:00015884       _realloc_base              0000000180016884 f   libucrt:realloc_base.obj
 0001:00015910       ?divide@__crt_strtox@@YA_KAEAUbig_integer@1@AEBU21@@Z 0000000180016910 f i libucrt:strtod.obj
 0001:00015de0       pow                        0000000180016de0 f   libucrt:pow.obj
 0001:00017480       powf                       0000000180018480 f   libucrt:powf.obj
 0001:00018348       __strncnt                  0000000180019348 f   libucrt:strncnt.obj
 0001:00018360       _free_base                 0000000180019360 f   libucrt:free_base.obj
[...]
 0004:00002100       $pdata$TranslateName       0000000180045100     libucrt:get_qualified_locale.obj
 0004:0000210c       $pdata$__acrt_get_qualified_locale 000000018004510c     libucrt:get_qualified_locale.obj
 0004:00002118       $pdata$CountryEnumProc     0000000180045118     libucrt:getqloc_downlevel.obj
 0004:00002124       $pdata$GetLcidFromLangCountry 0000000180045124     libucrt:getqloc_downlevel.obj
 0004:00002130       $pdata$GetLcidFromLanguage 0000000180045130     libucrt:getqloc_downlevel.obj
 0004:0000213c       $pdata$LangCountryEnumProc 000000018004513c     libucrt:getqloc_downlevel.obj
 0004:00002148       $pdata$LanguageEnumProc    0000000180045148     libucrt:getqloc_downlevel.obj
 0004:00002154       $pdata$ProcessCodePage     0000000180045154     libucrt:getqloc_downlevel.obj
 0004:00002160       $pdata$TestDefaultLanguage 0000000180045160     libucrt:getqloc_downlevel.obj
 0004:0000216c       $pdata$TranslateName       000000018004516c     libucrt:getqloc_downlevel.obj
 0004:00002178       $pdata$__acrt_get_qualified_locale_downlevel 0000000180045178     libucrt:getqloc_downlevel.obj
 0004:00002184       $pdata$__acrt_lowio_create_handle_array 0000000180045184     libucrt:osfinfo.obj
 0004:00002190       $pdata$__acrt_lowio_destroy_handle_array 0000000180045190     libucrt:osfinfo.obj
 0004:0000219c       $pdata$__acrt_lowio_ensure_fh_exists 000000018004519c     libucrt:osfinfo.obj
 0004:000021a8       $pdata$_free_osfhnd        00000001800451a8     libucrt:osfinfo.obj
 0004:000021b4       $pdata$_get_osfhandle      00000001800451b4     libucrt:osfinfo.obj
 0004:000021cc       $pdata$_getfpcontrolword   00000001800451cc     libucrt:_fenvutils.obj
 0004:000021d8       $pdata$_getfpstatusword    00000001800451d8     libucrt:_fenvutils.obj
 0004:000021e4       $pdata$_setfpstatusword    00000001800451e4     libucrt:_fenvutils.obj
 0004:000021f0       $pdata$??$?RV<lambda_a37b2b86f63e897a80ea819b0eb08c01>@@AEAV<lambda_38ce7e780aa69e748d6df282ebc68efe>@@V<lambda_99fb1378e971ab6e7edea83e3a7a83a2>@@@?$__crt_seh_guarded_call@H@@QEAAH$$QEAV<lambda_a37b2b86f63e897a80ea819b0eb08c01>@@AEAV<lambda_38ce7e780aa69e748d6df282ebc68efe>@@$$QEAV<lambda_99fb1378e971ab6e7edea83e3a7a83a2>@@@Z 00000001800451f0     libucrt:commit.obj
 0004:000021fc       $pdata$_commit             00000001800451fc     libucrt:commit.obj
 0004:00002208       $pdata$?write_double_translated_ansi_nolock@@YA?AUwrite_result@?A0x17268360@@HQEBDI@Z 0000000180045208     libucrt:write.obj
 0004:00002214       $pdata$?write_text_ansi_nolock@@YA?AUwrite_result@?A0x17268360@@HQEBDI@Z 0000000180045214     libucrt:write.obj
 0004:00002220       $pdata$?write_text_utf16le_nolock@@YA?AUwrite_result@?A0x17268360@@HQEBDI@Z 0000000180045220     libucrt:write.obj
 0004:0000222c       $pdata$?write_text_utf8_nolock@@YA?AUwrite_result@?A0x17268360@@HQEBDI@Z 000000018004522c     libucrt:write.obj
 0004:00002238       $pdata$_write              0000000180045238     libucrt:write.obj
 0004:00002244       $pdata$_write_nolock       0000000180045244     libucrt:write.obj
 0004:00002250       $pdata$?GetTableIndexFromLocaleName@@YAHPEB_W@Z 0000000180045250     libucrt:lcidtoname_downlevel.obj
 0004:0000225c       $pdata$__acrt_DownlevelLCIDToLocaleName 000000018004525c     libucrt:lcidtoname_downlevel.obj
 0004:00002268       $pdata$__acrt_DownlevelLocaleNameToLCID 0000000180045268     libucrt:lcidtoname_downlevel.obj
 0004:00002274       $pdata$strncpy_s           0000000180045274     libucrt:strncpy_s.obj
 0004:00002280       $pdata$_call_matherr       0000000180045280     libucrt:libm_error.obj
 0004:0000228c       $pdata$_exception_enabled  000000018004528c     libucrt:libm_error.obj
 0004:00002298       $pdata$_handle_error       0000000180045298     libucrt:libm_error.obj
 0004:000022a4       $pdata$_handle_errorf      00000001800452a4     libucrt:libm_error.obj
 0004:000022b0       $pdata$_towlower_l         00000001800452b0     libucrt:towlower.obj
 0004:000022bc       $pdata$?shortsort@@YAXPEAD0_KP6AHPEBX2@Z@Z 00000001800452bc     libucrt:qsort.obj
 0004:000022c8       $pdata$2$?shortsort@@YAXPEAD0_KP6AHPEBX2@Z@Z 00000001800452c8     libucrt:qsort.obj
 0004:000022d4       $pdata$3$?shortsort@@YAXPEAD0_KP6AHPEBX2@Z@Z 00000001800452d4     libucrt:qsort.obj
 0004:000022e0       $pdata$qsort               00000001800452e0     libucrt:qsort.obj
 0004:000022ec       $pdata$4$qsort             00000001800452ec     libucrt:qsort.obj
 0004:000022f8       $pdata$5$qsort             00000001800452f8     libucrt:qsort.obj
 0004:00002304       $pdata$strpbrk             0000000180045304     libucrt:strpbrk.obj
 0004:00002310       $pdata$_mbsdec_l           0000000180045310     libucrt:mbsdec.obj
 0004:0000231c       $pdata$?initialize_multibyte@@YAHXZ 000000018004531c     libucrt:multibyte_initializer.obj
 0004:00002328       $pdata$_msize_base         0000000180045328     libucrt:msize.obj
 0004:00002334       $pdata$fegetenv            0000000180045334     libucrt:fegetenv.obj
 0004:00002340       $pdata$fesetenv            0000000180045340     libucrt:fesetenv.obj
 0004:0000234c       $pdata$feholdexcept        000000018004534c     libucrt:feholdexcept.obj
 0004:00002364       $pdata$??$common_lseek@_J@@YA_JH_JH@Z 0000000180045364     libucrt:lseek.obj
 0004:00002370       $pdata$??$common_lseek_nolock@_J@@YA_JH_JH@Z 0000000180045370     libucrt:lseek.obj
 0004:0000237c       $pdata$__acrt_stdio_allocate_buffer_nolock 000000018004537c     libucrt:_getbuf.obj
 0004:00002388       $pdata$_fclose_nolock      0000000180045388     libucrt:fclose.obj
 0004:00002394       $pdata$fclose              0000000180045394     libucrt:fclose.obj
 0004:000023a0       $pdata$_wcsnicmp           00000001800453a0     libucrt:wcsnicmp.obj
 0004:000023ac       $pdata$_wcsnicmp_l         00000001800453ac     libucrt:wcsnicmp.obj
 0004:000023b8       $pdata$_clearfp            00000001800453b8     libucrt:ieee.obj
 0004:000023c4       $pdata$common_control87    00000001800453c4     libucrt:ieee.obj
 0004:000023d0       $pdata$_putwch_nolock      00000001800453d0     libucrt:putwch.obj
 0004:000023dc       $pdata$__acrt_LCMapStringW 00000001800453dc     libucrt:lcmapstringw.obj
 0004:000023e8       $pdata$_log10_special      00000001800453e8     libucrt:log_special.obj
 0004:000023f4       $pdata$_log_special_common 00000001800453f4     libucrt:log_special.obj
 0004:00002400       $pdata$??$?RV<lambda_751a882b2c74d4b022dec766aa51a29a>@@AEAV<lambda_628dfdc04ba53c8bfc02c9951375f3f5>@@V<lambda_f6c7be5f7998530c34de24c7437d6b54>@@@?$__crt_seh_guarded_call@H@@QEAAH$$QEAV<lambda_751a882b2c74d4b022dec766aa51a29a>@@AEAV<lambda_628dfdc04ba53c8bfc02c9951375f3f5>@@$$QEAV<lambda_f6c7be5f7998530c34de24c7437d6b54>@@@Z 0000000180045400     libucrt:close.obj
 0004:0000240c       $pdata$_close              000000018004540c     libucrt:close.obj
 0004:00002418       $pdata$_close_nolock       0000000180045418     libucrt:close.obj
 0004:00002424       $pdata$__dcrt_lowio_initialize_console_output 0000000180045424     libucrt:initcon.obj
 0004:00002430       $pdata$__dcrt_terminate_console_output 0000000180045430     libucrt:initcon.obj
 0004:0000243c       $pdata$?DloadAcquireSectionWriteAccess@@YAXXZ 000000018004543c     DelayImp:delayhlp.obj
 0004:00002448       $pdata$?DloadGetSRWLockFunctionPointers@@YAEXZ 0000000180045448     DelayImp:delayhlp.obj
 0004:00002454       $pdata$?DloadMakePermanentImageCommit@@YAXPEAX_K@Z 0000000180045454     DelayImp:delayhlp.obj
 0004:00002460       $pdata$?DloadObtainSection@@YAPEAXPEAK0@Z 0000000180045460     DelayImp:delayhlp.obj
 0004:0000246c       $pdata$?DloadProtectSection@@YAXKPEAK@Z 000000018004546c     DelayImp:delayhlp.obj
 0004:00002478       $pdata$?DloadReleaseSectionWriteAccess@@YAXXZ 0000000180045478     DelayImp:delayhlp.obj
 0004:00002484       $pdata$__delayLoadHelper2  0000000180045484     DelayImp:delayhlp.obj
 0004:00002490       $pdata$_IsNonwritableInCurrentImage 0000000180045490     LIBCMT:pesect.obj
 0004:0000249c       $pdata$strrchr             000000018004549c     libvcruntime:strrchr.obj
 0004:000024a8       $pdata$wcschr              00000001800454a8     libvcruntime:wcschr.obj
 0004:000024c0       $pdata$__scrt_is_nonwritable_in_current_image$filt$0 00000001800454c0     LIBCMT:utility.obj
 0004:000024cc       $pdata$?fin$0@?0??dllmain_crt_process_attach@@YAHQEAUHINSTANCE__@@QEAX@Z@4HA 00000001800454cc     LIBCMT:dll_dllmain.obj
 0004:000024d8       $pdata$?fin$0@?0??dllmain_crt_process_detach@@YAH_N@Z@4HA 00000001800454d8     LIBCMT:dll_dllmain.obj
 0004:000024e4       $pdata$?filt$0@?0??dllmain_dispatch@@YAHQEAUHINSTANCE__@@KQEAX@Z@4HA 00000001800454e4     LIBCMT:dll_dllmain.obj
 0004:000024f0       $pdata$__CxxCallCatchBlock$filt$0 00000001800454f0     libvcruntime:frame.obj
 0004:000024fc       $pdata$__CxxCallCatchBlock$fin$1 00000001800454fc     libvcruntime:frame.obj
 0004:00002508       $pdata$__DestructExceptionObject$filt$0 0000000180045508     libvcruntime:frame.obj
 0004:00002514       $pdata$__FrameUnwindToState$filt$0 0000000180045514     libvcruntime:frame.obj
 0004:00002520       $pdata$__FrameUnwindToState$fin$1 0000000180045520     libvcruntime:frame.obj
 0004:0000252c       $pdata$_CallSETranslator$filt$0 000000018004552c     libvcruntime:trnsctrl.obj
 0004:00002538       $pdata$_query_new_handler$fin$0 0000000180045538     libucrt:new_handler.obj
 0004:00002544       $pdata$?filt$0@?0???R<lambda_6e4b09c48022b2350581041d5f6b0c4c>@@QEBA@XZ@4HA 0000000180045544     libucrt:exit.obj
 0004:00002550       $pdata$raise$fin$0         0000000180045550     libucrt:signal.obj
 0004:0000255c       $pdata$?fin$0@?0???$?RV<lambda_d80eeec6fff315bfe5c115232f3240e3>@@AEAV<lambda_6e4b09c48022b2350581041d5f6b0c4c>@@V<lambda_2358e3775559c9db80273638284d5e45>@@@?$__crt_seh_guarded_call@X@@QEAAX$$QEAV<lambda_d80eeec6fff315bfe5c115232f3240e3>@@AEAV<lambda_6e4b09c48022b2350581041d5f6b0c4c>@@$$QEAV<lambda_2358e3775559c9db80273638284d5e45>@@@Z@4HA 000000018004555c     libucrt:exit.obj
 0004:0000255c       $pdata$?fin$0@?0???$?RV<lambda_638799b9deba96c50f710eeac98168cd>@@AEAV<lambda_22ebabd17bc4fa466a2aca6d8deb888d>@@V<lambda_a6f7d7db0129f75315ebf26d50c089f1>@@@?$__crt_seh_guarded_call@H@@QEAAH$$QEAV<lambda_638799b9deba96c50f710eeac98168cd>@@AEAV<lambda_22ebabd17bc4fa466a2aca6d8deb888d>@@$$QEAV<lambda_a6f7d7db0129f75315ebf26d50c089f1>@@@Z@4HA 000000018004555c     libucrt:onexit.obj
 0004:0000255c       $pdata$?fin$0@?0???$?RV<lambda_efdfa57d1f175319df784efa44bb7b81>@@AEAV<lambda_5f0a4c1567f8adc6734073e5d1e1b35c>@@V<lambda_2e8a7d3640ea6ccb4c2413664c2db6fd>@@@?$__crt_seh_guarded_call@X@@QEAAX$$QEAV<lambda_efdfa57d1f175319df784efa44bb7b81>@@AEAV<lambda_5f0a4c1567f8adc6734073e5d1e1b35c>@@$$QEAV<lambda_2e8a7d3640ea6ccb4c2413664c2db6fd>@@@Z@4HA 000000018004555c     libucrt:mbctype.obj
 0004:0000255c       $pdata$?fin$0@?0???$?RV<lambda_2d41944a1d46af3157314b8a01080d33>@@AEAV<lambda_8f455de75cd7d7f24b4096f044d8b9e6>@@V<lambda_aa500f224e6afead328df44964fe2772>@@@?$__crt_seh_guarded_call@X@@QEAAX$$QEAV<lambda_2d41944a1d46af3157314b8a01080d33>@@AEAV<lambda_8f455de75cd7d7f24b4096f044d8b9e6>@@$$QEAV<lambda_aa500f224e6afead328df44964fe2772>@@@Z@4HA 000000018004555c     libucrt:per_thread_data.obj
 0004:0000255c       $pdata$?fin$0@?0???$?RV<lambda_f2e299630e499de9f9a165e60fcd3db5>@@AEAV<lambda_2ae9d31cdba2644fcbeaf08da7c24588>@@V<lambda_40d01ff24d0e7b3814fdbdcee8eab3c7>@@@?$__crt_seh_guarded_call@X@@QEAAX$$QEAV<lambda_f2e299630e499de9f9a165e60fcd3db5>@@AEAV<lambda_2ae9d31cdba2644fcbeaf08da7c24588>@@$$QEAV<lambda_40d01ff24d0e7b3814fdbdcee8eab3c7>@@@Z@4HA 000000018004555c     libucrt:per_thread_data.obj
 0004:0000255c       $pdata$?fin$0@?0???$?RV<lambda_aa87e3671a710a21b5dc78c0bdf72e11>@@AEAV<lambda_92619d2358a28f41a33ba319515a20b9>@@V<lambda_6992ecaafeb10aed2b74cb1fae11a551>@@@?$__crt_seh_guarded_call@X@@QEAAX$$QEAV<lambda_aa87e3671a710a21b5dc78c0bdf72e11>@@AEAV<lambda_92619d2358a28f41a33ba319515a20b9>@@$$QEAV<lambda_6992ecaafeb10aed2b74cb1fae11a551>@@@Z@4HA 000000018004555c     libucrt:per_thread_data.obj
 0004:0000255c       $pdata$?fin$0@?0???$?RV<lambda_450d765d439847d4c735a33c368b5fc0>@@AEAV<lambda_44731a7d0e6d81c3e6aa82d741081786>@@V<lambda_601a2a7da3b7a96e9554ac7215c4b07c>@@@?$__crt_seh_guarded_call@P6AXH@Z@@QEAAP6AXH@Z$$QEAV<lambda_450d765d439847d4c735a33c368b5fc0>@@AEAV<lambda_44731a7d0e6d81c3e6aa82d741081786>@@$$QEAV<lambda_601a2a7da3b7a96e9554ac7215c4b07c>@@@Z@4HA 000000018004555c     libucrt:signal.obj
 0004:0000255c       $pdata$?fin$0@?0???$?RV<lambda_0ae27a3a962d80f24befdcbee591983d>@@AEAV<lambda_8d0ee55de4b1038c4002e0adecdf1839>@@V<lambda_dc504788e8f1664fe9b84e20bfb512f2>@@@?$__crt_seh_guarded_call@X@@QEAAX$$QEAV<lambda_0ae27a3a962d80f24befdcbee591983d>@@AEAV<lambda_8d0ee55de4b1038c4002e0adecdf1839>@@$$QEAV<lambda_dc504788e8f1664fe9b84e20bfb512f2>@@@Z@4HA 000000018004555c     libucrt:per_thread_data.obj
 0004:0000255c       $pdata$?fin$0@?0???$?RV<lambda_9bd929c17696992ce54f1d748594fc62>@@AEAV<lambda_082c17da81b0962e08c0587ee0fac50c>@@V<lambda_9c08ac857f4975304d44e9f601d9b878>@@@?$__crt_seh_guarded_call@PEAD@@QEAAPEAD$$QEAV<lambda_9bd929c17696992ce54f1d748594fc62>@@AEAV<lambda_082c17da81b0962e08c0587ee0fac50c>@@$$QEAV<lambda_9c08ac857f4975304d44e9f601d9b878>@@@Z@4HA 000000018004555c     libucrt:setlocale.obj
 0004:0000255c       $pdata$?fin$0@?0???$?RV<lambda_7777bce6b2f8c936911f934f8298dc43>@@AEAV<lambda_f03950bc5685219e0bcd2087efbe011e>@@V<lambda_3883c3dff614d5e0c5f61bb1ac94921c>@@@?$__crt_seh_guarded_call@H@@QEAAH$$QEAV<lambda_7777bce6b2f8c936911f934f8298dc43>@@AEAV<lambda_f03950bc5685219e0bcd2087efbe011e>@@$$QEAV<lambda_3883c3dff614d5e0c5f61bb1ac94921c>@@@Z@4HA 000000018004555c     libucrt:onexit.obj
 0004:0000255c       $pdata$?fin$0@?0???$?RV<lambda_bd00b5aa228bd7e7e5b2b5db5fd2933b>@@AEAV<lambda_777d11615145f89ee95b9466d285deeb>@@V<lambda_6e5e48fbd24f9f8f81b203eb3d877683>@@@?$__crt_seh_guarded_call@H@@QEAAH$$QEAV<lambda_bd00b5aa228bd7e7e5b2b5db5fd2933b>@@AEAV<lambda_777d11615145f89ee95b9466d285deeb>@@$$QEAV<lambda_6e5e48fbd24f9f8f81b203eb3d877683>@@@Z@4HA 000000018004555c     libucrt:winapi_thunks.obj
 0004:0000255c       $pdata$?fin$0@?0???$?RV<lambda_9529fede68560d7205a1271ab16b352e>@@AEAV<lambda_ebf8c556deb379764da826e7bb46e993>@@V<lambda_db92443d3c9ace7c8a20b950bb983b5a>@@@?$__crt_seh_guarded_call@X@@QEAAX$$QEAV<lambda_9529fede68560d7205a1271ab16b352e>@@AEAV<lambda_ebf8c556deb379764da826e7bb46e993>@@$$QEAV<lambda_db92443d3c9ace7c8a20b950bb983b5a>@@@Z@4HA 000000018004555c     libucrt:wsetlocale.obj
 0004:00002568       $pdata$?fin$0@?0???$?RV<lambda_410d79af7f07d98d83a3f525b3859a53>@@AEAV<lambda_3e16ef9562a7dcce91392c22ab16ea36>@@V<lambda_38119f0e861e05405d8a144b9b982f0a>@@@?$__crt_seh_guarded_call@X@@QEAAX$$QEAV<lambda_410d79af7f07d98d83a3f525b3859a53>@@AEAV<lambda_3e16ef9562a7dcce91392c22ab16ea36>@@$$QEAV<lambda_38119f0e861e05405d8a144b9b982f0a>@@@Z@4HA 0000000180045568     libucrt:wsetlocale.obj
 0004:00002574       $pdata$?fin$0@?0???$?RV<lambda_d8a01803c7231904df012bb083be9e3a>@@AEAV<lambda_b163b37eafe0a13f2c371fafeb0365c9>@@AEAV<lambda_8dff2cf36a5417162780cd64fa2883ef>@@@?$__crt_seh_guarded_call@X@@QEAAX$$QEAV<lambda_d8a01803c7231904df012bb083be9e3a>@@AEAV<lambda_b163b37eafe0a13f2c371fafeb0365c9>@@AEAV<lambda_8dff2cf36a5417162780cd64fa2883ef>@@@Z@4HA 0000000180045574     libucrt:wsetlocale.obj
 0004:00002580       $pdata$?fin$0@?0???$?RV<lambda_886d6c58226a84441f68b9f2b8217b83>@@AEAV<lambda_ab61a845afdef5b7c387490eaf3616ee>@@V<lambda_f7f22ab5edc0698d5f6905b0d3f44752>@@@?$__crt_seh_guarded_call@X@@QEAAX$$QEAV<lambda_886d6c58226a84441f68b9f2b8217b83>@@AEAV<lambda_ab61a845afdef5b7c387490eaf3616ee>@@$$QEAV<lambda_f7f22ab5edc0698d5f6905b0d3f44752>@@@Z@4HA 0000000180045580     libucrt:fflush.obj
 0004:0000258c       $pdata$?fin$0@?0???$?RV<lambda_c376a267cfb53b6959b3b692ec76b120>@@AEAV<lambda_9a32fed5bf61b6b509b2d3f6003082a1>@@V<lambda_572fbb9fa0ab338edf41edfd4b5fcc8d>@@@?$__crt_seh_guarded_call@H@@QEAAH$$QEAV<lambda_c376a267cfb53b6959b3b692ec76b120>@@AEAV<lambda_9a32fed5bf61b6b509b2d3f6003082a1>@@$$QEAV<lambda_572fbb9fa0ab338edf41edfd4b5fcc8d>@@@Z@4HA 000000018004558c     libucrt:fflush.obj
 0004:0000258c       $pdata$?fin$0@?0???$?RV<lambda_84ec643ea9557e2f7dc01bb0e9624395>@@AEAV<lambda_ca71763b3c0644891230e4f79ea54fa6>@@V<lambda_439a761618c59b0600e24586724d733b>@@@?$__crt_seh_guarded_call@H@@QEAAH$$QEAV<lambda_84ec643ea9557e2f7dc01bb0e9624395>@@AEAV<lambda_ca71763b3c0644891230e4f79ea54fa6>@@$$QEAV<lambda_439a761618c59b0600e24586724d733b>@@@Z@4HA 000000018004558c     libucrt:setvbuf.obj
 0004:0000258c       $pdata$?fin$0@?0???$?RV<lambda_0d412022a4b28cc8a401ea49574e8ae6>@@AEAV<lambda_a775ed57af18ba8e4d5dc780aa9068fe>@@V<lambda_975a71a6baa488a08f4e15f6b0339b9e>@@@?$__crt_seh_guarded_call@H@@QEAAH$$QEAV<lambda_0d412022a4b28cc8a401ea49574e8ae6>@@AEAV<lambda_a775ed57af18ba8e4d5dc780aa9068fe>@@$$QEAV<lambda_975a71a6baa488a08f4e15f6b0339b9e>@@@Z@4HA 000000018004558c     libucrt:output.obj
 0004:0000258c       $pdata$?fin$0@?0???$?RV<lambda_842d9ff0dc9ef11c61343bbaebe7f885>@@AEAV<lambda_c5860995281e5c4ce005b3de8f5874ee>@@V<lambda_d90129c13df834fdcbf8d2b88dafcf2d>@@@?$__crt_seh_guarded_call@X@@QEAAX$$QEAV<lambda_842d9ff0dc9ef11c61343bbaebe7f885>@@AEAV<lambda_c5860995281e5c4ce005b3de8f5874ee>@@$$QEAV<lambda_d90129c13df834fdcbf8d2b88dafcf2d>@@@Z@4HA 000000018004558c     libucrt:fflush.obj
 0004:00002598       $pdata$?fin$0@?0??update_thread_multibyte_data_internal@@YAPEAU__crt_multibyte_data@@QEAU__acrt_ptd@@QEAU1@@Z@4HA 0000000180045598     libucrt:mbctype.obj
 0004:000025a4       $pdata$__acrt_update_thread_locale_data$fin$0 00000001800455a4     libucrt:locale_refcounting.obj
 0004:000025b0       $pdata$_fcloseall$fin$0    00000001800455b0     libucrt:closeall.obj
 0004:000025bc       $pdata$__acrt_lowio_ensure_fh_exists$fin$0 00000001800455bc     libucrt:osfinfo.obj
 0004:000025bc       $pdata$__acrt_initialize_lowio$fin$0 00000001800455bc     libucrt:ioinit.obj
 0004:000025c8       $pdata$?fin$0@?0???$?RV<lambda_a37b2b86f63e897a80ea819b0eb08c01>@@AEAV<lambda_38ce7e780aa69e748d6df282ebc68efe>@@V<lambda_99fb1378e971ab6e7edea83e3a7a83a2>@@@?$__crt_seh_guarded_call@H@@QEAAH$$QEAV<lambda_a37b2b86f63e897a80ea819b0eb08c01>@@AEAV<lambda_38ce7e780aa69e748d6df282ebc68efe>@@$$QEAV<lambda_99fb1378e971ab6e7edea83e3a7a83a2>@@@Z@4HA 00000001800455c8     libucrt:commit.obj
 0004:000025c8       $pdata$?fin$0@?0???$?RV<lambda_751a882b2c74d4b022dec766aa51a29a>@@AEAV<lambda_628dfdc04ba53c8bfc02c9951375f3f5>@@V<lambda_f6c7be5f7998530c34de24c7437d6b54>@@@?$__crt_seh_guarded_call@H@@QEAAH$$QEAV<lambda_751a882b2c74d4b022dec766aa51a29a>@@AEAV<lambda_628dfdc04ba53c8bfc02c9951375f3f5>@@$$QEAV<lambda_f6c7be5f7998530c34de24c7437d6b54>@@@Z@4HA 00000001800455c8     libucrt:close.obj
 0004:000025d4       $pdata$_write$fin$0        00000001800455d4     libucrt:write.obj
 0004:000025d4       $pdata$?fin$0@?0???$common_lseek@_J@@YA_JH_JH@Z@4HA 00000001800455d4     libucrt:lseek.obj
 0004:000025e0       $pdata$fclose$fin$0        00000001800455e0     libucrt:fclose.obj
 0004:000025ec       $pdata$_ctrlfp$filt$0      00000001800455ec     libucrt:fpctrl.obj
 0004:000025ec       $pdata$common_control87$filt$0 00000001800455ec     libucrt:ieee.obj
 0004:000025f8       $pdata$_IsNonwritableInCurrentImage$filt$0 00000001800455f8     LIBCMT:pesect.obj
 0004:00002604       $pdata$??__Fenv@node@@YAXXZ 0000000180045604     gameOfLife.obj
 0004:00002610       $pdata$??__F_Fac_tidy_reg@std@@YAXXZ 0000000180045610     libcpmt:locale0.obj
 0004:0000261c       $pdata$??__Fclassic_locale@std@@YAXXZ 000000018004561c     libcpmt:locale0.obj
 0004:00002628       $pdata$??__Finit_atexit@@YAXXZ 0000000180045628     libcpmt:iosptrs.obj
 0006:00000060       $R000000                   0000000180047060     * linker generated manifest res *

 Exports

  ordinal    name

        1    _register_gol_
