 gol

 Timestamp is 569da2ea (Mon Jan 18 21:43:54 2016)

 Preferred load address is 10000000

 Start         Length     Name                   Class
 0001:00000000 00007addH .text                   CODE
 0001:00007ae0 00001096H .text$di                CODE
 0001:00008b80 0009f569H .text$mn                CODE
 0001:000a80f0 000010e8H .text$x                 CODE
 0001:000a91e0 00001034H .text$yd                CODE
 0002:00000000 00000104H .CRT$XCA                DATA
 0002:00000104 00000104H .CRT$XCC                DATA
 0002:00000208 00000109H .CRT$XCU                DATA
 0002:00000314 00000104H .CRT$XCZ                DATA
 0002:00000418 00000104H .CRT$XIA                DATA
 0002:0000051c 00000113H .CRT$XIC                DATA
 0002:00000630 00000104H .CRT$XIZ                DATA
 0002:00000734 00000104H .CRT$XPA                DATA
 0002:00000838 00000109H .CRT$XPX                DATA
 0002:00000944 00000104H .CRT$XPXA               DATA
 0002:00000a48 00000104H .CRT$XPZ                DATA
 0002:00000b4c 00000104H .CRT$XTA                DATA
 0002:00000c50 00000104H .CRT$XTZ                DATA
 0002:00000d60 00023842H .rdata                  DATA
 0002:000245a4 00000924H .rdata$r                DATA
 0002:00024ed0 0000012bH .rdata$sxdata           DATA
 0002:00025000 00000113H .rdata$zETW0            DATA
 0002:00025113 0000018eH .rdata$zETW1            DATA
 0002:000252a1 00000134H .rdata$zETW2            DATA
 0002:000253d5 00000101H .rdata$zETW9            DATA
 0002:000254d8 0000018bH .rdata$zzzdbg           DATA
 0002:00025664 00000104H .rtc$IAA                DATA
 0002:00025768 00000109H .rtc$IMZ                DATA
 0002:00025874 00000104H .rtc$IZZ                DATA
 0002:00025978 00000104H .rtc$TAA                DATA
 0002:00025a7c 00000109H .rtc$TMZ                DATA
 0002:00025b88 00000104H .rtc$TZZ                DATA
 0002:00025c90 00001145H .xdata$x                DATA
 0002:00026de0 00000158H .edata                  DATA
 0003:00000000 00000b32H .data                   DATA
 0003:00000b38 000004a2H .data$r                 DATA
 0003:00000fe0 00001548H .bss                    DATA
 0004:00000000 00000204H .idata$5                DATA
 0004:00000204 00000028H .idata$2                DATA
 0004:0000022c 00000014H .idata$3                DATA
 0004:00000240 00000204H .idata$4                DATA
 0004:00000444 0000086fH .idata$6                DATA
 0005:00000000 00000020H .didat$2                DATA
 0005:00000020 00000020H .didat$3                DATA
 0005:00000040 00000084H .didat$4                DATA
 0005:000000c4 00000084H .didat$5                DATA
 0005:00000148 0000059dH .didat$6                DATA
 0005:000006e8 00000158H .didat$7                DATA
 0006:00000000 000001fdH .gfids$x                DATA
 0006:00000200 000002cbH .gfids$y                DATA
 0007:00000000 00000104H .00cfg                  DATA
 0008:00000000 00000169H .rsrc$01                DATA
 0008:00000170 000002ccH .rsrc$02                DATA

  Address         Publics by Value              Rva+Base       Lib:Object

 0000:00000000       ___guard_fids_count        00000000     <absolute>
 0000:00000000       ___guard_longjmp_table     00000000     <absolute>
 0000:00000000       ___guard_iat_count         00000000     <absolute>
 0000:00000000       ___guard_iat_table         00000000     <absolute>
 0000:00000000       ___guard_fids_table        00000000     <absolute>
 0000:00000000       __except_list              00000000     <absolute>
 0000:00000000       ___guard_longjmp_count     00000000     <absolute>
 0000:00000009       ___safe_se_handler_count   00000009     <absolute>
 0000:00000100       ___guard_flags             00000100     <absolute>
 0000:00000000       ___ImageBase               10000000     <linker-defined>
 0001:00007500       ?TraceLoggingRegister@__vcrt_trace_logging_provider@@YAJPBU_TlgProvider_t@1@PBU_GUID@@P6GX1KE_K2PAU_EVENT_FILTER_DESCRIPTOR@@PAX@Z4@Z 10008500 f i libvcruntimed:telemetry.obj
 0001:000075f0       ?TraceLoggingSetInformation@__vcrt_trace_logging_provider@@YAJPBU_TlgProvider_t@1@W4_EVENT_INFO_CLASS@@PAXK@Z 100085f0 f i libvcruntimed:telemetry.obj
 0001:00007640       ?TraceLoggingUnregister@__vcrt_trace_logging_provider@@YAXPBU_TlgProvider_t@1@@Z 10008640 f i libvcruntimed:telemetry.obj
 0001:00007680       ?_TlgCreateSz@__vcrt_trace_logging_provider@@YAXPAU_EVENT_DATA_DESCRIPTOR@@PBD@Z 10008680 f i libvcruntimed:telemetry.obj
 0001:000076e0       ?_TlgCreateWsz@__vcrt_trace_logging_provider@@YAXPAU_EVENT_DATA_DESCRIPTOR@@PB_W@Z 100086e0 f i libvcruntimed:telemetry.obj
 0001:00007740       ?_TlgEnableCallback@__vcrt_trace_logging_provider@@YGXPBU_GUID@@KE_K1PAU_EVENT_FILTER_DESCRIPTOR@@PAX@Z 10008740 f i libvcruntimed:telemetry.obj
 0001:00007840       ?_TlgKeywordOn@__vcrt_trace_logging_provider@@YAEPBU_TlgProvider_t@1@_K@Z 10008840 f i libvcruntimed:telemetry.obj
 0001:000078d0       ?_TlgWrite@__vcrt_trace_logging_provider@@YAJPBU_TlgProvider_t@1@PBXPBU_GUID@@2IPAU_EVENT_DATA_DESCRIPTOR@@@Z 100088d0 f i libvcruntimed:telemetry.obj
 0001:00008b80       ?createNewEnvironment@node@@YAXABV?$FunctionCallbackInfo@VValue@v8@@@v8@@@Z 10009b80 f   gameOfLife.obj
 0001:00008dc0       ?nextGeneration@node@@YAXABV?$FunctionCallbackInfo@VValue@v8@@@v8@@@Z 10009dc0 f   gameOfLife.obj
 0001:00008e70       ?getGenerationNumber@node@@YAXABV?$FunctionCallbackInfo@VValue@v8@@@v8@@@Z 10009e70 f   gameOfLife.obj
 0001:00008f00       ?setColorAndFlipCell@node@@YAXABV?$FunctionCallbackInfo@VValue@v8@@@v8@@@Z 10009f00 f   gameOfLife.obj
 0001:000092a0       ?mapToJSObject@node@@YA?AV?$Local@VObject@v8@@@v8@@V?$map@HKU?$less@H@std@@V?$allocator@U?$pair@$$CBHK@std@@@2@@std@@PAVIsolate@3@@Z 1000a2a0 f   gameOfLife.obj
 0001:00009450       ?getLiveCells@node@@YAXABV?$FunctionCallbackInfo@VValue@v8@@@v8@@@Z 1000a450 f   gameOfLife.obj
 0001:000094c0       ?getCellsBorn@node@@YAXABV?$FunctionCallbackInfo@VValue@v8@@@v8@@@Z 1000a4c0 f   gameOfLife.obj
 0001:00009550       ?getCellsDied@node@@YAXABV?$FunctionCallbackInfo@VValue@v8@@@v8@@@Z 1000a550 f   gameOfLife.obj
 0001:000095e0       ?init@node@@YAXV?$Local@VObject@v8@@@v8@@@Z 1000a5e0 f   gameOfLife.obj
 0001:00009990       ??$?0$$V@?$_Ref_count_obj@V?$map@HKU?$less@H@std@@V?$allocator@U?$pair@$$CBHK@std@@@2@@std@@@std@@QAE@XZ 1000a990 f i gameOfLife.obj
 0001:00009a20       ??$?0AAHAAH@?$_Ref_count_obj@VEnvironment@gol@@@std@@QAE@AAH0@Z 1000aa20 f i gameOfLife.obj
 0001:00009ae0       ??$?0AAHAAKX@?$pair@$$CBHK@std@@QAE@AAHAAK@Z 1000aae0 f i gameOfLife.obj
 0001:00009b40       ??$?0AAV?$_Tree_const_iterator@V?$_Tree_val@U?$_Tree_simple_types@U?$pair@$$CBHK@std@@@std@@@std@@@std@@AAV01@X@?$pair@V?$_Tree_const_iterator@V?$_Tree_val@U?$_Tree_simple_types@U?$pair@$$CBHK@std@@@std@@@std@@@std@@V12@@std@@QAE@AAV?$_Tree_const_iterator@V?$_Tree_val@U?$_Tree_simple_types@U?$pair@$$CBHK@std@@@std@@@std@@@1@0@Z 1000ab40 f i gameOfLife.obj
 0001:00009bb0       ??$?0AAV?$_Tree_iterator@V?$_Tree_val@U?$_Tree_simple_types@U?$pair@$$CBHK@std@@@std@@@std@@@std@@AAV01@X@?$pair@V?$_Tree_iterator@V?$_Tree_val@U?$_Tree_simple_types@U?$pair@$$CBHK@std@@@std@@@std@@@std@@V12@@std@@QAE@AAV?$_Tree_iterator@V?$_Tree_val@U?$_Tree_simple_types@U?$pair@$$CBHK@std@@@std@@@std@@@1@0@Z 1000abb0 f i gameOfLife.obj
 0001:00009c20       ??$?0AAV?$_Tree_iterator@V?$_Tree_val@U?$_Tree_simple_types@U?$pair@$$CBHK@std@@@std@@@std@@@std@@_NX@?$pair@V?$_Tree_iterator@V?$_Tree_val@U?$_Tree_simple_types@U?$pair@$$CBHK@std@@@std@@@std@@@std@@_N@std@@QAE@AAV?$_Tree_iterator@V?$_Tree_val@U?$_Tree_simple_types@U?$pair@$$CBHK@std@@@std@@@std@@@1@$$QA_N@Z 1000ac20 f i gameOfLife.obj
 0001:00009c80       ??$?0ABHAAKX@?$pair@$$CBHK@std@@QAE@ABHAAK@Z 1000ac80 f i gameOfLife.obj
 0001:00009ce0       ??$?0ABHHX@?$pair@$$CBHK@std@@QAE@ABH$$QAH@Z 1000ace0 f i gameOfLife.obj
 0001:00009d40       ??$?0ABU?$less@H@std@@U_One_then_variadic_args_t@1@ABV?$allocator@U?$pair@$$CBHK@std@@@1@@?$_Compressed_pair@U?$less@H@std@@V?$_Compressed_pair@U?$_Wrap_alloc@V?$allocator@U?$_Tree_node@U?$pair@$$CBHK@std@@PAX@std@@@std@@@std@@V?$_Tree_val@U?$_Tree_simple_types@U?$pair@$$CBHK@std@@@std@@@2@$00@2@$00@std@@QAE@U_One_then_variadic_args_t@1@ABU?$less@H@1@$$QAU21@ABV?$allocator@U?$pair@$$CBHK@std@@@1@@Z 1000ad40 f i gameOfLife.obj
 0001:00009db0       ??$?0ABV?$allocator@D@std@@$$V@?$_Compressed_pair@U?$_Wrap_alloc@V?$allocator@D@std@@@std@@V?$_String_val@U?$_Simple_types@D@std@@@2@$00@std@@QAE@U_One_then_variadic_args_t@1@ABV?$allocator@D@1@@Z 1000adb0 f i gameOfLife.obj
 0001:00009e00       ??$?0ABV?$allocator@U?$pair@$$CBHK@std@@@std@@$$V@?$_Compressed_pair@U?$_Wrap_alloc@V?$allocator@U?$_Tree_node@U?$pair@$$CBHK@std@@PAX@std@@@std@@@std@@V?$_Tree_val@U?$_Tree_simple_types@U?$pair@$$CBHK@std@@@std@@@2@$00@std@@QAE@U_One_then_variadic_args_t@1@ABV?$allocator@U?$pair@$$CBHK@std@@@1@@Z 1000ae00 f i gameOfLife.obj
 0001:00009e50       ??$?0D@?$allocator@U_Container_proxy@std@@@std@@QAE@ABV?$allocator@D@1@@Z 1000ae50 f i gameOfLife.obj
 0001:00009e70       ??$?0HH@?$_Ref_count_obj@VEnvironment@gol@@@std@@QAE@$$QAH0@Z 1000ae70 f i gameOfLife.obj
 0001:00009f30       ??$?0U?$_Tree_node@U?$pair@$$CBHK@std@@PAX@std@@@?$allocator@U?$pair@$$CBHK@std@@@std@@QAE@ABV?$allocator@U?$_Tree_node@U?$pair@$$CBHK@std@@PAX@std@@@1@@Z 1000af30 f i gameOfLife.obj
 0001:00009f50       ??$?0U?$_Tree_node@U?$pair@$$CBHK@std@@PAX@std@@@?$allocator@U_Container_proxy@std@@@std@@QAE@ABV?$allocator@U?$_Tree_node@U?$pair@$$CBHK@std@@PAX@std@@@1@@Z 1000af50 f i gameOfLife.obj
 0001:00009f70       ??$?0U?$_Wrap_alloc@V?$allocator@D@std@@@std@@@?$_Wrap_alloc@V?$allocator@U_Container_proxy@std@@@std@@@std@@QAE@AAU?$_Wrap_alloc@V?$allocator@D@std@@@1@@Z 1000af70 f i gameOfLife.obj
 0001:00009fb0       ??$?0U?$_Wrap_alloc@V?$allocator@U?$_Tree_node@U?$pair@$$CBHK@std@@PAX@std@@@std@@@std@@@?$_Wrap_alloc@V?$allocator@U_Container_proxy@std@@@std@@@std@@QAE@AAU?$_Wrap_alloc@V?$allocator@U?$_Tree_node@U?$pair@$$CBHK@std@@PAX@std@@@std@@@1@@Z 1000afb0 f i gameOfLife.obj
 0001:00009ff0       ??$?0U?$pair@$$CBHK@std@@@?$allocator@U?$_Tree_node@U?$pair@$$CBHK@std@@PAX@std@@@std@@QAE@ABV?$allocator@U?$pair@$$CBHK@std@@@1@@Z 1000aff0 f i gameOfLife.obj
 0001:0000a010       ??$?0V?$_Tree_iterator@V?$_Tree_val@U?$_Tree_simple_types@U?$pair@$$CBHK@std@@@std@@@std@@@std@@_NX@?$pair@V?$_Tree_iterator@V?$_Tree_val@U?$_Tree_simple_types@U?$pair@$$CBHK@std@@@std@@@std@@@std@@_N@std@@QAE@$$QAV?$_Tree_iterator@V?$_Tree_val@U?$_Tree_simple_types@U?$pair@$$CBHK@std@@@std@@@std@@@1@$$QA_N@Z 1000b010 f i gameOfLife.obj
 0001:0000a070       ??$?0V?$allocator@U?$pair@$$CBHK@std@@@std@@@?$_Wrap_alloc@V?$allocator@U?$_Tree_node@U?$pair@$$CBHK@std@@PAX@std@@@std@@@std@@QAE@ABV?$allocator@U?$pair@$$CBHK@std@@@1@@Z 1000b070 f i gameOfLife.obj
 0001:0000a0b0       ??$?0VFunction@v8@@@?$Local@VValue@v8@@@v8@@QAE@V?$Local@VFunction@v8@@@1@@Z 1000b0b0 f i gameOfLife.obj
 0001:0000a100       ??$?0VPrimitive@v8@@@?$Local@VPrimitive@v8@@@v8@@AAE@PAVPrimitive@1@@Z 1000b100 f i gameOfLife.obj
 0001:0000a130       ??$?0VPrimitive@v8@@@?$Local@VValue@v8@@@v8@@AAE@PAVPrimitive@1@@Z 1000b130 f i gameOfLife.obj
 0001:0000a160       ??$?0VString@v8@@@?$Local@VValue@v8@@@v8@@QAE@V?$Local@VString@v8@@@1@@Z 1000b160 f i gameOfLife.obj
 0001:0000a1b0       ??$?0VValue@v8@@@?$Local@VValue@v8@@@v8@@AAE@PAVValue@1@@Z 1000b1b0 f i gameOfLife.obj
 0001:0000a1e0       ??$NODE_SET_METHOD@V?$Local@VObject@v8@@@v8@@@node@@YAXABV?$Local@VObject@v8@@@v8@@PBDP6AXABV?$FunctionCallbackInfo@VValue@v8@@@2@@Z@Z 1000b1e0 f i gameOfLife.obj
 0001:0000a3c0       ??$Set@VNumber@v8@@@?$ReturnValue@VValue@v8@@@v8@@QAEXV?$Local@VNumber@v8@@@1@@Z 1000b3c0 f i gameOfLife.obj
 0001:0000a440       ??$Set@VObject@v8@@@?$ReturnValue@VValue@v8@@@v8@@QAEXV?$Local@VObject@v8@@@1@@Z 1000b440 f i gameOfLife.obj
 0001:0000a4c0       ??$_Addressof@D@std@@YAPADAADU?$integral_constant@_N$0A@@0@@Z 1000b4c0 f i gameOfLife.obj
 0001:0000a4d0       ??$_Addressof@PAU?$_Tree_node@U?$pair@$$CBHK@std@@PAX@std@@@std@@YAPAPAU?$_Tree_node@U?$pair@$$CBHK@std@@PAX@0@AAPAU10@U?$integral_constant@_N$0A@@0@@Z 1000b4d0 f i gameOfLife.obj
 0001:0000a4e0       ??$_Addressof@U?$pair@$$CBHK@std@@@std@@YAPAU?$pair@$$CBHK@0@AAU10@U?$integral_constant@_N$0A@@0@@Z 1000b4e0 f i gameOfLife.obj
 0001:0000a4f0       ??$_Buynode@AAHAAK@?$_Tree_comp_alloc@V?$_Tmap_traits@HKU?$less@H@std@@V?$allocator@U?$pair@$$CBHK@std@@@2@$0A@@std@@@std@@QAEPAU?$_Tree_node@U?$pair@$$CBHK@std@@PAX@1@AAHAAK@Z 1000b4f0 f i gameOfLife.obj
 0001:0000a5d0       ??$_Buynode@AAU?$pair@$$CBHK@std@@@?$_Tree_comp_alloc@V?$_Tmap_traits@HKU?$less@H@std@@V?$allocator@U?$pair@$$CBHK@std@@@2@$0A@@std@@@std@@QAEPAU?$_Tree_node@U?$pair@$$CBHK@std@@PAX@1@AAU?$pair@$$CBHK@1@@Z 1000b5d0 f i gameOfLife.obj
 0001:0000a6a0       ??$_Buynode@ABHAAK@?$_Tree_comp_alloc@V?$_Tmap_traits@HKU?$less@H@std@@V?$allocator@U?$pair@$$CBHK@std@@@2@$0A@@std@@@std@@QAEPAU?$_Tree_node@U?$pair@$$CBHK@std@@PAX@1@ABHAAK@Z 1000b6a0 f i gameOfLife.obj
 0001:0000a780       ??$_Buynode@ABHH@?$_Tree_comp_alloc@V?$_Tmap_traits@HKU?$less@H@std@@V?$allocator@U?$pair@$$CBHK@std@@@2@$0A@@std@@@std@@QAEPAU?$_Tree_node@U?$pair@$$CBHK@std@@PAX@1@ABH$$QAH@Z 1000b780 f i gameOfLife.obj
 0001:0000a860       ??$_Buynode_if_nil@AAU?$pair@$$CBHK@std@@@?$_Tree@V?$_Tmap_traits@HKU?$less@H@std@@V?$allocator@U?$pair@$$CBHK@std@@@2@$0A@@std@@@std@@IAEPAU?$_Tree_node@U?$pair@$$CBHK@std@@PAX@1@PAU21@AAU?$pair@$$CBHK@1@@Z 1000b860 f i gameOfLife.obj
 0001:0000a880       ??$_Copy@U_Copy_tag@?$_Tree@V?$_Tmap_traits@HKU?$less@H@std@@V?$allocator@U?$pair@$$CBHK@std@@@2@$0A@@std@@@std@@@?$_Tree@V?$_Tmap_traits@HKU?$less@H@std@@V?$allocator@U?$pair@$$CBHK@std@@@2@$0A@@std@@@std@@IAEXABV01@U_Copy_tag@01@@Z 1000b880 f i gameOfLife.obj
 0001:0000a9b0       ??$_Copy_nodes@U_Copy_tag@?$_Tree@V?$_Tmap_traits@HKU?$less@H@std@@V?$allocator@U?$pair@$$CBHK@std@@@2@$0A@@std@@@std@@@?$_Tree@V?$_Tmap_traits@HKU?$less@H@std@@V?$allocator@U?$pair@$$CBHK@std@@@2@$0A@@std@@@std@@IAEPAU?$_Tree_node@U?$pair@$$CBHK@std@@PAX@1@PAU21@0U_Copy_tag@01@@Z 1000b9b0 f i gameOfLife.obj
 0001:0000ab70       ??$_Copy_or_move@U?$pair@$$CBHK@std@@U?$integral_constant@_N$0A@@2@@?$_Tree@V?$_Tmap_traits@HKU?$less@H@std@@V?$allocator@U?$pair@$$CBHK@std@@@2@$0A@@std@@@std@@IAEPAU?$_Tree_node@U?$pair@$$CBHK@std@@PAX@1@AAU?$pair@$$CBHK@1@U_Copy_tag@01@U?$integral_constant@_N$0A@@1@@Z 1000bb70 f i gameOfLife.obj
 0001:0000abb0       ??$_Debug_lt_pred@U?$less@H@std@@AAHABH@std@@YA_NU?$less@H@0@AAHABHPB_WI@Z 1000bbb0 f i gameOfLife.obj
 0001:0000ac50       ??$_Debug_lt_pred@U?$less@H@std@@ABHABH@std@@YA_NU?$less@H@0@ABH1PB_WI@Z 1000bc50 f i gameOfLife.obj
 0001:0000acf0       ??$_Debug_pointer@$$CBD@std@@YAXPBDPB_WI@Z 1000bcf0 f i gameOfLife.obj
 0001:0000ad20       ??$_Debug_pointer_if@$$CBD@std@@YAX_NPBDPB_WI@Z 1000bd20 f i gameOfLife.obj
 0001:0000ad60       ??$_Distance2@V?$_Tree_iterator@V?$_Tree_val@U?$_Tree_simple_types@U?$pair@$$CBHK@std@@@std@@@std@@@std@@I@std@@YAXV?$_Tree_iterator@V?$_Tree_val@U?$_Tree_simple_types@U?$pair@$$CBHK@std@@@std@@@std@@@0@0AAIUbidirectional_iterator_tag@0@@Z 1000bd60 f i gameOfLife.obj
 0001:0000adc0       ??$_Distance@V?$_Tree_iterator@V?$_Tree_val@U?$_Tree_simple_types@U?$pair@$$CBHK@std@@@std@@@std@@@std@@I@std@@YAXV?$_Tree_iterator@V?$_Tree_val@U?$_Tree_simple_types@U?$pair@$$CBHK@std@@@std@@@std@@@0@0AAI@Z 1000bdc0 f i gameOfLife.obj
 0001:0000ae60       ??$_Eqrange@H@?$_Tree@V?$_Tmap_traits@HKU?$less@H@std@@V?$allocator@U?$pair@$$CBHK@std@@@2@$0A@@std@@@std@@IAE?AU?$pair@V?$_Tree_iterator@V?$_Tree_val@U?$_Tree_simple_types@U?$pair@$$CBHK@std@@@std@@@std@@@std@@V12@@1@ABH@Z 1000be60 f i gameOfLife.obj
 0001:0000af80       ??$_Eqrange@H@?$_Tree@V?$_Tmap_traits@HKU?$less@H@std@@V?$allocator@U?$pair@$$CBHK@std@@@2@$0A@@std@@@std@@IBE?AU?$pair@V?$_Tree_const_iterator@V?$_Tree_val@U?$_Tree_simple_types@U?$pair@$$CBHK@std@@@std@@@std@@@std@@V12@@1@ABH@Z 1000bf80 f i gameOfLife.obj
 0001:0000b280       ??$_Insert_at@AAU?$pair@$$CBHK@std@@PAU?$_Tree_node@U?$pair@$$CBHK@std@@PAX@2@@?$_Tree@V?$_Tmap_traits@HKU?$less@H@std@@V?$allocator@U?$pair@$$CBHK@std@@@2@$0A@@std@@@std@@IAE?AV?$_Tree_iterator@V?$_Tree_val@U?$_Tree_simple_types@U?$pair@$$CBHK@std@@@std@@@std@@@1@_NPAU?$_Tree_node@U?$pair@$$CBHK@std@@PAX@1@AAU?$pair@$$CBHK@1@1@Z 1000c280 f i gameOfLife.obj
 0001:0000b7f0       ??$_Insert_hint@AAU?$pair@$$CBHK@std@@PAU?$_Tree_node@U?$pair@$$CBHK@std@@PAX@2@@?$_Tree@V?$_Tmap_traits@HKU?$less@H@std@@V?$allocator@U?$pair@$$CBHK@std@@@2@$0A@@std@@@std@@IAE?AV?$_Tree_iterator@V?$_Tree_val@U?$_Tree_simple_types@U?$pair@$$CBHK@std@@@std@@@std@@@1@V?$_Tree_const_iterator@V?$_Tree_val@U?$_Tree_simple_types@U?$pair@$$CBHK@std@@@std@@@std@@@1@AAU?$pair@$$CBHK@1@PAU?$_Tree_node@U?$pair@$$CBHK@std@@PAX@1@@Z 1000c7f0 f i gameOfLife.obj
 0001:0000c4e0       ??$_Insert_nohint@AAU?$pair@$$CBHK@std@@PAU?$_Tree_node@U?$pair@$$CBHK@std@@PAX@2@@?$_Tree@V?$_Tmap_traits@HKU?$less@H@std@@V?$allocator@U?$pair@$$CBHK@std@@@2@$0A@@std@@@std@@IAE?AU?$pair@V?$_Tree_iterator@V?$_Tree_val@U?$_Tree_simple_types@U?$pair@$$CBHK@std@@@std@@@std@@@std@@_N@1@_NAAU?$pair@$$CBHK@1@PAU?$_Tree_node@U?$pair@$$CBHK@std@@PAX@1@@Z 1000d4e0 f i gameOfLife.obj
 0001:0000c8f0       ??$_Insert_or_assign@AAHAAK@?$map@HKU?$less@H@std@@V?$allocator@U?$pair@$$CBHK@std@@@2@@std@@QAE?AU?$pair@V?$_Tree_iterator@V?$_Tree_val@U?$_Tree_simple_types@U?$pair@$$CBHK@std@@@std@@@std@@@std@@_N@1@AAHAAK@Z 1000d8f0 f i gameOfLife.obj
 0001:0000cb00       ??$_Insert_or_assign@ABHAAK@?$map@HKU?$less@H@std@@V?$allocator@U?$pair@$$CBHK@std@@@2@@std@@QAE?AU?$pair@V?$_Tree_iterator@V?$_Tree_val@U?$_Tree_simple_types@U?$pair@$$CBHK@std@@@std@@@std@@@std@@_N@1@ABHAAK@Z 1000db00 f i gameOfLife.obj
 0001:0000cd10       ??$_Insert_or_assign@ABHH@?$map@HKU?$less@H@std@@V?$allocator@U?$pair@$$CBHK@std@@@2@@std@@QAE?AU?$pair@V?$_Tree_iterator@V?$_Tree_val@U?$_Tree_simple_types@U?$pair@$$CBHK@std@@@std@@@std@@@std@@_N@1@ABH$$QAH@Z 1000dd10 f i gameOfLife.obj
 0001:0000cf20       ??$_Integral_to_string@H@std@@YA?AV?$basic_string@DU?$char_traits@D@std@@V?$allocator@D@2@@0@PBDH@Z 1000df20 f i gameOfLife.obj
 0001:0000cfe0       ??$_Integral_to_string@K@std@@YA?AV?$basic_string@DU?$char_traits@D@std@@V?$allocator@D@2@@0@PBDK@Z 1000dfe0 f i gameOfLife.obj
 0001:0000d0a0       ??$_Iter_cat@V?$_Tree_iterator@V?$_Tree_val@U?$_Tree_simple_types@U?$pair@$$CBHK@std@@@std@@@std@@@std@@@std@@YA?AUbidirectional_iterator_tag@0@ABV?$_Tree_iterator@V?$_Tree_val@U?$_Tree_simple_types@U?$pair@$$CBHK@std@@@std@@@std@@@0@@Z 1000e0a0 f i gameOfLife.obj
 0001:0000d110       ??$_Kfn@$$CBHK@?$_Tmap_traits@HKU?$less@H@std@@V?$allocator@U?$pair@$$CBHK@std@@@2@$0A@@std@@SAABHABU?$pair@$$CBHK@1@@Z 1000e110 f i gameOfLife.obj
 0001:0000d120       ??$_Lbound@H@?$_Tree@V?$_Tmap_traits@HKU?$less@H@std@@V?$allocator@U?$pair@$$CBHK@std@@@2@$0A@@std@@@std@@IBEPAU?$_Tree_node@U?$pair@$$CBHK@std@@PAX@1@ABH@Z 1000e120 f i gameOfLife.obj
 0001:0000d200       ??$_Move@AAD@std@@YA$$QADAAD@Z 1000e200 f i gameOfLife.obj
 0001:0000d210       ??$_Move@AAPAV?$map@HKU?$less@H@std@@V?$allocator@U?$pair@$$CBHK@std@@@2@@std@@@std@@YA$$QAPAV?$map@HKU?$less@H@std@@V?$allocator@U?$pair@$$CBHK@std@@@2@@0@AAPAV10@@Z 1000e210 f i gameOfLife.obj
 0001:0000d220       ??$_Move@AAPAVEnvironment@gol@@@std@@YA$$QAPAVEnvironment@gol@@AAPAV12@@Z 1000e220 f i gameOfLife.obj
 0001:0000d230       ??$_Move@AAPAV_Ref_count_base@std@@@std@@YA$$QAPAV_Ref_count_base@0@AAPAV10@@Z 1000e230 f i gameOfLife.obj
 0001:0000d240       ??$_Resetp0@V?$map@HKU?$less@H@std@@V?$allocator@U?$pair@$$CBHK@std@@@2@@std@@@?$shared_ptr@V?$map@HKU?$less@H@std@@V?$allocator@U?$pair@$$CBHK@std@@@2@@std@@@std@@QAEXPAV?$map@HKU?$less@H@std@@V?$allocator@U?$pair@$$CBHK@std@@@2@@1@PAV_Ref_count_base@1@@Z 1000e240 f i gameOfLife.obj
 0001:0000d290       ??$_Resetp0@VEnvironment@gol@@@?$shared_ptr@VEnvironment@gol@@@std@@QAEXPAVEnvironment@gol@@PAV_Ref_count_base@1@@Z 1000e290 f i gameOfLife.obj
 0001:0000d2e0       ??$__vcrt_va_start_verify_argument_type@QBD@@YAXXZ 1000e2e0 f i gameOfLife.obj
 0001:0000d2f0       ??$addressof@D@std@@YAPADAAD@Z 1000e2f0 f i gameOfLife.obj
 0001:0000d330       ??$addressof@PAU?$_Tree_node@U?$pair@$$CBHK@std@@PAX@std@@@std@@YAPAPAU?$_Tree_node@U?$pair@$$CBHK@std@@PAX@0@AAPAU10@@Z 1000e330 f i gameOfLife.obj
 0001:0000d370       ??$addressof@U?$pair@$$CBHK@std@@@std@@YAPAU?$pair@$$CBHK@0@AAU10@@Z 1000e370 f i gameOfLife.obj
 0001:0000d3b0       ??$construct@PADAAPAD@?$_Wrap_alloc@V?$allocator@D@std@@@std@@QAEXPAPADAAPAD@Z 1000e3b0 f i gameOfLife.obj
 0001:0000d400       ??$construct@PADAAPAD@?$allocator@D@std@@QAEXPAPADAAPAD@Z 1000e400 f i gameOfLife.obj
 0001:0000d480       ??$construct@PADAAPAD@?$allocator_traits@V?$allocator@D@std@@@std@@SAXAAV?$allocator@D@1@PAPADAAPAD@Z 1000e480 f i gameOfLife.obj
 0001:0000d4b0       ??$construct@PAU?$_Tree_node@U?$pair@$$CBHK@std@@PAX@std@@AAPAU12@@?$_Wrap_alloc@V?$allocator@U?$_Tree_node@U?$pair@$$CBHK@std@@PAX@std@@@std@@@std@@QAEXPAPAU?$_Tree_node@U?$pair@$$CBHK@std@@PAX@1@AAPAU21@@Z 1000e4b0 f i gameOfLife.obj
 0001:0000d500       ??$construct@PAU?$_Tree_node@U?$pair@$$CBHK@std@@PAX@std@@AAPAU12@@?$allocator@U?$_Tree_node@U?$pair@$$CBHK@std@@PAX@std@@@std@@QAEXPAPAU?$_Tree_node@U?$pair@$$CBHK@std@@PAX@1@AAPAU21@@Z 1000e500 f i gameOfLife.obj
 0001:0000d580       ??$construct@PAU?$_Tree_node@U?$pair@$$CBHK@std@@PAX@std@@AAPAU12@@?$allocator_traits@V?$allocator@U?$_Tree_node@U?$pair@$$CBHK@std@@PAX@std@@@std@@@std@@SAXAAV?$allocator@U?$_Tree_node@U?$pair@$$CBHK@std@@PAX@std@@@1@PAPAU?$_Tree_node@U?$pair@$$CBHK@std@@PAX@1@AAPAU31@@Z 1000e580 f i gameOfLife.obj
 0001:0000d5b0       ??$construct@U?$pair@$$CBHK@std@@AAHAAK@?$_Wrap_alloc@V?$allocator@U?$_Tree_node@U?$pair@$$CBHK@std@@PAX@std@@@std@@@std@@QAEXPAU?$pair@$$CBHK@1@AAHAAK@Z 1000e5b0 f i gameOfLife.obj
 0001:0000d610       ??$construct@U?$pair@$$CBHK@std@@AAHAAK@?$allocator@U?$_Tree_node@U?$pair@$$CBHK@std@@PAX@std@@@std@@QAEXPAU?$pair@$$CBHK@1@AAHAAK@Z 1000e610 f i gameOfLife.obj
 0001:0000d6a0       ??$construct@U?$pair@$$CBHK@std@@AAHAAK@?$allocator_traits@V?$allocator@U?$_Tree_node@U?$pair@$$CBHK@std@@PAX@std@@@std@@@std@@SAXAAV?$allocator@U?$_Tree_node@U?$pair@$$CBHK@std@@PAX@std@@@1@PAU?$pair@$$CBHK@1@AAHAAK@Z 1000e6a0 f i gameOfLife.obj
 0001:0000d6e0       ??$construct@U?$pair@$$CBHK@std@@AAU12@@?$_Wrap_alloc@V?$allocator@U?$_Tree_node@U?$pair@$$CBHK@std@@PAX@std@@@std@@@std@@QAEXPAU?$pair@$$CBHK@1@AAU21@@Z 1000e6e0 f i gameOfLife.obj
 0001:0000d730       ??$construct@U?$pair@$$CBHK@std@@AAU12@@?$allocator@U?$_Tree_node@U?$pair@$$CBHK@std@@PAX@std@@@std@@QAEXPAU?$pair@$$CBHK@1@AAU21@@Z 1000e730 f i gameOfLife.obj
 0001:0000d7c0       ??$construct@U?$pair@$$CBHK@std@@AAU12@@?$allocator_traits@V?$allocator@U?$_Tree_node@U?$pair@$$CBHK@std@@PAX@std@@@std@@@std@@SAXAAV?$allocator@U?$_Tree_node@U?$pair@$$CBHK@std@@PAX@std@@@1@PAU?$pair@$$CBHK@1@AAU31@@Z 1000e7c0 f i gameOfLife.obj
 0001:0000d7f0       ??$construct@U?$pair@$$CBHK@std@@ABHAAK@?$_Wrap_alloc@V?$allocator@U?$_Tree_node@U?$pair@$$CBHK@std@@PAX@std@@@std@@@std@@QAEXPAU?$pair@$$CBHK@1@ABHAAK@Z 1000e7f0 f i gameOfLife.obj
 0001:0000d850       ??$construct@U?$pair@$$CBHK@std@@ABHAAK@?$allocator@U?$_Tree_node@U?$pair@$$CBHK@std@@PAX@std@@@std@@QAEXPAU?$pair@$$CBHK@1@ABHAAK@Z 1000e850 f i gameOfLife.obj
 0001:0000d8e0       ??$construct@U?$pair@$$CBHK@std@@ABHAAK@?$allocator_traits@V?$allocator@U?$_Tree_node@U?$pair@$$CBHK@std@@PAX@std@@@std@@@std@@SAXAAV?$allocator@U?$_Tree_node@U?$pair@$$CBHK@std@@PAX@std@@@1@PAU?$pair@$$CBHK@1@ABHAAK@Z 1000e8e0 f i gameOfLife.obj
 0001:0000d920       ??$construct@U?$pair@$$CBHK@std@@ABHH@?$_Wrap_alloc@V?$allocator@U?$_Tree_node@U?$pair@$$CBHK@std@@PAX@std@@@std@@@std@@QAEXPAU?$pair@$$CBHK@1@ABH$$QAH@Z 1000e920 f i gameOfLife.obj
 0001:0000d980       ??$construct@U?$pair@$$CBHK@std@@ABHH@?$allocator@U?$_Tree_node@U?$pair@$$CBHK@std@@PAX@std@@@std@@QAEXPAU?$pair@$$CBHK@1@ABH$$QAH@Z 1000e980 f i gameOfLife.obj
 0001:0000da10       ??$construct@U?$pair@$$CBHK@std@@ABHH@?$allocator_traits@V?$allocator@U?$_Tree_node@U?$pair@$$CBHK@std@@PAX@std@@@std@@@std@@SAXAAV?$allocator@U?$_Tree_node@U?$pair@$$CBHK@std@@PAX@std@@@1@PAU?$pair@$$CBHK@1@ABH$$QAH@Z 1000ea10 f i gameOfLife.obj
 0001:0000da50       ??$construct@U_Container_proxy@std@@U12@@?$_Wrap_alloc@V?$allocator@U_Container_proxy@std@@@std@@@std@@QAEXPAU_Container_proxy@1@$$QAU21@@Z 1000ea50 f i gameOfLife.obj
 0001:0000daa0       ??$construct@U_Container_proxy@std@@U12@@?$allocator@U_Container_proxy@std@@@std@@QAEXPAU_Container_proxy@1@$$QAU21@@Z 1000eaa0 f i gameOfLife.obj
 0001:0000db30       ??$construct@U_Container_proxy@std@@U12@@?$allocator_traits@V?$allocator@U_Container_proxy@std@@@std@@@std@@SAXAAV?$allocator@U_Container_proxy@std@@@1@PAU_Container_proxy@1@$$QAU31@@Z 1000eb30 f i gameOfLife.obj
 0001:0000db60       ??$destroy@PAD@?$_Wrap_alloc@V?$allocator@D@std@@@std@@QAEXPAPAD@Z 1000eb60 f i gameOfLife.obj
 0001:0000dba0       ??$destroy@PAD@?$allocator@D@std@@QAEXPAPAD@Z 1000eba0 f i gameOfLife.obj
 0001:0000dbc0       ??$destroy@PAD@?$allocator_traits@V?$allocator@D@std@@@std@@SAXAAV?$allocator@D@1@PAPAD@Z 1000ebc0 f i gameOfLife.obj
 0001:0000dbe0       ??$destroy@PAU?$_Tree_node@U?$pair@$$CBHK@std@@PAX@std@@@?$_Wrap_alloc@V?$allocator@U?$_Tree_node@U?$pair@$$CBHK@std@@PAX@std@@@std@@@std@@QAEXPAPAU?$_Tree_node@U?$pair@$$CBHK@std@@PAX@1@@Z 1000ebe0 f i gameOfLife.obj
 0001:0000dc20       ??$destroy@PAU?$_Tree_node@U?$pair@$$CBHK@std@@PAX@std@@@?$allocator@U?$_Tree_node@U?$pair@$$CBHK@std@@PAX@std@@@std@@QAEXPAPAU?$_Tree_node@U?$pair@$$CBHK@std@@PAX@1@@Z 1000ec20 f i gameOfLife.obj
 0001:0000dc40       ??$destroy@PAU?$_Tree_node@U?$pair@$$CBHK@std@@PAX@std@@@?$allocator_traits@V?$allocator@U?$_Tree_node@U?$pair@$$CBHK@std@@PAX@std@@@std@@@std@@SAXAAV?$allocator@U?$_Tree_node@U?$pair@$$CBHK@std@@PAX@std@@@1@PAPAU?$_Tree_node@U?$pair@$$CBHK@std@@PAX@1@@Z 1000ec40 f i gameOfLife.obj
 0001:0000dc60       ??$destroy@U?$pair@$$CBHK@std@@@?$_Wrap_alloc@V?$allocator@U?$_Tree_node@U?$pair@$$CBHK@std@@PAX@std@@@std@@@std@@QAEXPAU?$pair@$$CBHK@1@@Z 1000ec60 f i gameOfLife.obj
 0001:0000dca0       ??$destroy@U?$pair@$$CBHK@std@@@?$allocator@U?$_Tree_node@U?$pair@$$CBHK@std@@PAX@std@@@std@@QAEXPAU?$pair@$$CBHK@1@@Z 1000eca0 f i gameOfLife.obj
 0001:0000dcc0       ??$destroy@U?$pair@$$CBHK@std@@@?$allocator_traits@V?$allocator@U?$_Tree_node@U?$pair@$$CBHK@std@@PAX@std@@@std@@@std@@SAXAAV?$allocator@U?$_Tree_node@U?$pair@$$CBHK@std@@PAX@std@@@1@PAU?$pair@$$CBHK@1@@Z 1000ecc0 f i gameOfLife.obj
 0001:0000dce0       ??$destroy@U_Container_proxy@std@@@?$_Wrap_alloc@V?$allocator@U_Container_proxy@std@@@std@@@std@@QAEXPAU_Container_proxy@1@@Z 1000ece0 f i gameOfLife.obj
 0001:0000dd20       ??$destroy@U_Container_proxy@std@@@?$allocator@U_Container_proxy@std@@@std@@QAEXPAU_Container_proxy@1@@Z 1000ed20 f i gameOfLife.obj
 0001:0000dd40       ??$destroy@U_Container_proxy@std@@@?$allocator_traits@V?$allocator@U_Container_proxy@std@@@std@@@std@@SAXAAV?$allocator@U_Container_proxy@std@@@1@PAU_Container_proxy@1@@Z 1000ed40 f i gameOfLife.obj
 0001:0000dd60       ??$emplace_hint@AAHAAK@?$_Tree@V?$_Tmap_traits@HKU?$less@H@std@@V?$allocator@U?$pair@$$CBHK@std@@@2@$0A@@std@@@std@@QAE?AV?$_Tree_iterator@V?$_Tree_val@U?$_Tree_simple_types@U?$pair@$$CBHK@std@@@std@@@std@@@1@V?$_Tree_const_iterator@V?$_Tree_val@U?$_Tree_simple_types@U?$pair@$$CBHK@std@@@std@@@std@@@1@AAHAAK@Z 1000ed60 f i gameOfLife.obj
 0001:0000de10       ??$emplace_hint@ABHAAK@?$_Tree@V?$_Tmap_traits@HKU?$less@H@std@@V?$allocator@U?$pair@$$CBHK@std@@@2@$0A@@std@@@std@@QAE?AV?$_Tree_iterator@V?$_Tree_val@U?$_Tree_simple_types@U?$pair@$$CBHK@std@@@std@@@std@@@1@V?$_Tree_const_iterator@V?$_Tree_val@U?$_Tree_simple_types@U?$pair@$$CBHK@std@@@std@@@std@@@1@ABHAAK@Z 1000ee10 f i gameOfLife.obj
 0001:0000dec0       ??$emplace_hint@ABHH@?$_Tree@V?$_Tmap_traits@HKU?$less@H@std@@V?$allocator@U?$pair@$$CBHK@std@@@2@$0A@@std@@@std@@QAE?AV?$_Tree_iterator@V?$_Tree_val@U?$_Tree_simple_types@U?$pair@$$CBHK@std@@@std@@@std@@@1@V?$_Tree_const_iterator@V?$_Tree_val@U?$_Tree_simple_types@U?$pair@$$CBHK@std@@@std@@@std@@@1@ABH$$QAH@Z 1000eec0 f i gameOfLife.obj
 0001:0000df70       ??$forward@AAH@std@@YAAAHAAH@Z 1000ef70 f i gameOfLife.obj
 0001:0000df80       ??$forward@AAK@std@@YAAAKAAK@Z 1000ef80 f i gameOfLife.obj
 0001:0000df90       ??$forward@AAPAD@std@@YAAAPADAAPAD@Z 1000ef90 f i gameOfLife.obj
 0001:0000dfa0       ??$forward@AAPAU?$_Tree_node@U?$pair@$$CBHK@std@@PAX@std@@@std@@YAAAPAU?$_Tree_node@U?$pair@$$CBHK@std@@PAX@0@AAPAU10@@Z 1000efa0 f i gameOfLife.obj
 0001:0000dfb0       ??$forward@AAU?$pair@$$CBHK@std@@@std@@YAAAU?$pair@$$CBHK@0@AAU10@@Z 1000efb0 f i gameOfLife.obj
 0001:0000dfc0       ??$forward@AAV?$_Tree_const_iterator@V?$_Tree_val@U?$_Tree_simple_types@U?$pair@$$CBHK@std@@@std@@@std@@@std@@@std@@YAAAV?$_Tree_const_iterator@V?$_Tree_val@U?$_Tree_simple_types@U?$pair@$$CBHK@std@@@std@@@std@@@0@AAV10@@Z 1000efc0 f i gameOfLife.obj
 0001:0000dfd0       ??$forward@AAV?$_Tree_iterator@V?$_Tree_val@U?$_Tree_simple_types@U?$pair@$$CBHK@std@@@std@@@std@@@std@@@std@@YAAAV?$_Tree_iterator@V?$_Tree_val@U?$_Tree_simple_types@U?$pair@$$CBHK@std@@@std@@@std@@@0@AAV10@@Z 1000efd0 f i gameOfLife.obj
 0001:0000dfe0       ??$forward@ABH@std@@YAABHABH@Z 1000efe0 f i gameOfLife.obj
 0001:0000dff0       ??$forward@ABU?$less@H@std@@@std@@YAABU?$less@H@0@ABU10@@Z 1000eff0 f i gameOfLife.obj
 0001:0000e000       ??$forward@ABV?$allocator@D@std@@@std@@YAABV?$allocator@D@0@ABV10@@Z 1000f000 f i gameOfLife.obj
 0001:0000e010       ??$forward@ABV?$allocator@U?$pair@$$CBHK@std@@@std@@@std@@YAABV?$allocator@U?$pair@$$CBHK@std@@@0@ABV10@@Z 1000f010 f i gameOfLife.obj
 0001:0000e020       ??$forward@H@std@@YA$$QAHAAH@Z 1000f020 f i gameOfLife.obj
 0001:0000e030       ??$forward@U_Container_proxy@std@@@std@@YA$$QAU_Container_proxy@0@AAU10@@Z 1000f030 f i gameOfLife.obj
 0001:0000e040       ??$forward@U_One_then_variadic_args_t@std@@@std@@YA$$QAU_One_then_variadic_args_t@0@AAU10@@Z 1000f040 f i gameOfLife.obj
 0001:0000e050       ??$forward@V?$_Tree_iterator@V?$_Tree_val@U?$_Tree_simple_types@U?$pair@$$CBHK@std@@@std@@@std@@@std@@@std@@YA$$QAV?$_Tree_iterator@V?$_Tree_val@U?$_Tree_simple_types@U?$pair@$$CBHK@std@@@std@@@std@@@0@AAV10@@Z 1000f050 f i gameOfLife.obj
 0001:0000e060       ??$forward@_N@std@@YA$$QA_NAA_N@Z 1000f060 f i gameOfLife.obj
 0001:0000e070       ??$insert_or_assign@AAK@?$map@HKU?$less@H@std@@V?$allocator@U?$pair@$$CBHK@std@@@2@@std@@QAE?AU?$pair@V?$_Tree_iterator@V?$_Tree_val@U?$_Tree_simple_types@U?$pair@$$CBHK@std@@@std@@@std@@@std@@_N@1@ABHAAK@Z 1000f070 f i gameOfLife.obj
 0001:0000e0c0       ??$insert_or_assign@H@?$map@HKU?$less@H@std@@V?$allocator@U?$pair@$$CBHK@std@@@2@@std@@QAE?AU?$pair@V?$_Tree_iterator@V?$_Tree_val@U?$_Tree_simple_types@U?$pair@$$CBHK@std@@@std@@@std@@@std@@_N@1@ABH$$QAH@Z 1000f0c0 f i gameOfLife.obj
 0001:0000e110       ??$make_shared@V?$map@HKU?$less@H@std@@V?$allocator@U?$pair@$$CBHK@std@@@2@@std@@$$V@std@@YA?AV?$shared_ptr@V?$map@HKU?$less@H@std@@V?$allocator@U?$pair@$$CBHK@std@@@2@@std@@@0@XZ 1000f110 f i gameOfLife.obj
 0001:0000e200       ??$make_shared@VEnvironment@gol@@AAHAAH@std@@YA?AV?$shared_ptr@VEnvironment@gol@@@0@AAH0@Z 1000f200 f i gameOfLife.obj
 0001:0000e310       ??$make_shared@VEnvironment@gol@@HH@std@@YA?AV?$shared_ptr@VEnvironment@gol@@@0@$$QAH0@Z 1000f310 f i gameOfLife.obj
 0001:0000e420       ??$move@AAV?$shared_ptr@V?$map@HKU?$less@H@std@@V?$allocator@U?$pair@$$CBHK@std@@@2@@std@@@std@@@std@@YA$$QAV?$shared_ptr@V?$map@HKU?$less@H@std@@V?$allocator@U?$pair@$$CBHK@std@@@2@@std@@@0@AAV10@@Z 1000f420 f i gameOfLife.obj
 0001:0000e430       ??$move@AAV?$shared_ptr@VEnvironment@gol@@@std@@@std@@YA$$QAV?$shared_ptr@VEnvironment@gol@@@0@AAV10@@Z 1000f430 f i gameOfLife.obj
 0001:0000e440       ??$swap@D@std@@YAXAAD0@Z   1000f440 f i gameOfLife.obj
 0001:0000e4f0       ??$swap@PAV?$map@HKU?$less@H@std@@V?$allocator@U?$pair@$$CBHK@std@@@2@@std@@@std@@YAXAAPAV?$map@HKU?$less@H@std@@V?$allocator@U?$pair@$$CBHK@std@@@2@@0@0@Z 1000f4f0 f i gameOfLife.obj
 0001:0000e5a0       ??$swap@PAVEnvironment@gol@@@std@@YAXAAPAVEnvironment@gol@@0@Z 1000f5a0 f i gameOfLife.obj
 0001:0000e650       ??$swap@PAV_Ref_count_base@std@@@std@@YAXAAPAV_Ref_count_base@0@0@Z 1000f650 f i gameOfLife.obj
 0001:0000e700       ??0?$Local@VSignature@v8@@@v8@@QAE@XZ 1000f700 f i gameOfLife.obj
 0001:0000e730       ??0?$Local@VValue@v8@@@v8@@QAE@XZ 1000f730 f i gameOfLife.obj
 0001:0000e760       ??0?$ReturnValue@VValue@v8@@@v8@@AAE@PAPAVObject@internal@1@@Z 1000f760 f i gameOfLife.obj
 0001:0000e790       ??0?$_Iterator012@Ubidirectional_iterator_tag@std@@U?$pair@$$CBHK@2@HPBU32@ABU32@U_Iterator_base12@2@@std@@QAE@$$QAU01@@Z 1000f790 f i gameOfLife.obj
 0001:0000e7d0       ??0?$_Iterator012@Ubidirectional_iterator_tag@std@@U?$pair@$$CBHK@2@HPBU32@ABU32@U_Iterator_base12@2@@std@@QAE@ABU01@@Z 1000f7d0 f i gameOfLife.obj
 0001:0000e810       ??0?$_Iterator012@Ubidirectional_iterator_tag@std@@U?$pair@$$CBHK@2@HPBU32@ABU32@U_Iterator_base12@2@@std@@QAE@XZ 1000f810 f i gameOfLife.obj
 0001:0000e840       ??0?$_Ptr_base@V?$map@HKU?$less@H@std@@V?$allocator@U?$pair@$$CBHK@std@@@2@@std@@@std@@QAE@$$QAV01@@Z 1000f840 f i gameOfLife.obj
 0001:0000e890       ??0?$_Ptr_base@V?$map@HKU?$less@H@std@@V?$allocator@U?$pair@$$CBHK@std@@@2@@std@@@std@@QAE@XZ 1000f890 f i gameOfLife.obj
 0001:0000e8d0       ??0?$_Ptr_base@VEnvironment@gol@@@std@@QAE@$$QAV01@@Z 1000f8d0 f i gameOfLife.obj
 0001:0000e920       ??0?$_Ptr_base@VEnvironment@gol@@@std@@QAE@XZ 1000f920 f i gameOfLife.obj
 0001:0000e960       ??0?$_String_alloc@U?$_String_base_types@DV?$allocator@D@std@@@std@@@std@@QAE@ABV?$allocator@D@1@@Z 1000f960 f i gameOfLife.obj
 0001:0000e9c0       ??0?$_String_val@U?$_Simple_types@D@std@@@std@@QAE@XZ 1000f9c0 f i gameOfLife.obj
 0001:0000ea10       ??0?$_Tree@V?$_Tmap_traits@HKU?$less@H@std@@V?$allocator@U?$pair@$$CBHK@std@@@2@$0A@@std@@@std@@QAE@ABU?$less@H@1@ABV?$allocator@U?$pair@$$CBHK@std@@@1@@Z 1000fa10 f i gameOfLife.obj
 0001:0000ea50       ??0?$_Tree@V?$_Tmap_traits@HKU?$less@H@std@@V?$allocator@U?$pair@$$CBHK@std@@@2@$0A@@std@@@std@@QAE@ABV01@ABV?$allocator@U?$pair@$$CBHK@std@@@1@@Z 1000fa50 f i gameOfLife.obj
 0001:0000eae0       ??0?$_Tree_comp_alloc@V?$_Tmap_traits@HKU?$less@H@std@@V?$allocator@U?$pair@$$CBHK@std@@@2@$0A@@std@@@std@@QAE@ABU?$less@H@1@ABV?$allocator@U?$pair@$$CBHK@std@@@1@@Z 1000fae0 f i gameOfLife.obj
 0001:0000eb40       ??0?$_Tree_const_iterator@V?$_Tree_val@U?$_Tree_simple_types@U?$pair@$$CBHK@std@@@std@@@std@@@std@@QAE@$$QAV01@@Z 1000fb40 f i gameOfLife.obj
 0001:0000eb80       ??0?$_Tree_const_iterator@V?$_Tree_val@U?$_Tree_simple_types@U?$pair@$$CBHK@std@@@std@@@std@@@std@@QAE@ABV01@@Z 1000fb80 f i gameOfLife.obj
 0001:0000ebc0       ??0?$_Tree_const_iterator@V?$_Tree_val@U?$_Tree_simple_types@U?$pair@$$CBHK@std@@@std@@@std@@@std@@QAE@PAU?$_Tree_node@U?$pair@$$CBHK@std@@PAX@1@PBV?$_Tree_val@U?$_Tree_simple_types@U?$pair@$$CBHK@std@@@std@@@1@@Z 1000fbc0 f i gameOfLife.obj
 0001:0000ec00       ??0?$_Tree_const_iterator@V?$_Tree_val@U?$_Tree_simple_types@U?$pair@$$CBHK@std@@@std@@@std@@@std@@QAE@XZ 1000fc00 f i gameOfLife.obj
 0001:0000ec30       ??0?$_Tree_iterator@V?$_Tree_val@U?$_Tree_simple_types@U?$pair@$$CBHK@std@@@std@@@std@@@std@@QAE@$$QAV01@@Z 1000fc30 f i gameOfLife.obj
 0001:0000ec70       ??0?$_Tree_iterator@V?$_Tree_val@U?$_Tree_simple_types@U?$pair@$$CBHK@std@@@std@@@std@@@std@@QAE@ABV01@@Z 1000fc70 f i gameOfLife.obj
 0001:0000ecb0       ??0?$_Tree_iterator@V?$_Tree_val@U?$_Tree_simple_types@U?$pair@$$CBHK@std@@@std@@@std@@@std@@QAE@PAU?$_Tree_node@U?$pair@$$CBHK@std@@PAX@1@PBV?$_Tree_val@U?$_Tree_simple_types@U?$pair@$$CBHK@std@@@std@@@1@@Z 1000fcb0 f i gameOfLife.obj
 0001:0000ecf0       ??0?$_Tree_unchecked_const_iterator@V?$_Tree_val@U?$_Tree_simple_types@U?$pair@$$CBHK@std@@@std@@@std@@U_Iterator_base12@2@@std@@QAE@$$QAV01@@Z 1000fcf0 f i gameOfLife.obj
 0001:0000ed40       ??0?$_Tree_unchecked_const_iterator@V?$_Tree_val@U?$_Tree_simple_types@U?$pair@$$CBHK@std@@@std@@@std@@U_Iterator_base12@2@@std@@QAE@ABV01@@Z 1000fd40 f i gameOfLife.obj
 0001:0000ed90       ??0?$_Tree_unchecked_const_iterator@V?$_Tree_val@U?$_Tree_simple_types@U?$pair@$$CBHK@std@@@std@@@std@@U_Iterator_base12@2@@std@@QAE@PAU?$_Tree_node@U?$pair@$$CBHK@std@@PAX@1@PBV?$_Tree_val@U?$_Tree_simple_types@U?$pair@$$CBHK@std@@@std@@@1@@Z 1000fd90 f i gameOfLife.obj
 0001:0000ede0       ??0?$_Tree_unchecked_const_iterator@V?$_Tree_val@U?$_Tree_simple_types@U?$pair@$$CBHK@std@@@std@@@std@@U_Iterator_base12@2@@std@@QAE@XZ 1000fde0 f i gameOfLife.obj
 0001:0000ee20       ??0?$_Tree_val@U?$_Tree_simple_types@U?$pair@$$CBHK@std@@@std@@@std@@QAE@XZ 1000fe20 f i gameOfLife.obj
 0001:0000ee70       ??0?$_Wrap_alloc@V?$allocator@D@std@@@std@@QAE@ABV?$allocator@D@1@@Z 1000fe70 f i gameOfLife.obj
 0001:0000eeb0       ??0?$_Wrap_alloc@V?$allocator@U?$_Tree_node@U?$pair@$$CBHK@std@@PAX@std@@@std@@@std@@QAE@ABV?$allocator@U?$_Tree_node@U?$pair@$$CBHK@std@@PAX@std@@@1@@Z 1000feb0 f i gameOfLife.obj
 0001:0000eef0       ??0?$allocator@D@std@@QAE@ABV01@@Z 1000fef0 f i gameOfLife.obj
 0001:0000ef10       ??0?$allocator@D@std@@QAE@XZ 1000ff10 f i gameOfLife.obj
 0001:0000ef30       ??0?$allocator@U?$_Tree_node@U?$pair@$$CBHK@std@@PAX@std@@@std@@QAE@ABV01@@Z 1000ff30 f i gameOfLife.obj
 0001:0000ef50       ??0?$allocator@U?$pair@$$CBHK@std@@@std@@QAE@XZ 1000ff50 f i gameOfLife.obj
 0001:0000ef70       ??0?$basic_string@DU?$char_traits@D@std@@V?$allocator@D@2@@std@@QAE@ABV01@IIABV?$allocator@D@1@@Z 1000ff70 f i gameOfLife.obj
 0001:0000efd0       ??0?$basic_string@DU?$char_traits@D@std@@V?$allocator@D@2@@std@@QAE@PBD@Z 1000ffd0 f i gameOfLife.obj
 0001:0000f040       ??0?$basic_string@DU?$char_traits@D@std@@V?$allocator@D@2@@std@@QAE@PBDI@Z 10010040 f i gameOfLife.obj
 0001:0000f0b0       ??0?$map@HKU?$less@H@std@@V?$allocator@U?$pair@$$CBHK@std@@@2@@std@@QAE@ABV01@@Z 100100b0 f i gameOfLife.obj
 0001:0000f130       ??0?$map@HKU?$less@H@std@@V?$allocator@U?$pair@$$CBHK@std@@@2@@std@@QAE@XZ 10010130 f i gameOfLife.obj
 0001:0000f180       ??0?$shared_ptr@V?$map@HKU?$less@H@std@@V?$allocator@U?$pair@$$CBHK@std@@@2@@std@@@std@@QAE@$$QAV01@@Z 10010180 f i gameOfLife.obj
 0001:0000f1d0       ??0?$shared_ptr@V?$map@HKU?$less@H@std@@V?$allocator@U?$pair@$$CBHK@std@@@2@@std@@@std@@QAE@XZ 100101d0 f i gameOfLife.obj
 0001:0000f200       ??0?$shared_ptr@VEnvironment@gol@@@std@@QAE@$$QAV01@@Z 10010200 f i gameOfLife.obj
 0001:0000f250       ??0?$shared_ptr@VEnvironment@gol@@@std@@QAE@XZ 10010250 f i gameOfLife.obj
 0001:0000f280       ??0Cell@gol@@QAE@XZ        10010280 f i gameOfLife.obj
 0001:0000f2c0       ??0CountAndColor@gol@@QAE@HK@Z 100102c0 f i gameOfLife.obj
 0001:0000f300       ??0Environment@gol@@QAE@HH@Z 10010300 f i gameOfLife.obj
 0001:0000f4d0       ??0_Container_base12@std@@QAE@XZ 100104d0 f i gameOfLife.obj
 0001:0000f500       ??0_Container_proxy@std@@QAE@XZ 10010500 f i gameOfLife.obj
 0001:0000f540       ??0_Iterator_base12@std@@QAE@ABU01@@Z 10010540 f i gameOfLife.obj
 0001:0000f590       ??0_Iterator_base12@std@@QAE@XZ 10010590 f i gameOfLife.obj
 0001:0000f5d0       ??0_Ref_count_base@std@@IAE@XZ 100105d0 f i gameOfLife.obj
 0001:0000f630       ??1?$_Compressed_pair@U?$_Wrap_alloc@V?$allocator@D@std@@@std@@V?$_String_val@U?$_Simple_types@D@std@@@2@$00@std@@QAE@XZ 10010630 f i gameOfLife.obj
 0001:0000f660       ??1?$_Compressed_pair@U?$_Wrap_alloc@V?$allocator@U?$_Tree_node@U?$pair@$$CBHK@std@@PAX@std@@@std@@@std@@V?$_Tree_val@U?$_Tree_simple_types@U?$pair@$$CBHK@std@@@std@@@2@$00@std@@QAE@XZ 10010660 f i gameOfLife.obj
 0001:0000f690       ??1?$_Compressed_pair@U?$less@H@std@@V?$_Compressed_pair@U?$_Wrap_alloc@V?$allocator@U?$_Tree_node@U?$pair@$$CBHK@std@@PAX@std@@@std@@@std@@V?$_Tree_val@U?$_Tree_simple_types@U?$pair@$$CBHK@std@@@std@@@2@$00@2@$00@std@@QAE@XZ 10010690 f i gameOfLife.obj
 0001:0000f6c0       ??1?$_Iterator012@Ubidirectional_iterator_tag@std@@U?$pair@$$CBHK@2@HPBU32@ABU32@U_Iterator_base12@2@@std@@QAE@XZ 100106c0 f i gameOfLife.obj
 0001:0000f6f0       ??1?$_Ref_count_obj@V?$map@HKU?$less@H@std@@V?$allocator@U?$pair@$$CBHK@std@@@2@@std@@@std@@UAE@XZ 100106f0 f i gameOfLife.obj
 0001:0000f720       ??1?$_Ref_count_obj@VEnvironment@gol@@@std@@UAE@XZ 10010720 f i gameOfLife.obj
 0001:0000f750       ??1?$_String_alloc@U?$_String_base_types@DV?$allocator@D@std@@@std@@@std@@QAE@XZ 10010750 f i gameOfLife.obj
 0001:0000f790       ??1?$_String_val@U?$_Simple_types@D@std@@@std@@QAE@XZ 10010790 f i gameOfLife.obj
 0001:0000f7c0       ??1?$_Tree@V?$_Tmap_traits@HKU?$less@H@std@@V?$allocator@U?$pair@$$CBHK@std@@@2@$0A@@std@@@std@@QAE@XZ 100107c0 f i gameOfLife.obj
 0001:0000f800       ??1?$_Tree_comp_alloc@V?$_Tmap_traits@HKU?$less@H@std@@V?$allocator@U?$pair@$$CBHK@std@@@2@$0A@@std@@@std@@QAE@XZ 10010800 f i gameOfLife.obj
 0001:0000f850       ??1?$_Tree_const_iterator@V?$_Tree_val@U?$_Tree_simple_types@U?$pair@$$CBHK@std@@@std@@@std@@@std@@QAE@XZ 10010850 f i gameOfLife.obj
 0001:0000f880       ??1?$_Tree_iterator@V?$_Tree_val@U?$_Tree_simple_types@U?$pair@$$CBHK@std@@@std@@@std@@@std@@QAE@XZ 10010880 f i gameOfLife.obj
 0001:0000f8b0       ??1?$_Tree_unchecked_const_iterator@V?$_Tree_val@U?$_Tree_simple_types@U?$pair@$$CBHK@std@@@std@@@std@@U_Iterator_base12@2@@std@@QAE@XZ 100108b0 f i gameOfLife.obj
 0001:0000f8e0       ??1?$_Tree_val@U?$_Tree_simple_types@U?$pair@$$CBHK@std@@@std@@@std@@QAE@XZ 100108e0 f i gameOfLife.obj
 0001:0000f910       ??1?$basic_string@DU?$char_traits@D@std@@V?$allocator@D@2@@std@@QAE@XZ 10010910 f i gameOfLife.obj
 0001:0000f950       ??1?$map@HKU?$less@H@std@@V?$allocator@U?$pair@$$CBHK@std@@@2@@std@@QAE@XZ 10010950 f i gameOfLife.obj
 0001:0000f980       ??1?$pair@V?$_Tree_const_iterator@V?$_Tree_val@U?$_Tree_simple_types@U?$pair@$$CBHK@std@@@std@@@std@@@std@@V12@@std@@QAE@XZ 10010980 f i gameOfLife.obj
 0001:0000f9c0       ??1?$pair@V?$_Tree_iterator@V?$_Tree_val@U?$_Tree_simple_types@U?$pair@$$CBHK@std@@@std@@@std@@@std@@V12@@std@@QAE@XZ 100109c0 f i gameOfLife.obj
 0001:0000fa00       ??1?$pair@V?$_Tree_iterator@V?$_Tree_val@U?$_Tree_simple_types@U?$pair@$$CBHK@std@@@std@@@std@@@std@@_N@std@@QAE@XZ 10010a00 f i gameOfLife.obj
 0001:0000fa30       ??1?$shared_ptr@V?$map@HKU?$less@H@std@@V?$allocator@U?$pair@$$CBHK@std@@@2@@std@@@std@@QAE@XZ 10010a30 f i gameOfLife.obj
 0001:0000fa60       ??1?$shared_ptr@VEnvironment@gol@@@std@@QAE@XZ 10010a60 f i gameOfLife.obj
 0001:0000fa90       ??1Environment@gol@@QAE@XZ 10010a90 f i gameOfLife.obj
 0001:0000fae0       ??1_Container_base12@std@@QAE@XZ 10010ae0 f i gameOfLife.obj
 0001:0000fb10       ??1_Iterator_base12@std@@QAE@XZ 10010b10 f i gameOfLife.obj
 0001:0000fba0       ??1_Ref_count_base@std@@UAE@XZ 10010ba0 f i gameOfLife.obj
 0001:0000fbd0       ??2@YAPAXIPAX@Z            10010bd0 f i gameOfLife.obj
 0001:0000fbe0       ??4?$_Iterator012@Ubidirectional_iterator_tag@std@@U?$pair@$$CBHK@2@HPBU32@ABU32@U_Iterator_base12@2@@std@@QAEAAU01@ABU01@@Z 10010be0 f i gameOfLife.obj
 0001:0000fc20       ??4?$_Tree_const_iterator@V?$_Tree_val@U?$_Tree_simple_types@U?$pair@$$CBHK@std@@@std@@@std@@@std@@QAEAAV01@ABV01@@Z 10010c20 f i gameOfLife.obj
 0001:0000fc60       ??4?$_Tree_unchecked_const_iterator@V?$_Tree_val@U?$_Tree_simple_types@U?$pair@$$CBHK@std@@@std@@@std@@U_Iterator_base12@2@@std@@QAEAAV01@ABV01@@Z 10010c60 f i gameOfLife.obj
 0001:0000fcb0       ??4?$shared_ptr@V?$map@HKU?$less@H@std@@V?$allocator@U?$pair@$$CBHK@std@@@2@@std@@@std@@QAEAAV01@$$QAV01@@Z 10010cb0 f i gameOfLife.obj
 0001:0000fd20       ??4?$shared_ptr@VEnvironment@gol@@@std@@QAEAAV01@$$QAV01@@Z 10010d20 f i gameOfLife.obj
 0001:0000fd90       ??4_Iterator_base12@std@@QAEAAU01@ABU01@@Z 10010d90 f i gameOfLife.obj
 0001:0000fe50       ??8?$_Tree_const_iterator@V?$_Tree_val@U?$_Tree_simple_types@U?$pair@$$CBHK@std@@@std@@@std@@@std@@QBE_NABV01@@Z 10010e50 f i gameOfLife.obj
 0001:0000ff50       ??9?$_Tree_const_iterator@V?$_Tree_val@U?$_Tree_simple_types@U?$pair@$$CBHK@std@@@std@@@std@@@std@@QBE_NABV01@@Z 10010f50 f i gameOfLife.obj
 0001:0000ffb0       ??A?$FunctionCallbackInfo@VValue@v8@@@v8@@QBE?AV?$Local@VValue@v8@@@1@H@Z 10010fb0 f i gameOfLife.obj
 0001:00010050       ??A?$basic_string@DU?$char_traits@D@std@@V?$allocator@D@2@@std@@QAEAADI@Z 10011050 f i gameOfLife.obj
 0001:000100c0       ??C?$Local@VFunction@v8@@@v8@@QBEPAVFunction@1@XZ 100110c0 f i gameOfLife.obj
 0001:000100e0       ??C?$Local@VFunctionTemplate@v8@@@v8@@QBEPAVFunctionTemplate@1@XZ 100110e0 f i gameOfLife.obj
 0001:00010100       ??C?$Local@VObject@v8@@@v8@@QBEPAVObject@1@XZ 10011100 f i gameOfLife.obj
 0001:00010120       ??C?$Local@VValue@v8@@@v8@@QBEPAVValue@1@XZ 10011120 f i gameOfLife.obj
 0001:00010140       ??C?$_Tree_iterator@V?$_Tree_val@U?$_Tree_simple_types@U?$pair@$$CBHK@std@@@std@@@std@@@std@@QBEPAU?$pair@$$CBHK@1@XZ 10011140 f i gameOfLife.obj
 0001:00010180       ??C?$shared_ptr@V?$map@HKU?$less@H@std@@V?$allocator@U?$pair@$$CBHK@std@@@2@@std@@@std@@QBEPAV?$map@HKU?$less@H@std@@V?$allocator@U?$pair@$$CBHK@std@@@2@@1@XZ 10011180 f i gameOfLife.obj
 0001:000101b0       ??C?$shared_ptr@VEnvironment@gol@@@std@@QBEPAVEnvironment@gol@@XZ 100111b0 f i gameOfLife.obj
 0001:000101e0       ??D?$Local@VFunction@v8@@@v8@@QBEPAVFunction@1@XZ 100111e0 f i gameOfLife.obj
 0001:00010200       ??D?$Local@VNumber@v8@@@v8@@QBEPAVNumber@1@XZ 10011200 f i gameOfLife.obj
 0001:00010220       ??D?$Local@VObject@v8@@@v8@@QBEPAVObject@1@XZ 10011220 f i gameOfLife.obj
 0001:00010240       ??D?$Local@VPrimitive@v8@@@v8@@QBEPAVPrimitive@1@XZ 10011240 f i gameOfLife.obj
 0001:00010260       ??D?$Local@VString@v8@@@v8@@QBEPAVString@1@XZ 10011260 f i gameOfLife.obj
 0001:00010280       ??D?$_Tree_const_iterator@V?$_Tree_val@U?$_Tree_simple_types@U?$pair@$$CBHK@std@@@std@@@std@@@std@@QBEABU?$pair@$$CBHK@1@XZ 10011280 f i gameOfLife.obj
 0001:00010370       ??D?$_Tree_iterator@V?$_Tree_val@U?$_Tree_simple_types@U?$pair@$$CBHK@std@@@std@@@std@@@std@@QBEAAU?$pair@$$CBHK@1@XZ 10011370 f i gameOfLife.obj
 0001:000103a0       ??D?$shared_ptr@V?$map@HKU?$less@H@std@@V?$allocator@U?$pair@$$CBHK@std@@@2@@std@@@std@@QBEAAV?$map@HKU?$less@H@std@@V?$allocator@U?$pair@$$CBHK@std@@@2@@1@XZ 100113a0 f i gameOfLife.obj
 0001:000103d0       ??E?$_Tree_const_iterator@V?$_Tree_val@U?$_Tree_simple_types@U?$pair@$$CBHK@std@@@std@@@std@@@std@@QAE?AV01@H@Z 100113d0 f i gameOfLife.obj
 0001:00010480       ??E?$_Tree_const_iterator@V?$_Tree_val@U?$_Tree_simple_types@U?$pair@$$CBHK@std@@@std@@@std@@@std@@QAEAAV01@XZ 10011480 f i gameOfLife.obj
 0001:00010570       ??E?$_Tree_iterator@V?$_Tree_val@U?$_Tree_simple_types@U?$pair@$$CBHK@std@@@std@@@std@@@std@@QAEAAV01@XZ 10011570 f i gameOfLife.obj
 0001:000105a0       ??E?$_Tree_unchecked_const_iterator@V?$_Tree_val@U?$_Tree_simple_types@U?$pair@$$CBHK@std@@@std@@@std@@U_Iterator_base12@2@@std@@QAEAAV01@XZ 100115a0 f i gameOfLife.obj
 0001:000106b0       ??F?$_Tree_const_iterator@V?$_Tree_val@U?$_Tree_simple_types@U?$pair@$$CBHK@std@@@std@@@std@@@std@@QAEAAV01@XZ 100116b0 f i gameOfLife.obj
 0001:00010830       ??F?$_Tree_iterator@V?$_Tree_val@U?$_Tree_simple_types@U?$pair@$$CBHK@std@@@std@@@std@@@std@@QAEAAV01@XZ 10011830 f i gameOfLife.obj
 0001:00010860       ??F?$_Tree_unchecked_const_iterator@V?$_Tree_val@U?$_Tree_simple_types@U?$pair@$$CBHK@std@@@std@@@std@@U_Iterator_base12@2@@std@@QAEAAV01@XZ 10011860 f i gameOfLife.obj
 0001:000109b0       ??R?$less@H@std@@QBE_NABH0@Z 100119b0 f i gameOfLife.obj
 0001:00010a00       ??_G?$_Ref_count_obj@V?$map@HKU?$less@H@std@@V?$allocator@U?$pair@$$CBHK@std@@@2@@std@@@std@@UAEPAXI@Z 10011a00 f i gameOfLife.obj
 0001:00010a00       ??_E?$_Ref_count_obj@V?$map@HKU?$less@H@std@@V?$allocator@U?$pair@$$CBHK@std@@@2@@std@@@std@@UAEPAXI@Z 10011a00 f i gameOfLife.obj
 0001:00010a50       ??_G?$_Ref_count_obj@VEnvironment@gol@@@std@@UAEPAXI@Z 10011a50 f i gameOfLife.obj
 0001:00010a50       ??_E?$_Ref_count_obj@VEnvironment@gol@@@std@@UAEPAXI@Z 10011a50 f i gameOfLife.obj
 0001:00010aa0       ??_G?$map@HKU?$less@H@std@@V?$allocator@U?$pair@$$CBHK@std@@@2@@std@@QAEPAXI@Z 10011aa0 f i gameOfLife.obj
 0001:00010af0       ??_GEnvironment@gol@@QAEPAXI@Z 10011af0 f i gameOfLife.obj
 0001:00010b40       ??_E_Ref_count_base@std@@UAEPAXI@Z 10011b40 f i gameOfLife.obj
 0001:00010b40       ??_G_Ref_count_base@std@@UAEPAXI@Z 10011b40 f i gameOfLife.obj
 0001:00010b90       ??_H@YGXPAXIIP6EPAX0@Z@Z   10011b90 f i gameOfLife.obj
 0001:00010c20       ?ApplyNeighborValues@Environment@gol@@QAEXHHAAH000@Z 10011c20 f i gameOfLife.obj
 0001:00010cd0       ?CheckInitialized@Internals@internal@v8@@SAXPAVIsolate@3@@Z 10011cd0 f i gameOfLife.obj
 0001:00010ce0       ?GetDefaultValue@?$ReturnValue@VValue@v8@@@v8@@AAEPAVObject@internal@2@XZ 10011ce0 f i gameOfLife.obj
 0001:00010d10       ?GetIsolate@?$FunctionCallbackInfo@VValue@v8@@@v8@@QBEPAVIsolate@2@XZ 10011d10 f i gameOfLife.obj
 0001:00010d40       ?GetReturnValue@?$FunctionCallbackInfo@VValue@v8@@@v8@@QBE?AV?$ReturnValue@VValue@v8@@@2@XZ 10011d40 f i gameOfLife.obj
 0001:00010d90       ?GetRoot@Internals@internal@v8@@SAPAPAVObject@23@PAVIsolate@3@H@Z 10011d90 f i gameOfLife.obj
 0001:00010dc0       ?IsEmpty@?$Local@VNumber@v8@@@v8@@QBE_NXZ 10011dc0 f i gameOfLife.obj
 0001:00010e10       ?IsEmpty@?$Local@VObject@v8@@@v8@@QBE_NXZ 10011e10 f i gameOfLife.obj
 0001:00010e60       ?Length@?$FunctionCallbackInfo@VValue@v8@@@v8@@QBEHXZ 10011e60 f i gameOfLife.obj
 0001:00010e80       ?NextGeneration@Environment@gol@@QAEXXZ 10011e80 f i gameOfLife.obj
 0001:000111d0       ?Undefined@v8@@YA?AV?$Local@VPrimitive@v8@@@1@PAVIsolate@1@@Z 100121d0 f i gameOfLife.obj
 0001:00011230       ?_Adopt@_Iterator_base12@std@@QAEXPBU_Container_base12@2@@Z 10012230 f i gameOfLife.obj
 0001:00011350       ?_Alloc_proxy@?$_String_alloc@U?$_String_base_types@DV?$allocator@D@std@@@std@@@std@@QAEXXZ 10012350 f i gameOfLife.obj
 0001:00011440       ?_Alloc_proxy@?$_Tree_comp_alloc@V?$_Tmap_traits@HKU?$less@H@std@@V?$allocator@U?$pair@$$CBHK@std@@@2@$0A@@std@@@std@@QAEXXZ 10012440 f i gameOfLife.obj
 0001:00011530       ?_Allocate@std@@YAPAXII_N@Z 10012530 f i gameOfLife.obj
 0001:00011710       ?_Buyheadnode@?$_Tree_comp_alloc@V?$_Tmap_traits@HKU?$less@H@std@@V?$allocator@U?$pair@$$CBHK@std@@@2@$0A@@std@@@std@@QAEPAU?$_Tree_node@U?$pair@$$CBHK@std@@PAX@2@XZ 10012710 f i gameOfLife.obj
 0001:00011890       ?_Buynode0@?$_Tree_comp_alloc@V?$_Tmap_traits@HKU?$less@H@std@@V?$allocator@U?$pair@$$CBHK@std@@@2@$0A@@std@@@std@@QAEPAU?$_Tree_node@U?$pair@$$CBHK@std@@PAX@2@XZ 10012890 f i gameOfLife.obj
 0001:000119c0       ?_Bx@?$_String_alloc@U?$_String_base_types@DV?$allocator@D@std@@@std@@@std@@QAEAAT_Bxty@?$_String_val@U?$_Simple_types@D@std@@@2@XZ 100129c0 f i gameOfLife.obj
 0001:000119f0       ?_Clrcont@_Iterator_base12@std@@QAEXXZ 100129f0 f i gameOfLife.obj
 0001:00011a20       ?_Color@?$_Tree_comp_alloc@V?$_Tmap_traits@HKU?$less@H@std@@V?$allocator@U?$pair@$$CBHK@std@@@2@$0A@@std@@@std@@SAAADPAU?$_Tree_node@U?$pair@$$CBHK@std@@PAX@2@@Z 10012a20 f i gameOfLife.obj
 0001:00011a40       ?_Color@?$_Tree_val@U?$_Tree_simple_types@U?$pair@$$CBHK@std@@@std@@@std@@SAAADPAU?$_Tree_node@U?$pair@$$CBHK@std@@PAX@2@@Z 10012a40 f i gameOfLife.obj
 0001:00011a50       ?_Compare@?$_Tree@V?$_Tmap_traits@HKU?$less@H@std@@V?$allocator@U?$pair@$$CBHK@std@@@2@$0A@@std@@@std@@IBE_NABH0@Z 10012a50 f i gameOfLife.obj
 0001:00011ab0       ?_Construct@?$_Tree_comp_alloc@V?$_Tmap_traits@HKU?$less@H@std@@V?$allocator@U?$pair@$$CBHK@std@@@2@$0A@@std@@@std@@QAEXXZ 10012ab0 f i gameOfLife.obj
 0001:00011b30       ?_Copy@?$basic_string@DU?$char_traits@D@std@@V?$allocator@D@2@@std@@QAEXII@Z 10012b30 f i gameOfLife.obj
 0001:00011d50       ?_Deallocate@std@@YAXPAXII@Z 10012d50 f i gameOfLife.obj
 0001:00012070       ?_Decref@?$_Ptr_base@V?$map@HKU?$less@H@std@@V?$allocator@U?$pair@$$CBHK@std@@@2@@std@@@std@@QAEXXZ 10013070 f i gameOfLife.obj
 0001:000120b0       ?_Decref@?$_Ptr_base@VEnvironment@gol@@@std@@QAEXXZ 100130b0 f i gameOfLife.obj
 0001:000120f0       ?_Decref@_Ref_count_base@std@@QAEXXZ 100130f0 f i gameOfLife.obj
 0001:00012150       ?_Decwref@_Ref_count_base@std@@QAEXXZ 10013150 f i gameOfLife.obj
 0001:000121b0       ?_Delete_this@?$_Ref_count_obj@V?$map@HKU?$less@H@std@@V?$allocator@U?$pair@$$CBHK@std@@@2@@std@@@std@@EAEXXZ 100131b0 f i gameOfLife.obj
 0001:00012230       ?_Delete_this@?$_Ref_count_obj@VEnvironment@gol@@@std@@EAEXXZ 10013230 f i gameOfLife.obj
 0001:000122b0       ?_Destroy@?$_Ref_count_obj@V?$map@HKU?$less@H@std@@V?$allocator@U?$pair@$$CBHK@std@@@2@@std@@@std@@EAEXXZ 100132b0 f i gameOfLife.obj
 0001:000122f0       ?_Destroy@?$_Ref_count_obj@VEnvironment@gol@@@std@@EAEXXZ 100132f0 f i gameOfLife.obj
 0001:00012330       ?_Destroy_if_not_nil@?$_Tree@V?$_Tmap_traits@HKU?$less@H@std@@V?$allocator@U?$pair@$$CBHK@std@@@2@$0A@@std@@@std@@IAEXPAU?$_Tree_node@U?$pair@$$CBHK@std@@PAX@2@@Z 10013330 f i gameOfLife.obj
 0001:000123a0       ?_Enable_shared@std@@YAXPDX0@Z 100133a0 f i gameOfLife.obj
 0001:000123b0       ?_Eos@?$basic_string@DU?$char_traits@D@std@@V?$allocator@D@2@@std@@QAEXI@Z 100133b0 f i gameOfLife.obj
 0001:00012420       ?_Erase@?$_Tree@V?$_Tmap_traits@HKU?$less@H@std@@V?$allocator@U?$pair@$$CBHK@std@@@2@$0A@@std@@@std@@IAEXPAU?$_Tree_node@U?$pair@$$CBHK@std@@PAX@2@@Z 10013420 f i gameOfLife.obj
 0001:00012500       ?_Free_proxy@?$_String_alloc@U?$_String_base_types@DV?$allocator@D@std@@@std@@@std@@QAEXXZ 10013500 f i gameOfLife.obj
 0001:000125d0       ?_Free_proxy@?$_Tree_comp_alloc@V?$_Tmap_traits@HKU?$less@H@std@@V?$allocator@U?$pair@$$CBHK@std@@@2@$0A@@std@@@std@@QAEXXZ 100135d0 f i gameOfLife.obj
 0001:000126a0       ?_Freeheadnode@?$_Tree_comp_alloc@V?$_Tmap_traits@HKU?$less@H@std@@V?$allocator@U?$pair@$$CBHK@std@@@2@$0A@@std@@@std@@QAEXPAU?$_Tree_node@U?$pair@$$CBHK@std@@PAX@2@@Z 100136a0 f i gameOfLife.obj
 0001:00012770       ?_Freenode0@?$_Tree_comp_alloc@V?$_Tmap_traits@HKU?$less@H@std@@V?$allocator@U?$pair@$$CBHK@std@@@2@$0A@@std@@@std@@QAEXPAU?$_Tree_node@U?$pair@$$CBHK@std@@PAX@2@@Z 10013770 f i gameOfLife.obj
 0001:00012840       ?_Get@?$_Ptr_base@V?$map@HKU?$less@H@std@@V?$allocator@U?$pair@$$CBHK@std@@@2@@std@@@std@@QBEPAV?$map@HKU?$less@H@std@@V?$allocator@U?$pair@$$CBHK@std@@@2@@2@XZ 10013840 f i gameOfLife.obj
 0001:00012860       ?_Get@?$_Ptr_base@VEnvironment@gol@@@std@@QBEPAVEnvironment@gol@@XZ 10013860 f i gameOfLife.obj
 0001:00012880       ?_Get_data@?$_String_alloc@U?$_String_base_types@DV?$allocator@D@std@@@std@@@std@@QAEAAV?$_String_val@U?$_Simple_types@D@std@@@2@XZ 10013880 f i gameOfLife.obj
 0001:000128b0       ?_Get_data@?$_String_alloc@U?$_String_base_types@DV?$allocator@D@std@@@std@@@std@@QBEABV?$_String_val@U?$_Simple_types@D@std@@@2@XZ 100138b0 f i gameOfLife.obj
 0001:000128e0       ?_Get_data@?$_Tree_comp_alloc@V?$_Tmap_traits@HKU?$less@H@std@@V?$allocator@U?$pair@$$CBHK@std@@@2@$0A@@std@@@std@@QAEAAV?$_Tree_val@U?$_Tree_simple_types@U?$pair@$$CBHK@std@@@std@@@2@XZ 100138e0 f i gameOfLife.obj
 0001:00012920       ?_Get_data@?$_Tree_comp_alloc@V?$_Tmap_traits@HKU?$less@H@std@@V?$allocator@U?$pair@$$CBHK@std@@@2@$0A@@std@@@std@@QBEABV?$_Tree_val@U?$_Tree_simple_types@U?$pair@$$CBHK@std@@@std@@@2@XZ 10013920 f i gameOfLife.obj
 0001:00012960       ?_Get_deleter@_Ref_count_base@std@@UBEPAXABVtype_info@@@Z 10013960 f i gameOfLife.obj
 0001:00012980       ?_Get_first@?$_Compressed_pair@U?$_Wrap_alloc@V?$allocator@D@std@@@std@@V?$_String_val@U?$_Simple_types@D@std@@@2@$00@std@@QAEAAU?$_Wrap_alloc@V?$allocator@D@std@@@2@XZ 10013980 f i gameOfLife.obj
 0001:000129a0       ?_Get_first@?$_Compressed_pair@U?$_Wrap_alloc@V?$allocator@D@std@@@std@@V?$_String_val@U?$_Simple_types@D@std@@@2@$00@std@@QBEABU?$_Wrap_alloc@V?$allocator@D@std@@@2@XZ 100139a0 f i gameOfLife.obj
 0001:000129c0       ?_Get_first@?$_Compressed_pair@U?$_Wrap_alloc@V?$allocator@U?$_Tree_node@U?$pair@$$CBHK@std@@PAX@std@@@std@@@std@@V?$_Tree_val@U?$_Tree_simple_types@U?$pair@$$CBHK@std@@@std@@@2@$00@std@@QAEAAU?$_Wrap_alloc@V?$allocator@U?$_Tree_node@U?$pair@$$CBHK@std@@PAX@std@@@std@@@2@XZ 100139c0 f i gameOfLife.obj
 0001:000129e0       ?_Get_first@?$_Compressed_pair@U?$_Wrap_alloc@V?$allocator@U?$_Tree_node@U?$pair@$$CBHK@std@@PAX@std@@@std@@@std@@V?$_Tree_val@U?$_Tree_simple_types@U?$pair@$$CBHK@std@@@std@@@2@$00@std@@QBEABU?$_Wrap_alloc@V?$allocator@U?$_Tree_node@U?$pair@$$CBHK@std@@PAX@std@@@std@@@2@XZ 100139e0 f i gameOfLife.obj
 0001:00012a00       ?_Get_first@?$_Compressed_pair@U?$less@H@std@@V?$_Compressed_pair@U?$_Wrap_alloc@V?$allocator@U?$_Tree_node@U?$pair@$$CBHK@std@@PAX@std@@@std@@@std@@V?$_Tree_val@U?$_Tree_simple_types@U?$pair@$$CBHK@std@@@std@@@2@$00@2@$00@std@@QAEAAU?$less@H@2@XZ 10013a00 f i gameOfLife.obj
 0001:00012a20       ?_Get_first@?$_Compressed_pair@U?$less@H@std@@V?$_Compressed_pair@U?$_Wrap_alloc@V?$allocator@U?$_Tree_node@U?$pair@$$CBHK@std@@PAX@std@@@std@@@std@@V?$_Tree_val@U?$_Tree_simple_types@U?$pair@$$CBHK@std@@@std@@@2@$00@2@$00@std@@QBEABU?$less@H@2@XZ 10013a20 f i gameOfLife.obj
 0001:00012a40       ?_Get_second@?$_Compressed_pair@U?$_Wrap_alloc@V?$allocator@D@std@@@std@@V?$_String_val@U?$_Simple_types@D@std@@@2@$00@std@@QAEAAV?$_String_val@U?$_Simple_types@D@std@@@2@XZ 10013a40 f i gameOfLife.obj
 0001:00012a60       ?_Get_second@?$_Compressed_pair@U?$_Wrap_alloc@V?$allocator@D@std@@@std@@V?$_String_val@U?$_Simple_types@D@std@@@2@$00@std@@QBEABV?$_String_val@U?$_Simple_types@D@std@@@2@XZ 10013a60 f i gameOfLife.obj
 0001:00012a80       ?_Get_second@?$_Compressed_pair@U?$_Wrap_alloc@V?$allocator@U?$_Tree_node@U?$pair@$$CBHK@std@@PAX@std@@@std@@@std@@V?$_Tree_val@U?$_Tree_simple_types@U?$pair@$$CBHK@std@@@std@@@2@$00@std@@QAEAAV?$_Tree_val@U?$_Tree_simple_types@U?$pair@$$CBHK@std@@@std@@@2@XZ 10013a80 f i gameOfLife.obj
 0001:00012aa0       ?_Get_second@?$_Compressed_pair@U?$_Wrap_alloc@V?$allocator@U?$_Tree_node@U?$pair@$$CBHK@std@@PAX@std@@@std@@@std@@V?$_Tree_val@U?$_Tree_simple_types@U?$pair@$$CBHK@std@@@std@@@2@$00@std@@QBEABV?$_Tree_val@U?$_Tree_simple_types@U?$pair@$$CBHK@std@@@std@@@2@XZ 10013aa0 f i gameOfLife.obj
 0001:00012ac0       ?_Get_second@?$_Compressed_pair@U?$less@H@std@@V?$_Compressed_pair@U?$_Wrap_alloc@V?$allocator@U?$_Tree_node@U?$pair@$$CBHK@std@@PAX@std@@@std@@@std@@V?$_Tree_val@U?$_Tree_simple_types@U?$pair@$$CBHK@std@@@std@@@2@$00@2@$00@std@@QAEAAV?$_Compressed_pair@U?$_Wrap_alloc@V?$allocator@U?$_Tree_node@U?$pair@$$CBHK@std@@PAX@std@@@std@@@std@@V?$_Tree_val@U?$_Tree_simple_types@U?$pair@$$CBHK@std@@@std@@@2@$00@2@XZ 10013ac0 f i gameOfLife.obj
 0001:00012ae0       ?_Get_second@?$_Compressed_pair@U?$less@H@std@@V?$_Compressed_pair@U?$_Wrap_alloc@V?$allocator@U?$_Tree_node@U?$pair@$$CBHK@std@@PAX@std@@@std@@@std@@V?$_Tree_val@U?$_Tree_simple_types@U?$pair@$$CBHK@std@@@std@@@2@$00@2@$00@std@@QBEABV?$_Compressed_pair@U?$_Wrap_alloc@V?$allocator@U?$_Tree_node@U?$pair@$$CBHK@std@@PAX@std@@@std@@@std@@V?$_Tree_val@U?$_Tree_simple_types@U?$pair@$$CBHK@std@@@std@@@2@$00@2@XZ 10013ae0 f i gameOfLife.obj
 0001:00012b00       ?_Getal@?$_String_alloc@U?$_String_base_types@DV?$allocator@D@std@@@std@@@std@@QAEAAU?$_Wrap_alloc@V?$allocator@D@std@@@2@XZ 10013b00 f i gameOfLife.obj
 0001:00012b30       ?_Getal@?$_String_alloc@U?$_String_base_types@DV?$allocator@D@std@@@std@@@std@@QBEABU?$_Wrap_alloc@V?$allocator@D@std@@@2@XZ 10013b30 f i gameOfLife.obj
 0001:00012b60       ?_Getal@?$_Tree_comp_alloc@V?$_Tmap_traits@HKU?$less@H@std@@V?$allocator@U?$pair@$$CBHK@std@@@2@$0A@@std@@@std@@QAEAAU?$_Wrap_alloc@V?$allocator@U?$_Tree_node@U?$pair@$$CBHK@std@@PAX@std@@@std@@@2@XZ 10013b60 f i gameOfLife.obj
 0001:00012ba0       ?_Getal@?$_Tree_comp_alloc@V?$_Tmap_traits@HKU?$less@H@std@@V?$allocator@U?$pair@$$CBHK@std@@@2@$0A@@std@@@std@@QBEABU?$_Wrap_alloc@V?$allocator@U?$_Tree_node@U?$pair@$$CBHK@std@@PAX@std@@@std@@@2@XZ 10013ba0 f i gameOfLife.obj
 0001:00012be0       ?_Getcomp@?$_Tree_comp_alloc@V?$_Tmap_traits@HKU?$less@H@std@@V?$allocator@U?$pair@$$CBHK@std@@@2@$0A@@std@@@std@@QAEAAU?$less@H@2@XZ 10013be0 f i gameOfLife.obj
 0001:00012c10       ?_Getcomp@?$_Tree_comp_alloc@V?$_Tmap_traits@HKU?$less@H@std@@V?$allocator@U?$pair@$$CBHK@std@@@2@$0A@@std@@@std@@QBEABU?$less@H@2@XZ 10013c10 f i gameOfLife.obj
 0001:00012c40       ?_Getcont@_Iterator_base12@std@@QBEPBU_Container_base12@2@XZ 10013c40 f i gameOfLife.obj
 0001:00012c90       ?_Getpfirst@?$_Tree_comp_alloc@V?$_Tmap_traits@HKU?$less@H@std@@V?$allocator@U?$pair@$$CBHK@std@@@2@$0A@@std@@@std@@QBEPAPAU_Iterator_base12@2@XZ 10013c90 f i gameOfLife.obj
 0001:00012cd0       ?_Getpfirst@_Container_base12@std@@QBEPAPAU_Iterator_base12@2@XZ 10013cd0 f i gameOfLife.obj
 0001:00012d20       ?_Getpnext@_Iterator_base12@std@@QAEPAPAU12@XZ 10013d20 f i gameOfLife.obj
 0001:00012d40       ?_Getptr@?$_Ref_count_obj@V?$map@HKU?$less@H@std@@V?$allocator@U?$pair@$$CBHK@std@@@2@@std@@@std@@QBEPAV?$map@HKU?$less@H@std@@V?$allocator@U?$pair@$$CBHK@std@@@2@@2@XZ 10013d40 f i gameOfLife.obj
 0001:00012d60       ?_Getptr@?$_Ref_count_obj@VEnvironment@gol@@@std@@QBEPAVEnvironment@gol@@XZ 10013d60 f i gameOfLife.obj
 0001:00012d80       ?_Grow@?$basic_string@DU?$char_traits@D@std@@V?$allocator@D@2@@std@@QAE_NI_N@Z 10013d80 f i gameOfLife.obj
 0001:00012e90       ?_Init_atomic_counter@std@@YAXAAKK@Z 10013e90 f i gameOfLife.obj
 0001:00012ea0       ?_Inside@?$basic_string@DU?$char_traits@D@std@@V?$allocator@D@2@@std@@QAE_NPBD@Z 10013ea0 f i gameOfLife.obj
 0001:00012f10       ?_Isnil@?$_Tree_comp_alloc@V?$_Tmap_traits@HKU?$less@H@std@@V?$allocator@U?$pair@$$CBHK@std@@@2@$0A@@std@@@std@@SAAADPAU?$_Tree_node@U?$pair@$$CBHK@std@@PAX@2@@Z 10013f10 f i gameOfLife.obj
 0001:00012f30       ?_Isnil@?$_Tree_val@U?$_Tree_simple_types@U?$pair@$$CBHK@std@@@std@@@std@@SAAADPAU?$_Tree_node@U?$pair@$$CBHK@std@@PAX@2@@Z 10013f30 f i gameOfLife.obj
 0001:00012f40       ?_Key@?$_Tree@V?$_Tmap_traits@HKU?$less@H@std@@V?$allocator@U?$pair@$$CBHK@std@@@2@$0A@@std@@@std@@IBEABHPAU?$_Tree_node@U?$pair@$$CBHK@std@@PAX@2@@Z 10013f40 f i gameOfLife.obj
 0001:00012f80       ?_Kfn@?$_Tree@V?$_Tmap_traits@HKU?$less@H@std@@V?$allocator@U?$pair@$$CBHK@std@@@2@$0A@@std@@@std@@IBEABHABU?$pair@$$CBHK@2@@Z 10013f80 f i gameOfLife.obj
 0001:00012fc0       ?_Left@?$_Tree_comp_alloc@V?$_Tmap_traits@HKU?$less@H@std@@V?$allocator@U?$pair@$$CBHK@std@@@2@$0A@@std@@@std@@SAAAPAU?$_Tree_node@U?$pair@$$CBHK@std@@PAX@2@PAU32@@Z 10013fc0 f i gameOfLife.obj
 0001:00012fe0       ?_Left@?$_Tree_val@U?$_Tree_simple_types@U?$pair@$$CBHK@std@@@std@@@std@@SAAAPAU?$_Tree_node@U?$pair@$$CBHK@std@@PAX@2@PAU32@@Z 10013fe0 f i gameOfLife.obj
 0001:00012ff0       ?_Lmost@?$_Tree@V?$_Tmap_traits@HKU?$less@H@std@@V?$allocator@U?$pair@$$CBHK@std@@@2@$0A@@std@@@std@@IBEAAPAU?$_Tree_node@U?$pair@$$CBHK@std@@PAX@2@XZ 10013ff0 f i gameOfLife.obj
 0001:00013030       ?_Lrotate@?$_Tree@V?$_Tmap_traits@HKU?$less@H@std@@V?$allocator@U?$pair@$$CBHK@std@@@2@$0A@@std@@@std@@IAEXPAU?$_Tree_node@U?$pair@$$CBHK@std@@PAX@2@@Z 10014030 f i gameOfLife.obj
 0001:000131d0       ?_Max@?$_Tree_comp_alloc@V?$_Tmap_traits@HKU?$less@H@std@@V?$allocator@U?$pair@$$CBHK@std@@@2@$0A@@std@@@std@@SAPAU?$_Tree_node@U?$pair@$$CBHK@std@@PAX@2@PAU32@@Z 100141d0 f i gameOfLife.obj
 0001:000131f0       ?_Max@?$_Tree_val@U?$_Tree_simple_types@U?$pair@$$CBHK@std@@@std@@@std@@SAPAU?$_Tree_node@U?$pair@$$CBHK@std@@PAX@2@PAU32@@Z 100141f0 f i gameOfLife.obj
 0001:00013240       ?_Min@?$_Tree_comp_alloc@V?$_Tmap_traits@HKU?$less@H@std@@V?$allocator@U?$pair@$$CBHK@std@@@2@$0A@@std@@@std@@SAPAU?$_Tree_node@U?$pair@$$CBHK@std@@PAX@2@PAU32@@Z 10014240 f i gameOfLife.obj
 0001:00013260       ?_Min@?$_Tree_val@U?$_Tree_simple_types@U?$pair@$$CBHK@std@@@std@@@std@@SAPAU?$_Tree_node@U?$pair@$$CBHK@std@@PAX@2@PAU32@@Z 10014260 f i gameOfLife.obj
 0001:000132b0       ?_Myhead@?$_Tree_comp_alloc@V?$_Tmap_traits@HKU?$less@H@std@@V?$allocator@U?$pair@$$CBHK@std@@@2@$0A@@std@@@std@@QAEAAPAU?$_Tree_node@U?$pair@$$CBHK@std@@PAX@2@XZ 100142b0 f i gameOfLife.obj
 0001:000132e0       ?_Myhead@?$_Tree_comp_alloc@V?$_Tmap_traits@HKU?$less@H@std@@V?$allocator@U?$pair@$$CBHK@std@@@2@$0A@@std@@@std@@QBEABQAU?$_Tree_node@U?$pair@$$CBHK@std@@PAX@2@XZ 100142e0 f i gameOfLife.obj
 0001:00013310       ?_Mynode@?$_Tree_unchecked_const_iterator@V?$_Tree_val@U?$_Tree_simple_types@U?$pair@$$CBHK@std@@@std@@@std@@U_Iterator_base12@2@@std@@QBEPAU?$_Tree_node@U?$pair@$$CBHK@std@@PAX@2@XZ 10014310 f i gameOfLife.obj
 0001:00013330       ?_Myproxy@?$_String_alloc@U?$_String_base_types@DV?$allocator@D@std@@@std@@@std@@QAEAAPAU_Container_proxy@2@XZ 10014330 f i gameOfLife.obj
 0001:00013360       ?_Myproxy@?$_Tree_comp_alloc@V?$_Tmap_traits@HKU?$less@H@std@@V?$allocator@U?$pair@$$CBHK@std@@@2@$0A@@std@@@std@@QAEAAPAU_Container_proxy@2@XZ 10014360 f i gameOfLife.obj
 0001:00013390       ?_Myptr@?$_String_alloc@U?$_String_base_types@DV?$allocator@D@std@@@std@@@std@@QAEPADXZ 10014390 f i gameOfLife.obj
 0001:000133d0       ?_Myptr@?$_String_alloc@U?$_String_base_types@DV?$allocator@D@std@@@std@@@std@@QBEPBDXZ 100143d0 f i gameOfLife.obj
 0001:00013410       ?_Myptr@?$_String_val@U?$_Simple_types@D@std@@@std@@QAEPADXZ 10014410 f i gameOfLife.obj
 0001:00013480       ?_Myptr@?$_String_val@U?$_Simple_types@D@std@@@std@@QBEPBDXZ 10014480 f i gameOfLife.obj
 0001:000134f0       ?_Myres@?$_String_alloc@U?$_String_base_types@DV?$allocator@D@std@@@std@@@std@@QAEAAIXZ 100144f0 f i gameOfLife.obj
 0001:00013520       ?_Mysize@?$_String_alloc@U?$_String_base_types@DV?$allocator@D@std@@@std@@@std@@QAEAAIXZ 10014520 f i gameOfLife.obj
 0001:00013550       ?_Mysize@?$_String_alloc@U?$_String_base_types@DV?$allocator@D@std@@@std@@@std@@QBEABIXZ 10014550 f i gameOfLife.obj
 0001:00013580       ?_Mysize@?$_Tree_comp_alloc@V?$_Tmap_traits@HKU?$less@H@std@@V?$allocator@U?$pair@$$CBHK@std@@@2@$0A@@std@@@std@@QAEAAIXZ 10014580 f i gameOfLife.obj
 0001:000135b0       ?_Mysize@?$_Tree_comp_alloc@V?$_Tmap_traits@HKU?$less@H@std@@V?$allocator@U?$pair@$$CBHK@std@@@2@$0A@@std@@@std@@QBEABIXZ 100145b0 f i gameOfLife.obj
 0001:000135e0       ?_Myval@?$_Tree_comp_alloc@V?$_Tmap_traits@HKU?$less@H@std@@V?$allocator@U?$pair@$$CBHK@std@@@2@$0A@@std@@@std@@SAAAU?$pair@$$CBHK@2@PAU?$_Tree_node@U?$pair@$$CBHK@std@@PAX@2@@Z 100145e0 f i gameOfLife.obj
 0001:00013600       ?_Myval@?$_Tree_val@U?$_Tree_simple_types@U?$pair@$$CBHK@std@@@std@@@std@@SAAAU?$pair@$$CBHK@2@PAU?$_Tree_node@U?$pair@$$CBHK@std@@PAX@2@@Z 10014600 f i gameOfLife.obj
 0001:00013610       ?_Orphan_all@?$_String_alloc@U?$_String_base_types@DV?$allocator@D@std@@@std@@@std@@QAEXXZ 10014610 f i gameOfLife.obj
 0001:00013650       ?_Orphan_all@?$_Tree_comp_alloc@V?$_Tmap_traits@HKU?$less@H@std@@V?$allocator@U?$pair@$$CBHK@std@@@2@$0A@@std@@@std@@QAEXXZ 10014650 f i gameOfLife.obj
 0001:00013690       ?_Orphan_all@_Container_base12@std@@QAEXXZ 10014690 f i gameOfLife.obj
 0001:00013770       ?_Orphan_me@_Iterator_base12@std@@QAEXXZ 10014770 f i gameOfLife.obj
 0001:00013820       ?_Orphan_ptr@?$_Tree@V?$_Tmap_traits@HKU?$less@H@std@@V?$allocator@U?$pair@$$CBHK@std@@@2@$0A@@std@@@std@@IAEXPAU?$_Tree_node@U?$pair@$$CBHK@std@@PAX@2@@Z 10014820 f i gameOfLife.obj
 0001:00013930       ?_Parent@?$_Tree_comp_alloc@V?$_Tmap_traits@HKU?$less@H@std@@V?$allocator@U?$pair@$$CBHK@std@@@2@$0A@@std@@@std@@SAAAPAU?$_Tree_node@U?$pair@$$CBHK@std@@PAX@2@PAU32@@Z 10014930 f i gameOfLife.obj
 0001:00013950       ?_Parent@?$_Tree_val@U?$_Tree_simple_types@U?$pair@$$CBHK@std@@@std@@@std@@SAAAPAU?$_Tree_node@U?$pair@$$CBHK@std@@PAX@2@PAU32@@Z 10014950 f i gameOfLife.obj
 0001:00013960       ?_Reset0@?$_Ptr_base@V?$map@HKU?$less@H@std@@V?$allocator@U?$pair@$$CBHK@std@@@2@@std@@@std@@QAEXPAV?$map@HKU?$less@H@std@@V?$allocator@U?$pair@$$CBHK@std@@@2@@2@PAV_Ref_count_base@2@@Z 10014960 f i gameOfLife.obj
 0001:000139c0       ?_Reset0@?$_Ptr_base@VEnvironment@gol@@@std@@QAEXPAVEnvironment@gol@@PAV_Ref_count_base@2@@Z 100149c0 f i gameOfLife.obj
 0001:00013a20       ?_Right@?$_Tree_comp_alloc@V?$_Tmap_traits@HKU?$less@H@std@@V?$allocator@U?$pair@$$CBHK@std@@@2@$0A@@std@@@std@@SAAAPAU?$_Tree_node@U?$pair@$$CBHK@std@@PAX@2@PAU32@@Z 10014a20 f i gameOfLife.obj
 0001:00013a40       ?_Right@?$_Tree_val@U?$_Tree_simple_types@U?$pair@$$CBHK@std@@@std@@@std@@SAAAPAU?$_Tree_node@U?$pair@$$CBHK@std@@PAX@2@PAU32@@Z 10014a40 f i gameOfLife.obj
 0001:00013a50       ?_Rmost@?$_Tree@V?$_Tmap_traits@HKU?$less@H@std@@V?$allocator@U?$pair@$$CBHK@std@@@2@$0A@@std@@@std@@IBEAAPAU?$_Tree_node@U?$pair@$$CBHK@std@@PAX@2@XZ 10014a50 f i gameOfLife.obj
 0001:00013a90       ?_Root@?$_Tree@V?$_Tmap_traits@HKU?$less@H@std@@V?$allocator@U?$pair@$$CBHK@std@@@2@$0A@@std@@@std@@IBEAAPAU?$_Tree_node@U?$pair@$$CBHK@std@@PAX@2@XZ 10014a90 f i gameOfLife.obj
 0001:00013ad0       ?_Rrotate@?$_Tree@V?$_Tmap_traits@HKU?$less@H@std@@V?$allocator@U?$pair@$$CBHK@std@@@2@$0A@@std@@@std@@IAEXPAU?$_Tree_node@U?$pair@$$CBHK@std@@PAX@2@@Z 10014ad0 f i gameOfLife.obj
 0001:00013c70       ?_Swap@?$_Ptr_base@V?$map@HKU?$less@H@std@@V?$allocator@U?$pair@$$CBHK@std@@@2@@std@@@std@@QAEXAAV12@@Z 10014c70 f i gameOfLife.obj
 0001:00013cd0       ?_Swap@?$_Ptr_base@VEnvironment@gol@@@std@@QAEXAAV12@@Z 10014cd0 f i gameOfLife.obj
 0001:00013d30       ?_Tidy@?$_Tree@V?$_Tmap_traits@HKU?$less@H@std@@V?$allocator@U?$pair@$$CBHK@std@@@2@$0A@@std@@@std@@IAEXXZ 10014d30 f i gameOfLife.obj
 0001:00013dd0       ?_Tidy@?$basic_string@DU?$char_traits@D@std@@V?$allocator@D@2@@std@@QAEX_NI@Z 10014dd0 f i gameOfLife.obj
 0001:00013ed0       ?_Xlen@?$basic_string@DU?$char_traits@D@std@@V?$allocator@D@2@@std@@QBEXXZ 10014ed0 f i gameOfLife.obj
 0001:00013f00       ?_Xran@?$basic_string@DU?$char_traits@D@std@@V?$allocator@D@2@@std@@QBEXXZ 10014f00 f i gameOfLife.obj
 0001:00013f30       ?__empty_global_delete@@YAXPAX@Z 10014f30 f i gameOfLife.obj
 0001:00013f40       ?__empty_global_delete@@YAXPAXI@Z 10014f40 f i gameOfLife.obj
 0001:00013f50       ?alive@Cell@gol@@QBE_NXZ   10014f50 f i gameOfLife.obj
 0001:00013f70       ?allocate@?$_Wrap_alloc@V?$allocator@D@std@@@std@@QAEPADI@Z 10014f70 f i gameOfLife.obj
 0001:00013fb0       ?allocate@?$_Wrap_alloc@V?$allocator@U?$_Tree_node@U?$pair@$$CBHK@std@@PAX@std@@@std@@@std@@QAEPAU?$_Tree_node@U?$pair@$$CBHK@std@@PAX@2@I@Z 10014fb0 f i gameOfLife.obj
 0001:00013ff0       ?allocate@?$_Wrap_alloc@V?$allocator@U_Container_proxy@std@@@std@@@std@@QAEPAU_Container_proxy@2@I@Z 10014ff0 f i gameOfLife.obj
 0001:00014030       ?allocate@?$allocator@D@std@@QAEPADI@Z 10015030 f i gameOfLife.obj
 0001:00014070       ?allocate@?$allocator@U?$_Tree_node@U?$pair@$$CBHK@std@@PAX@std@@@std@@QAEPAU?$_Tree_node@U?$pair@$$CBHK@std@@PAX@2@I@Z 10015070 f i gameOfLife.obj
 0001:000140b0       ?allocate@?$allocator@U_Container_proxy@std@@@std@@QAEPAU_Container_proxy@2@I@Z 100150b0 f i gameOfLife.obj
 0001:000140f0       ?assign@?$basic_string@DU?$char_traits@D@std@@V?$allocator@D@2@@std@@QAEAAV12@ABV12@II@Z 100150f0 f i gameOfLife.obj
 0001:000141f0       ?assign@?$basic_string@DU?$char_traits@D@std@@V?$allocator@D@2@@std@@QAEAAV12@PBD@Z 100151f0 f i gameOfLife.obj
 0001:00014250       ?assign@?$basic_string@DU?$char_traits@D@std@@V?$allocator@D@2@@std@@QAEAAV12@PBDI@Z 10015250 f i gameOfLife.obj
 0001:00014350       ?assign@?$char_traits@D@std@@SAXAADABD@Z 10015350 f i gameOfLife.obj
 0001:00014370       ?b@Cell@gol@@QBEHXZ        10015370 f i gameOfLife.obj
 0001:000143a0       ?begin@?$_Tree@V?$_Tmap_traits@HKU?$less@H@std@@V?$allocator@U?$pair@$$CBHK@std@@@2@$0A@@std@@@std@@QAE?AV?$_Tree_iterator@V?$_Tree_val@U?$_Tree_simple_types@U?$pair@$$CBHK@std@@@std@@@std@@@2@XZ 100153a0 f i gameOfLife.obj
 0001:000143f0       ?c_str@?$basic_string@DU?$char_traits@D@std@@V?$allocator@D@2@@std@@QBEPBDXZ 100153f0 f i gameOfLife.obj
 0001:00014420       ?clear@?$_Tree@V?$_Tmap_traits@HKU?$less@H@std@@V?$allocator@U?$pair@$$CBHK@std@@@2@$0A@@std@@@std@@QAEXXZ 10015420 f i gameOfLife.obj
 0001:000144d0       ?copy@?$char_traits@D@std@@SAPADPADPBDI@Z 100154d0 f i gameOfLife.obj
 0001:00014530       ?createRGB@Environment@gol@@QBEKHHH@Z 10015530 f i gameOfLife.obj
 0001:00014580       ?deallocate@?$_Wrap_alloc@V?$allocator@D@std@@@std@@QAEXPADI@Z 10015580 f i gameOfLife.obj
 0001:000145c0       ?deallocate@?$_Wrap_alloc@V?$allocator@U?$_Tree_node@U?$pair@$$CBHK@std@@PAX@std@@@std@@@std@@QAEXPAU?$_Tree_node@U?$pair@$$CBHK@std@@PAX@2@I@Z 100155c0 f i gameOfLife.obj
 0001:00014600       ?deallocate@?$_Wrap_alloc@V?$allocator@U_Container_proxy@std@@@std@@@std@@QAEXPAU_Container_proxy@2@I@Z 10015600 f i gameOfLife.obj
 0001:00014640       ?deallocate@?$allocator@D@std@@QAEXPADI@Z 10015640 f i gameOfLife.obj
 0001:00014680       ?deallocate@?$allocator@U?$_Tree_node@U?$pair@$$CBHK@std@@PAX@std@@@std@@QAEXPAU?$_Tree_node@U?$pair@$$CBHK@std@@PAX@2@I@Z 10015680 f i gameOfLife.obj
 0001:000146c0       ?deallocate@?$allocator@U_Container_proxy@std@@@std@@QAEXPAU_Container_proxy@2@I@Z 100156c0 f i gameOfLife.obj
 0001:00014700       ?end@?$_Tree@V?$_Tmap_traits@HKU?$less@H@std@@V?$allocator@U?$pair@$$CBHK@std@@@2@$0A@@std@@@std@@QAE?AV?$_Tree_iterator@V?$_Tree_val@U?$_Tree_simple_types@U?$pair@$$CBHK@std@@@std@@@std@@@2@XZ 10015700 f i gameOfLife.obj
 0001:00014750       ?equal_range@?$_Tree@V?$_Tmap_traits@HKU?$less@H@std@@V?$allocator@U?$pair@$$CBHK@std@@@2@$0A@@std@@@std@@QAE?AU?$pair@V?$_Tree_iterator@V?$_Tree_val@U?$_Tree_simple_types@U?$pair@$$CBHK@std@@@std@@@std@@@std@@V12@@2@ABH@Z 10015750 f i gameOfLife.obj
 0001:00014790       ?erase@?$_Tree@V?$_Tmap_traits@HKU?$less@H@std@@V?$allocator@U?$pair@$$CBHK@std@@@2@$0A@@std@@@std@@QAE?AV?$_Tree_iterator@V?$_Tree_val@U?$_Tree_simple_types@U?$pair@$$CBHK@std@@@std@@@std@@@2@V?$_Tree_const_iterator@V?$_Tree_val@U?$_Tree_simple_types@U?$pair@$$CBHK@std@@@std@@@std@@@2@0@Z 10015790 f i gameOfLife.obj
 0001:00014940       ?erase@?$_Tree@V?$_Tmap_traits@HKU?$less@H@std@@V?$allocator@U?$pair@$$CBHK@std@@@2@$0A@@std@@@std@@QAE?AV?$_Tree_iterator@V?$_Tree_val@U?$_Tree_simple_types@U?$pair@$$CBHK@std@@@std@@@std@@@2@V?$_Tree_const_iterator@V?$_Tree_val@U?$_Tree_simple_types@U?$pair@$$CBHK@std@@@std@@@std@@@2@@Z 10015940 f i gameOfLife.obj
 0001:00015340       ?erase@?$_Tree@V?$_Tmap_traits@HKU?$less@H@std@@V?$allocator@U?$pair@$$CBHK@std@@@2@$0A@@std@@@std@@QAEIABH@Z 10016340 f i gameOfLife.obj
 0001:00015470       ?erase@?$basic_string@DU?$char_traits@D@std@@V?$allocator@D@2@@std@@QAEAAV12@I@Z 10016470 f i gameOfLife.obj
 0001:000154d0       ?erase@?$basic_string@DU?$char_traits@D@std@@V?$allocator@D@2@@std@@QAEAAV12@II@Z 100164d0 f i gameOfLife.obj
 0001:000155b0       ?flipCell@Environment@gol@@QAEXHH@Z 100165b0 f i gameOfLife.obj
 0001:000156d0       ?g@Cell@gol@@QBEHXZ        100166d0 f i gameOfLife.obj
 0001:00015700       ?getCell@Environment@gol@@QBEPAVCell@2@HH@Z 10016700 f i gameOfLife.obj
 0001:00015740       ?getCellsBorn@Environment@gol@@QBE?AV?$map@HKU?$less@H@std@@V?$allocator@U?$pair@$$CBHK@std@@@2@@std@@XZ 10016740 f i gameOfLife.obj
 0001:00015790       ?getCellsDied@Environment@gol@@QBE?AV?$map@HKU?$less@H@std@@V?$allocator@U?$pair@$$CBHK@std@@@2@@std@@XZ 10016790 f i gameOfLife.obj
 0001:000157e0       ?getGen@Environment@gol@@QBEHXZ 100167e0 f i gameOfLife.obj
 0001:00015800       ?getLiveCells@Environment@gol@@QBE?AV?$map@HKU?$less@H@std@@V?$allocator@U?$pair@$$CBHK@std@@@2@@std@@XZ 10016800 f i gameOfLife.obj
 0001:00015850       ?getOldCell@Environment@gol@@QBEPAVCell@2@HH@Z 10016850 f i gameOfLife.obj
 0001:00015890       ?get_allocator@?$basic_string@DU?$char_traits@D@std@@V?$allocator@D@2@@std@@QBE?AV?$allocator@D@2@XZ 10016890 f i gameOfLife.obj
 0001:000158d0       ?hexStringToColor@Environment@gol@@QAEKV?$basic_string@DU?$char_traits@D@std@@V?$allocator@D@2@@std@@@Z 100168d0 f i gameOfLife.obj
 0001:00015a10       ?key_comp@?$_Tree@V?$_Tmap_traits@HKU?$less@H@std@@V?$allocator@U?$pair@$$CBHK@std@@@2@$0A@@std@@@std@@QBE?AU?$less@H@2@XZ 10016a10 f i gameOfLife.obj
 0001:00015a50       ?length@?$basic_string@DU?$char_traits@D@std@@V?$allocator@D@2@@std@@QBEIXZ 10016a50 f i gameOfLife.obj
 0001:00015a80       ?length@?$char_traits@D@std@@SAIPBD@Z 10016a80 f i gameOfLife.obj
 0001:00015ad0       ?lower_bound@?$_Tree@V?$_Tmap_traits@HKU?$less@H@std@@V?$allocator@U?$pair@$$CBHK@std@@@2@$0A@@std@@@std@@QAE?AV?$_Tree_iterator@V?$_Tree_val@U?$_Tree_simple_types@U?$pair@$$CBHK@std@@@std@@@std@@@2@ABH@Z 10016ad0 f i gameOfLife.obj
 0001:00015b20       ?max_size@?$_Tree@V?$_Tmap_traits@HKU?$less@H@std@@V?$allocator@U?$pair@$$CBHK@std@@@2@$0A@@std@@@std@@QBEIXZ 10016b20 f i gameOfLife.obj
 0001:00015b70       ?max_size@?$_Wrap_alloc@V?$allocator@D@std@@@std@@QBEIU_Nil@2@@Z 10016b70 f i gameOfLife.obj
 0001:00015bb0       ?max_size@?$_Wrap_alloc@V?$allocator@U?$_Tree_node@U?$pair@$$CBHK@std@@PAX@std@@@std@@@std@@QBEIU_Nil@2@@Z 10016bb0 f i gameOfLife.obj
 0001:00015bf0       ?max_size@?$allocator@D@std@@QBEIXZ 10016bf0 f i gameOfLife.obj
 0001:00015c10       ?max_size@?$allocator@U?$_Tree_node@U?$pair@$$CBHK@std@@PAX@std@@@std@@QBEIXZ 10016c10 f i gameOfLife.obj
 0001:00015c30       ?max_size@?$allocator_traits@V?$allocator@D@std@@@std@@SAIABV?$allocator@D@2@@Z 10016c30 f i gameOfLife.obj
 0001:00015c50       ?max_size@?$allocator_traits@V?$allocator@U?$_Tree_node@U?$pair@$$CBHK@std@@PAX@std@@@std@@@std@@SAIABV?$allocator@U?$_Tree_node@U?$pair@$$CBHK@std@@PAX@std@@@2@@Z 10016c50 f i gameOfLife.obj
 0001:00015c70       ?max_size@?$basic_string@DU?$char_traits@D@std@@V?$allocator@D@2@@std@@QBEIXZ 10016c70 f i gameOfLife.obj
 0001:00015ce0       ?move@?$char_traits@D@std@@SAPADPADPBDI@Z 10016ce0 f i gameOfLife.obj
 0001:00015d40       ?neighborCountAndAverageColor@Environment@gol@@QAE?AUCountAndColor@2@HH@Z 10016d40 f i gameOfLife.obj
 0001:00016020       ?pointer_to@?$pointer_traits@PAU?$pair@$$CBHK@std@@@std@@SAPAU?$pair@$$CBHK@2@AAU32@@Z 10017020 f i gameOfLife.obj
 0001:00016040       ?r@Cell@gol@@QBEHXZ        10017040 f i gameOfLife.obj
 0001:00016070       ?reset@?$shared_ptr@VEnvironment@gol@@@std@@QAEXXZ 10017070 f i gameOfLife.obj
 0001:000160d0       ?select_on_container_copy_construction@?$_Wrap_alloc@V?$allocator@U?$_Tree_node@U?$pair@$$CBHK@std@@PAX@std@@@std@@@std@@QBE?AU12@U_Nil@2@@Z 100170d0 f i gameOfLife.obj
 0001:00016130       ?select_on_container_copy_construction@?$allocator_traits@V?$allocator@U?$_Tree_node@U?$pair@$$CBHK@std@@PAX@std@@@std@@@std@@SA?AV?$allocator@U?$_Tree_node@U?$pair@$$CBHK@std@@PAX@std@@@2@ABV32@@Z 10017130 f i gameOfLife.obj
 0001:00016160       ?setCellColor@Environment@gol@@QAEXHHK@Z 10017160 f i gameOfLife.obj
 0001:000161f0       ?setColorAndFlipCell@Environment@gol@@QAEXHHK@Z 100171f0 f i gameOfLife.obj
 0001:00016250       ?size@?$_Tree@V?$_Tmap_traits@HKU?$less@H@std@@V?$allocator@U?$pair@$$CBHK@std@@@2@$0A@@std@@@std@@QBEIXZ 10017250 f i gameOfLife.obj
 0001:00016280       ?size@?$basic_string@DU?$char_traits@D@std@@V?$allocator@D@2@@std@@QBEIXZ 10017280 f i gameOfLife.obj
 0001:000162b0       ?stoi@std@@YAHABV?$basic_string@DU?$char_traits@D@std@@V?$allocator@D@2@@1@PAIH@Z 100172b0 f i gameOfLife.obj
 0001:000163c0       ?substr@?$basic_string@DU?$char_traits@D@std@@V?$allocator@D@2@@std@@QBE?AV12@II@Z 100173c0 f i gameOfLife.obj
 0001:00016420       ?swap@?$shared_ptr@V?$map@HKU?$less@H@std@@V?$allocator@U?$pair@$$CBHK@std@@@2@@std@@@std@@QAEXAAV12@@Z 10017420 f i gameOfLife.obj
 0001:00016460       ?swap@?$shared_ptr@VEnvironment@gol@@@std@@QAEXAAV12@@Z 10017460 f i gameOfLife.obj
 0001:000164a0       ?to_string@std@@YA?AV?$basic_string@DU?$char_traits@D@std@@V?$allocator@D@2@@1@H@Z 100174a0 f i gameOfLife.obj
 0001:000164d0       ?to_string@std@@YA?AV?$basic_string@DU?$char_traits@D@std@@V?$allocator@D@2@@1@K@Z 100174d0 f i gameOfLife.obj
 0001:00016500       ?toggleLife@Cell@gol@@QAEXXZ 10017500 f i gameOfLife.obj
 0001:00016550       ___local_stdio_printf_options 10017550 f i gameOfLife.obj
 0001:00016560       __vsprintf_s_l             10017560 f i gameOfLife.obj
[...]
 0003:000006d0       ___acrt_initial_multibyte_data 100d36d0     libucrtd:mbctype.obj
 0003:0000095c       ___acrt_current_multibyte_data 100d395c     libucrtd:mbctype.obj
 0003:00000960       __pctype                   100d3960     libucrtd:ctype.obj
 0003:00000964       __pwctype                  100d3964     libucrtd:ctype.obj
 0003:00000968       ___globallocalestatus      100d3968     libucrtd:glstatus.obj
 0003:0000096c       ___acrt_lconv_static_decimal 100d396c     libucrtd:localeconv.obj
 0003:00000970       ___acrt_lconv_static_W_decimal 100d3970     libucrtd:localeconv.obj
 0003:00000978       ___acrt_lconv_c            100d3978     libucrtd:localeconv.obj
 0003:000009d8       ___acrt_lconv              100d39d8     libucrtd:localeconv.obj
 0003:000009e0       ___dcrt_lowio_console_output_handle 100d39e0     libucrtd:initcon.obj
 0003:00000b38       ??_R0?AV_Ref_count_base@std@@@8 100d3b38     gameOfLife.obj
 0003:00000b60       ??_R0?AV?$_Ref_count_obj@V?$map@HKU?$less@H@std@@V?$allocator@U?$pair@$$CBHK@std@@@2@@std@@@std@@@8 100d3b60     gameOfLife.obj
 0003:00000bdc       ??_R0?AV?$_Ref_count_obj@VEnvironment@gol@@@std@@@8 100d3bdc     gameOfLife.obj
 0003:00000c1c       ??_R0?AVbad_alloc@std@@@8  100d3c1c     libcpmtd:xthrow.obj
 0003:00000c40       ??_R0?AVexception@std@@@8  100d3c40     libcpmtd:xthrow.obj
 0003:00000c64       ??_R0?AVinvalid_argument@std@@@8 100d3c64     libcpmtd:xthrow.obj
 0003:00000c90       ??_R0?AVlogic_error@std@@@8 100d3c90     libcpmtd:xthrow.obj
 0003:00000cb4       ??_R0?AVlength_error@std@@@8 100d3cb4     libcpmtd:xthrow.obj
 0003:00000cdc       ??_R0?AVout_of_range@std@@@8 100d3cdc     libcpmtd:xthrow.obj
 0003:00000d04       ??_R0?AVoverflow_error@std@@@8 100d3d04     libcpmtd:xthrow.obj
 0003:00000d2c       ??_R0?AVruntime_error@std@@@8 100d3d2c     libcpmtd:xthrow.obj
 0003:00000d54       ??_R0?AVbad_function_call@std@@@8 100d3d54     libcpmtd:xthrow.obj
 0003:00000d80       ??_R0?AVregex_error@std@@@8 100d3d80     libcpmtd:xthrow.obj
 0003:00000da4       ??_R0?AVtype_info@@@8      100d3da4     LIBCMTD:std_type_info_static.obj
 0003:00000dc0       ??_R0?AVbad_array_new_length@std@@@8 100d3dc0     LIBCMTD:throw_bad_alloc.obj
 0003:00000df0       ??_R0?AVbad_exception@std@@@8 100d3df0     libvcruntimed:frame.obj
 0003:00000e18       ??_R0?AVDNameNode@@@8      100d3e18     libvcruntimed:undname.obj
 0003:00000e34       ??_R0?AVcharNode@@@8       100d3e34     libvcruntimed:undname.obj
 0003:00000e50       ??_R0?AVpcharNode@@@8      100d3e50     libvcruntimed:undname.obj
 0003:00000e6c       ??_R0?AVpDNameNode@@@8     100d3e6c     libvcruntimed:undname.obj
 0003:00000e8c       ??_R0?AVDNameStatusNode@@@8 100d3e8c     libvcruntimed:undname.obj
 0003:00000eb0       ??_R0?AVpairNode@@@8       100d3eb0     libvcruntimed:undname.obj
 0003:00000fe0       ?_OptionsStorage@?1??__local_stdio_printf_options@@9@4_KA 100d3fe0     gameOfLife.obj
 0003:00000fec       ?env@node@@3V?$shared_ptr@VEnvironment@gol@@@std@@A 100d3fec     gameOfLife.obj
 0003:00000ff8       __hmod__node_exe           100d3ff8     node:node.exe
 0003:000010f0       ___encodedKERNEL32Functions 100d40f0     libcpmtd:winapisupp.obj
 0003:000011b0       ___scrt_current_native_startup_state 100d41b0     LIBCMTD:utility.obj
 0003:000011b4       ___scrt_native_startup_lock 100d41b4     LIBCMTD:utility.obj
 0003:000011dc       ___isa_available           100d41dc     LIBCMTD:_cpu_disp_.obj
 0003:000011e0       ___favor                   100d41e0     LIBCMTD:_cpu_disp_.obj
 0003:000011e8       ___scrt_debugger_hook_flag 100d41e8     LIBCMTD:utility_desktop.obj
 0003:000015b8       ?__type_info_root_node@@3U__type_info_node@@A 100d45b8     LIBCMTD:tncleanup.obj
 0003:000015c8       ?_OptionsStorage@?1??__local_stdio_scanf_options@@9@4_KA 100d45c8     LIBCMTD:default_local_stdio_options.obj
 0003:000015dc       ___pPurecall               100d45dc     libvcruntimed:purevirt_data.obj
 0003:00001610       ?g_OutOfMemoryExceptionCallback@@3P6GPAXXZA 100d4610     libvcruntimed:frame.obj
 0003:00001678       ?pArgList@UnDecorator@@0PAVReplicator@@A 100d4678     libvcruntimed:undname.obj
 0003:0000167c       ?pZNameList@UnDecorator@@0PAVReplicator@@A 100d467c     libvcruntimed:undname.obj
 0003:00001680       ?pTemplateArgList@UnDecorator@@0PAVReplicator@@A 100d4680     libvcruntimed:undname.obj
 0003:00001684       ?gName@UnDecorator@@0PBDB  100d4684     libvcruntimed:undname.obj
 0003:00001688       ?name@UnDecorator@@0PBDB   100d4688     libvcruntimed:undname.obj
 0003:0000168c       ?outputString@UnDecorator@@0PADA 100d468c     libvcruntimed:undname.obj
 0003:00001690       ?maxStringLength@UnDecorator@@0HA 100d4690     libvcruntimed:undname.obj
 0003:00001694       ?disableFlags@UnDecorator@@0KA 100d4694     libvcruntimed:undname.obj
 0003:00001698       ?fExplicitTemplateParams@UnDecorator@@0_NA 100d4698     libvcruntimed:undname.obj
 0003:00001699       ?fGetTemplateArgumentList@UnDecorator@@0_NA 100d4699     libvcruntimed:undname.obj
 0003:0000169c       ?m_pGetParameter@UnDecorator@@0P6APADJ@ZA 100d469c     libvcruntimed:undname.obj
 0003:00001720       ?nodes@?1??make@DNameStatusNode@@SAPAV2@W4DNameStatus@@@Z@4PAV2@A 100d4720     libvcruntimed:undname.obj
 0003:0000175c       ??_B?1??make@DNameStatusNode@@SAPAV1@W4DNameStatus@@@Z@51 100d475c     libvcruntimed:undname.obj
 0003:00001904       __pfnDumpClient            100d4904     libucrtd:debug_heap.obj
 0003:00001918       __environ_table            100d4918     libucrtd:environment_initialization.obj
 0003:0000191c       __wenviron_table           100d491c     libucrtd:environment_initialization.obj
 0003:00001924       ___dcrt_initial_wide_environment 100d4924     libucrtd:environment_initialization.obj
 0003:00001928       ___dcrt_initial_narrow_environment 100d4928     libucrtd:environment_initialization.obj
 0003:0000192c       ___acrt_atexit_table       100d492c     libucrtd:onexit.obj
 0003:0000193c       ___acrt_at_quick_exit_table 100d493c     libucrtd:onexit.obj
 0003:0000194c       ___acrt_locale_changed_data 100d494c     libucrtd:wsetlocale.obj
 0003:00001950       ___acrt_current_locale_data 100d4950     libucrtd:nlsdata.obj
 0003:00001954       __nstream                  100d4954     libucrtd:_file.obj
 0003:00001958       ___piob                    100d4958     libucrtd:_file.obj
 0003:00001960       __cflush                   100d4960     libucrtd:_file.obj
 0003:00001968       ___acrt_stdout_buffer      100d4968     libucrtd:_sftbuf.obj
 0003:0000196c       ___acrt_stderr_buffer      100d496c     libucrtd:_sftbuf.obj
 0003:00001970       ___pioinfo                 100d4970     libucrtd:ioinit.obj
 0003:00001bd8       __nhandle                  100d4bd8     libucrtd:ioinit.obj
 0003:00001bdc       __pReportHookListW         100d4bdc     libucrtd:dbgrptt.obj
 0003:00001be0       __pfnReportHook            100d4be0     libucrtd:dbgrptt.obj
 0003:00001be4       __pReportHookList          100d4be4     libucrtd:dbgrptt.obj
 0003:00002478       ___acrt_heap               100d5478     libucrtd:heap_handle.obj
 0003:0000247c       ___mbcodepage              100d547c     libucrtd:mbctype.obj
 0003:00002480       ___ismbcodepage            100d5480     libucrtd:mbctype.obj
 0003:00002484       ___mbulinfo                100d5484     libucrtd:mbctype.obj
 0003:00002498       ___mblocalename            100d5498     libucrtd:mbctype.obj
 0003:000024a0       ___argc                    100d54a0     libucrtd:argv_data.obj
 0003:000024a4       ___argv                    100d54a4     libucrtd:argv_data.obj
 0003:000024a8       ___wargv                   100d54a8     libucrtd:argv_data.obj
 0003:000024ac       __acmdln                   100d54ac     libucrtd:argv_data.obj
 0003:000024b0       __wcmdln                   100d54b0     libucrtd:argv_data.obj
 0003:000024b4       __pgmptr                   100d54b4     libucrtd:argv_data.obj
 0003:000024b8       __wpgmptr                  100d54b8     libucrtd:argv_data.obj
 0003:000024c0       ___acrt_lconv_static_null  100d54c0     libucrtd:localeconv.obj
 0003:000024c4       ___acrt_lconv_static_W_null 100d54c4     libucrtd:localeconv.obj
 0003:000024c8       ___fastflag                100d54c8     libucrtd:fp_flags.obj
 0003:000024d0       ?DloadKernel32@@3PAUHINSTANCE__@@A 100d54d0     DelayImp:delayhlp.obj
 0003:000024d4       ?DloadAcquireSRWLockExclusive@@3P6GXPAK@ZA 100d54d4     DelayImp:delayhlp.obj
 0003:000024d8       ?DloadReleaseSRWLockExclusive@@3P6GXPAK@ZA 100d54d8     DelayImp:delayhlp.obj
 0003:000024dc       ?DloadSrwLock@@3KA         100d54dc     DelayImp:delayhlp.obj
 0003:000024e0       ?DloadSectionLockCount@@3KA 100d54e0     DelayImp:delayhlp.obj
 0003:000024e4       ?DloadSectionOldProtection@@3KA 100d54e4     DelayImp:delayhlp.obj
 0003:000024e8       ?DloadSectionCommitPermanent@@3KA 100d54e8     DelayImp:delayhlp.obj
 0003:000024f4       ___pfnDliFailureHook2      100d54f4     DelayImp:delayhk1.obj
 0003:000024f8       ___dyn_tls_init_callback   100d54f8     <common>
 0003:00002504       ___scrt_ucrt_dll_is_in_use 100d5504     <common>
 0003:00002510       __pmatherr                 100d5510     <common>
 0003:0000251c       ___use_sse2_mathfcns       100d551c     <common>
 0004:00000000       __imp__SystemFunction036@8 100d6000     advapi32:ADVAPI32.dll
 0004:00000004       \177ADVAPI32_NULL_THUNK_DATA 100d6004     advapi32:ADVAPI32.dll
 0004:00000030       __imp__EnterCriticalSection@4 100d6030     kernel32:KERNEL32.dll
 0004:00000034       __imp__LeaveCriticalSection@4 100d6034     kernel32:KERNEL32.dll
 0004:00000038       __imp__DeleteCriticalSection@4 100d6038     kernel32:KERNEL32.dll
 0004:0000003c       __imp__SetLastError@4      100d603c     kernel32:KERNEL32.dll
 0004:00000040       __imp__InitializeCriticalSectionAndSpinCount@8 100d6040     kernel32:KERNEL32.dll
 0004:00000044       __imp__CreateEventW@16     100d6044     kernel32:KERNEL32.dll
 0004:00000048       __imp__Sleep@4             100d6048     kernel32:KERNEL32.dll
 0004:0000004c       __imp__TlsAlloc@0          100d604c     kernel32:KERNEL32.dll
 0004:00000050       __imp__TlsGetValue@4       100d6050     kernel32:KERNEL32.dll
 0004:00000054       __imp__TlsSetValue@8       100d6054     kernel32:KERNEL32.dll
 0004:00000058       __imp__TlsFree@4           100d6058     kernel32:KERNEL32.dll
 0004:0000005c       __imp__GetSystemTimeAsFileTime@4 100d605c     kernel32:KERNEL32.dll
 0004:00000060       __imp__GetTickCount@0      100d6060     kernel32:KERNEL32.dll
 0004:00000064       __imp__GetModuleHandleW@4  100d6064     kernel32:KERNEL32.dll
 0004:00000068       __imp__GetProcAddress@8    100d6068     kernel32:KERNEL32.dll
 0004:0000006c       __imp__IsProcessorFeaturePresent@4 100d606c     kernel32:KERNEL32.dll
 0004:00000070       __imp__IsDebuggerPresent@0 100d6070     kernel32:KERNEL32.dll
 0004:00000074       __imp__UnhandledExceptionFilter@4 100d6074     kernel32:KERNEL32.dll
 0004:00000078       __imp__SetUnhandledExceptionFilter@4 100d6078     kernel32:KERNEL32.dll
 0004:0000007c       __imp__GetStartupInfoW@4   100d607c     kernel32:KERNEL32.dll
 0004:00000080       __imp__RaiseException@16   100d6080     kernel32:KERNEL32.dll
 0004:00000084       __imp__MultiByteToWideChar@24 100d6084     kernel32:KERNEL32.dll
 0004:00000088       __imp__WideCharToMultiByte@32 100d6088     kernel32:KERNEL32.dll
 0004:0000008c       __imp__GetCurrentProcess@0 100d608c     kernel32:KERNEL32.dll
 0004:00000090       __imp__TerminateProcess@8  100d6090     kernel32:KERNEL32.dll
 0004:00000094       __imp__QueryPerformanceCounter@4 100d6094     kernel32:KERNEL32.dll
 0004:00000098       __imp__GetCurrentProcessId@0 100d6098     kernel32:KERNEL32.dll
 0004:0000009c       __imp__GetCurrentThreadId@0 100d609c     kernel32:KERNEL32.dll
 0004:000000a0       __imp__InitializeSListHead@4 100d60a0     kernel32:KERNEL32.dll
 0004:000000a4       __imp__GetLastError@0      100d60a4     kernel32:KERNEL32.dll
 0004:000000a8       __imp__HeapAlloc@12        100d60a8     kernel32:KERNEL32.dll
 0004:000000ac       __imp__HeapFree@12         100d60ac     kernel32:KERNEL32.dll
 0004:000000b0       __imp__GetProcessHeap@0    100d60b0     kernel32:KERNEL32.dll
 0004:000000b4       __imp__VirtualQuery@12     100d60b4     kernel32:KERNEL32.dll
 0004:000000b8       __imp__FreeLibrary@4       100d60b8     kernel32:KERNEL32.dll
 0004:000000bc       __imp__RtlUnwind@16        100d60bc     kernel32:KERNEL32.dll
 0004:000000c0       __imp__GetModuleFileNameW@12 100d60c0     kernel32:KERNEL32.dll
 0004:000000c4       __imp__InterlockedPushEntrySList@8 100d60c4     kernel32:KERNEL32.dll
 0004:000000c8       __imp__InterlockedFlushSList@4 100d60c8     kernel32:KERNEL32.dll
 0004:000000cc       __imp__LoadLibraryExW@12   100d60cc     kernel32:KERNEL32.dll
 0004:000000d0       __imp__EncodePointer@4     100d60d0     kernel32:KERNEL32.dll
 0004:000000d4       __imp__GetModuleFileNameA@12 100d60d4     kernel32:KERNEL32.dll
 0004:000000d8       __imp__GetStdHandle@4      100d60d8     kernel32:KERNEL32.dll
 0004:000000dc       __imp__GetFileType@4       100d60dc     kernel32:KERNEL32.dll
 0004:000000e0       __imp__WriteConsoleW@20    100d60e0     kernel32:KERNEL32.dll
 0004:000000e4       __imp__HeapValidate@12     100d60e4     kernel32:KERNEL32.dll
 0004:000000e8       __imp__GetSystemInfo@4     100d60e8     kernel32:KERNEL32.dll
 0004:000000ec       __imp__ExitProcess@4       100d60ec     kernel32:KERNEL32.dll
 0004:000000f0       __imp__GetCurrentThread@0  100d60f0     kernel32:KERNEL32.dll
 0004:000000f4       __imp__GetStringTypeW@16   100d60f4     kernel32:KERNEL32.dll
 0004:000000f8       __imp__GetACP@0            100d60f8     kernel32:KERNEL32.dll
 0004:000000fc       __imp__WriteFile@20        100d60fc     kernel32:KERNEL32.dll
 0004:00000100       __imp__OutputDebugStringA@4 100d6100     kernel32:KERNEL32.dll
 0004:00000104       __imp__OutputDebugStringW@4 100d6104     kernel32:KERNEL32.dll
 0004:00000108       __imp__CloseHandle@4       100d6108     kernel32:KERNEL32.dll
 0004:0000010c       __imp__WaitForSingleObjectEx@12 100d610c     kernel32:KERNEL32.dll
 0004:00000110       __imp__CreateThread@24     100d6110     kernel32:KERNEL32.dll
 0004:00000114       __imp__SetConsoleCtrlHandler@8 100d6114     kernel32:KERNEL32.dll
 0004:00000118       __imp__GetDateFormatW@24   100d6118     kernel32:KERNEL32.dll
 0004:0000011c       __imp__GetTimeFormatW@24   100d611c     kernel32:KERNEL32.dll
 0004:00000120       __imp__CompareStringW@24   100d6120     kernel32:KERNEL32.dll
 0004:00000124       __imp__LCMapStringW@24     100d6124     kernel32:KERNEL32.dll
 0004:00000128       __imp__GetLocaleInfoW@16   100d6128     kernel32:KERNEL32.dll
 0004:0000012c       __imp__IsValidLocale@8     100d612c     kernel32:KERNEL32.dll
 0004:00000130       __imp__GetUserDefaultLCID@0 100d6130     kernel32:KERNEL32.dll
 0004:00000134       __imp__EnumSystemLocalesW@8 100d6134     kernel32:KERNEL32.dll
 0004:00000138       __imp__HeapReAlloc@16      100d6138     kernel32:KERNEL32.dll
 0004:0000013c       __imp__HeapSize@12         100d613c     kernel32:KERNEL32.dll
 0004:00000140       __imp__HeapQueryInformation@20 100d6140     kernel32:KERNEL32.dll
 0004:00000144       __imp__IsValidCodePage@4   100d6144     kernel32:KERNEL32.dll
 0004:00000148       __imp__GetOEMCP@0          100d6148     kernel32:KERNEL32.dll
 0004:0000014c       __imp__GetCPInfo@8         100d614c     kernel32:KERNEL32.dll
 0004:00000150       __imp__GetEnvironmentStringsW@0 100d6150     kernel32:KERNEL32.dll
 0004:00000154       __imp__FreeEnvironmentStringsW@4 100d6154     kernel32:KERNEL32.dll
 0004:00000158       __imp__SetEnvironmentVariableA@8 100d6158     kernel32:KERNEL32.dll
 0004:0000015c       __imp__SetEnvironmentVariableW@8 100d615c     kernel32:KERNEL32.dll
 0004:00000160       __imp__GetCommandLineA@0   100d6160     kernel32:KERNEL32.dll
 0004:00000164       __imp__GetCommandLineW@0   100d6164     kernel32:KERNEL32.dll
 0004:00000168       __imp__SetStdHandle@8      100d6168     kernel32:KERNEL32.dll
 0004:0000016c       __imp__FlushFileBuffers@4  100d616c     kernel32:KERNEL32.dll
 0004:00000170       __imp__GetConsoleCP@0      100d6170     kernel32:KERNEL32.dll
 0004:00000174       __imp__GetConsoleMode@8    100d6174     kernel32:KERNEL32.dll
 0004:00000178       __imp__SetFilePointerEx@20 100d6178     kernel32:KERNEL32.dll
 0004:0000017c       __imp__DecodePointer@4     100d617c     kernel32:KERNEL32.dll
 0004:00000180       __imp__CreateFileW@28      100d6180     kernel32:KERNEL32.dll
 0004:00000184       __imp__GetModuleHandleExW@12 100d6184     kernel32:KERNEL32.dll
 0004:00000188       __imp__GetModuleHandleA@4  100d6188     kernel32:KERNEL32.dll
 0004:0000018c       __imp__VirtualProtect@16   100d618c     kernel32:KERNEL32.dll
 0004:00000190       __imp__LoadLibraryExA@12   100d6190     kernel32:KERNEL32.dll
 0004:00000194       \177KERNEL32_NULL_THUNK_DATA 100d6194     kernel32:KERNEL32.dll
 0004:00000204       __IMPORT_DESCRIPTOR_KERNEL32 100d6204     kernel32:KERNEL32.dll
 0004:00000218       __IMPORT_DESCRIPTOR_ADVAPI32 100d6218     advapi32:ADVAPI32.dll
 0004:0000022c       __NULL_IMPORT_DESCRIPTOR   100d622c     kernel32:KERNEL32.dll
 0005:00000000       __DELAY_IMPORT_DESCRIPTOR_node_exe 100d7000     node:node.exe
 0005:00000020       __NULL_DELAY_IMPORT_DESCRIPTOR 100d7020     node:node.exe
 0005:0000008c       \177node_NULL_THUNK_DATA_DLN 100d708c     node:node.exe
 0005:000000c4       __imp_??0HandleScope@v8@@QAE@PAVIsolate@1@@Z 100d70c4     node:node.exe
 0005:000000c8       __imp_??1HandleScope@v8@@QAE@XZ 100d70c8     node:node.exe
 0005:000000cc       __imp_?IsString@Value@v8@@QBE_NXZ 100d70cc     node:node.exe
 0005:000000d0       __imp_?IsNumber@Value@v8@@QBE_NXZ 100d70d0     node:node.exe
 0005:000000d4       __imp_?NumberValue@Value@v8@@QBENXZ 100d70d4     node:node.exe
 0005:000000d8       __imp_?NewFromUtf8@String@v8@@SA?AV?$Local@VString@v8@@@2@PAVIsolate@2@PBDW4NewStringType@12@H@Z 100d70d8     node:node.exe
 0005:000000dc       __imp_??0Utf8Value@String@v8@@QAE@V?$Local@VValue@v8@@@2@@Z 100d70dc     node:node.exe
 0005:000000e0       __imp_??1Utf8Value@String@v8@@QAE@XZ 100d70e0     node:node.exe
 0005:000000e4       __imp_??DUtf8Value@String@v8@@QAEPADXZ 100d70e4     node:node.exe
 0005:000000e8       __imp_?New@Number@v8@@SA?AV?$Local@VNumber@v8@@@2@PAVIsolate@2@N@Z 100d70e8     node:node.exe
 0005:000000ec       __imp_?Set@Object@v8@@QAE_NV?$Local@VValue@v8@@@2@0@Z 100d70ec     node:node.exe
 0005:000000f0       __imp_?New@Object@v8@@SA?AV?$Local@VObject@v8@@@2@PAVIsolate@2@@Z 100d70f0     node:node.exe
 0005:000000f4       __imp_?SetName@Function@v8@@QAEXV?$Local@VString@v8@@@2@@Z 100d70f4     node:node.exe
 0005:000000f8       __imp_?New@FunctionTemplate@v8@@SA?AV?$Local@VFunctionTemplate@v8@@@2@PAVIsolate@2@P6AXABV?$FunctionCallbackInfo@VValue@v8@@@2@@ZV?$Local@VValue@v8@@@2@V?$Local@VSignature@v8@@@2@H@Z 100d70f8     node:node.exe
 0005:000000fc       __imp_?GetFunction@FunctionTemplate@v8@@QAE?AV?$Local@VFunction@v8@@@2@XZ 100d70fc     node:node.exe
 0005:00000100       __imp_?TypeError@Exception@v8@@SA?AV?$Local@VValue@v8@@@2@V?$Local@VString@v8@@@2@@Z 100d7100     node:node.exe
 0005:00000104       __imp_?GetCurrent@Isolate@v8@@SAPAV12@XZ 100d7104     node:node.exe
 0005:00000108       __imp_?ThrowException@Isolate@v8@@QAE?AV?$Local@VValue@v8@@@2@V32@@Z 100d7108     node:node.exe
 0005:0000010c       __imp__node_module_register 100d710c     node:node.exe
 0005:00000110       \177node_NULL_THUNK_DATA_DLA 100d7110     node:node.exe
 0005:000006ec       \177node_NULL_THUNK_DATA_DLB 100d76ec     node:node.exe
 0007:00000000       ___guard_check_icall_fptr  100d9000     LIBCMTD:guard_support.obj

 Exports

  ordinal    name

        1    __register_gol_
               exported name: _register_gol_
